Archive member included to satisfy reference by file (symbol)

c:/siliconlabs/simplicitystudio/v5/developer/toolchains/gnu_arm/12.2.rel1_2023.7/bin/../lib/gcc/arm-none-eabi/12.2.1/thumb/v7e-m+fp/softfp\libgcc.a(_arm_muldf3.o)
                              ./wiseconnect3_sdk_3.1.4/components/device/silabs/si91x/mcu/drivers/systemlevel/src/rsi_pll.o (__aeabi_dmul)
c:/siliconlabs/simplicitystudio/v5/developer/toolchains/gnu_arm/12.2.rel1_2023.7/bin/../lib/gcc/arm-none-eabi/12.2.1/thumb/v7e-m+fp/softfp\libgcc.a(_arm_addsubdf3.o)
                              ./wiseconnect3_sdk_3.1.4/components/device/silabs/si91x/mcu/drivers/systemlevel/src/rsi_pll.o (__aeabi_dsub)
c:/siliconlabs/simplicitystudio/v5/developer/toolchains/gnu_arm/12.2.rel1_2023.7/bin/../lib/gcc/arm-none-eabi/12.2.1/thumb/v7e-m+fp/softfp\libgcc.a(_arm_muldivdf3.o)
                              ./wiseconnect3_sdk_3.1.4/components/device/silabs/si91x/mcu/drivers/peripheral_drivers/src/clock_update.o (__aeabi_ddiv)
c:/siliconlabs/simplicitystudio/v5/developer/toolchains/gnu_arm/12.2.rel1_2023.7/bin/../lib/gcc/arm-none-eabi/12.2.1/thumb/v7e-m+fp/softfp\libgcc.a(_arm_fixunsdfsi.o)
                              ./wiseconnect3_sdk_3.1.4/components/device/silabs/si91x/mcu/drivers/peripheral_drivers/src/clock_update.o (__aeabi_d2uiz)
c:/siliconlabs/simplicitystudio/v5/developer/toolchains/gnu_arm/12.2.rel1_2023.7/bin/../lib/gcc/arm-none-eabi/12.2.1/thumb/v7e-m+fp/softfp\libgcc.a(_aeabi_uldivmod.o)
                              ./third_party/FatFs/src/ff.o (__aeabi_uldivmod)
c:/siliconlabs/simplicitystudio/v5/developer/toolchains/gnu_arm/12.2.rel1_2023.7/bin/../lib/gcc/arm-none-eabi/12.2.1/thumb/v7e-m+fp/softfp\libgcc.a(_udivmoddi4.o)
                              c:/siliconlabs/simplicitystudio/v5/developer/toolchains/gnu_arm/12.2.rel1_2023.7/bin/../lib/gcc/arm-none-eabi/12.2.1/thumb/v7e-m+fp/softfp\libgcc.a(_aeabi_uldivmod.o) (__udivmoddi4)
c:/siliconlabs/simplicitystudio/v5/developer/toolchains/gnu_arm/12.2.rel1_2023.7/bin/../lib/gcc/arm-none-eabi/12.2.1/thumb/v7e-m+fp/softfp\libgcc.a(_dvmd_tls.o)
                              c:/siliconlabs/simplicitystudio/v5/developer/toolchains/gnu_arm/12.2.rel1_2023.7/bin/../lib/gcc/arm-none-eabi/12.2.1/thumb/v7e-m+fp/softfp\libgcc.a(_aeabi_uldivmod.o) (__aeabi_ldiv0)
c:/siliconlabs/simplicitystudio/v5/developer/toolchains/gnu_arm/12.2.rel1_2023.7/bin/../lib/gcc/arm-none-eabi/12.2.1/thumb/v7e-m+fp/softfp\libc_nano.a(libc_a-exit.o)
                              c:/siliconlabs/simplicitystudio/v5/developer/toolchains/gnu_arm/12.2.rel1_2023.7/bin/../lib/gcc/arm-none-eabi/12.2.1/thumb/v7e-m+fp/softfp/crt0.o (exit)
c:/siliconlabs/simplicitystudio/v5/developer/toolchains/gnu_arm/12.2.rel1_2023.7/bin/../lib/gcc/arm-none-eabi/12.2.1/thumb/v7e-m+fp/softfp\libc_nano.a(libc_a-malloc.o)
                              ./app.o (malloc)
c:/siliconlabs/simplicitystudio/v5/developer/toolchains/gnu_arm/12.2.rel1_2023.7/bin/../lib/gcc/arm-none-eabi/12.2.1/thumb/v7e-m+fp/softfp\libc_nano.a(libc_a-mallocr.o)
                              c:/siliconlabs/simplicitystudio/v5/developer/toolchains/gnu_arm/12.2.rel1_2023.7/bin/../lib/gcc/arm-none-eabi/12.2.1/thumb/v7e-m+fp/softfp\libc_nano.a(libc_a-malloc.o) (_malloc_r)
c:/siliconlabs/simplicitystudio/v5/developer/toolchains/gnu_arm/12.2.rel1_2023.7/bin/../lib/gcc/arm-none-eabi/12.2.1/thumb/v7e-m+fp/softfp\libc_nano.a(libc_a-mlock.o)
                              c:/siliconlabs/simplicitystudio/v5/developer/toolchains/gnu_arm/12.2.rel1_2023.7/bin/../lib/gcc/arm-none-eabi/12.2.1/thumb/v7e-m+fp/softfp\libc_nano.a(libc_a-mallocr.o) (__malloc_lock)
c:/siliconlabs/simplicitystudio/v5/developer/toolchains/gnu_arm/12.2.rel1_2023.7/bin/../lib/gcc/arm-none-eabi/12.2.1/thumb/v7e-m+fp/softfp\libc_nano.a(libc_a-strtoul.o)
                              ./wiseconnect3_sdk_3.1.4/components/common/src/sl_utility.o (strtoul)
c:/siliconlabs/simplicitystudio/v5/developer/toolchains/gnu_arm/12.2.rel1_2023.7/bin/../lib/gcc/arm-none-eabi/12.2.1/thumb/v7e-m+fp/softfp\libc_nano.a(libc_a-ctype_.o)
                              ./gecko_sdk_4.4.1/platform/common/src/sl_string.o (_ctype_)
c:/siliconlabs/simplicitystudio/v5/developer/toolchains/gnu_arm/12.2.rel1_2023.7/bin/../lib/gcc/arm-none-eabi/12.2.1/thumb/v7e-m+fp/softfp\libc_nano.a(libc_a-nano-vfprintf_float.o)
                              (_printf_float)
c:/siliconlabs/simplicitystudio/v5/developer/toolchains/gnu_arm/12.2.rel1_2023.7/bin/../lib/gcc/arm-none-eabi/12.2.1/thumb/v7e-m+fp/softfp\libc_nano.a(libc_a-nano-vfprintf_i.o)
                              c:/siliconlabs/simplicitystudio/v5/developer/toolchains/gnu_arm/12.2.rel1_2023.7/bin/../lib/gcc/arm-none-eabi/12.2.1/thumb/v7e-m+fp/softfp\libc_nano.a(libc_a-nano-vfprintf_float.o) (_printf_common)
c:/siliconlabs/simplicitystudio/v5/developer/toolchains/gnu_arm/12.2.rel1_2023.7/bin/../lib/gcc/arm-none-eabi/12.2.1/thumb/v7e-m+fp/softfp\libc_nano.a(libc_a-findfp.o)
[...]
Memory Configuration

Name             Origin             Length             Attributes
rom              0x08202000         0x001fe000         xr
ram              0x00000400         0x0002fc00         xrw
udma0            0x0002fc00         0x00000400         xrw
udma1            0x24061c00         0x00000400         xrw
*default*        0x00000000         0xffffffff

Linker script and memory map

LOAD c:/siliconlabs/simplicitystudio/v5/developer/toolchains/gnu_arm/12.2.rel1_2023.7/bin/../lib/gcc/arm-none-eabi/12.2.1/thumb/v7e-m+fp/softfp/crti.o
LOAD c:/siliconlabs/simplicitystudio/v5/developer/toolchains/gnu_arm/12.2.rel1_2023.7/bin/../lib/gcc/arm-none-eabi/12.2.1/thumb/v7e-m+fp/softfp/crtbegin.o
LOAD c:/siliconlabs/simplicitystudio/v5/developer/toolchains/gnu_arm/12.2.rel1_2023.7/bin/../lib/gcc/arm-none-eabi/12.2.1/thumb/v7e-m+fp/softfp/crt0.o
START GROUP
LOAD ./app.o
LOAD ./ble_device_info.o
LOAD ./ble_main_task.o
LOAD ./ble_subtasks.o
LOAD ./fatfs_sdcard.o
LOAD ./main.o
LOAD ./wifi_app.o
LOAD ./wifi_throughput.o
LOAD ./autogen/sl_event_handler.o
LOAD ./gecko_sdk_4.4.1/platform/CMSIS/RTOS2/Source/os_systick.o
LOAD ./gecko_sdk_4.4.1/platform/common/src/sl_assert.o
LOAD ./gecko_sdk_4.4.1/platform/common/src/sl_slist.o
LOAD ./gecko_sdk_4.4.1/platform/common/src/sl_string.o
LOAD ./gecko_sdk_4.4.1/platform/common/src/sli_cmsis_os2_ext_task_register.o
LOAD ./gecko_sdk_4.4.1/platform/service/system/src/sl_system_init.o
LOAD ./gecko_sdk_4.4.1/platform/service/system/src/sl_system_kernel.o
LOAD ./gecko_sdk_4.4.1/util/third_party/freertos/cmsis/Source/cmsis_os2.o
LOAD ./gecko_sdk_4.4.1/util/third_party/freertos/kernel/croutine.o
LOAD ./gecko_sdk_4.4.1/util/third_party/freertos/kernel/event_groups.o
LOAD ./gecko_sdk_4.4.1/util/third_party/freertos/kernel/list.o
LOAD ./gecko_sdk_4.4.1/util/third_party/freertos/kernel/queue.o
LOAD ./gecko_sdk_4.4.1/util/third_party/freertos/kernel/stream_buffer.o
LOAD ./gecko_sdk_4.4.1/util/third_party/freertos/kernel/tasks.o
LOAD ./gecko_sdk_4.4.1/util/third_party/freertos/kernel/timers.o
LOAD ./gecko_sdk_4.4.1/util/third_party/freertos/kernel/portable/GCC/ARM_CM4F/port.o
LOAD ./gecko_sdk_4.4.1/util/third_party/freertos/kernel/portable/MemMang/heap_4.o
LOAD ./third_party/FatFs/port/fatfs.o
LOAD ./third_party/FatFs/port/user_diskio.o
LOAD ./third_party/FatFs/port/user_diskio_spi.o
LOAD ./third_party/FatFs/src/diskio.o
LOAD ./third_party/FatFs/src/ff.o
LOAD ./third_party/FatFs/src/ff_gen_drv.o
LOAD ./third_party/FatFs/src/ffunicode.o
LOAD ./third_party/FatFs/src/option/syscall.o
LOAD ./wiseconnect3_sdk_3.1.4/components/board/silabs/src/rsi_board.o
LOAD ./wiseconnect3_sdk_3.1.4/components/common/src/sl_utility.o
LOAD ./wiseconnect3_sdk_3.1.4/components/device/silabs/si91x/mcu/core/chip/src/iPMU_prog/iPMU_dotc/ipmu_apis.o
LOAD ./wiseconnect3_sdk_3.1.4/components/device/silabs/si91x/mcu/core/chip/src/iPMU_prog/iPMU_dotc/rsi_system_config_917.o
LOAD ./wiseconnect3_sdk_3.1.4/components/device/silabs/si91x/mcu/core/chip/src/rsi_deepsleep_soc.o
LOAD ./wiseconnect3_sdk_3.1.4/components/device/silabs/si91x/mcu/core/chip/src/rsi_ps_ram_func.o
LOAD ./wiseconnect3_sdk_3.1.4/components/device/silabs/si91x/mcu/core/chip/src/startup_si91x.o
LOAD ./wiseconnect3_sdk_3.1.4/components/device/silabs/si91x/mcu/core/chip/src/system_si91x.o
LOAD ./wiseconnect3_sdk_3.1.4/components/device/silabs/si91x/mcu/core/common/src/rsi_debug.o
LOAD ./wiseconnect3_sdk_3.1.4/components/device/silabs/si91x/mcu/core/common/src/sl_si91x_stack_object_declare.o
LOAD ./wiseconnect3_sdk_3.1.4/components/device/silabs/si91x/mcu/core/common/src/syscalls.o
LOAD ./wiseconnect3_sdk_3.1.4/components/device/silabs/si91x/mcu/core/config/src/rsi_nvic_priorities_config.o
LOAD ./wiseconnect3_sdk_3.1.4/components/device/silabs/si91x/mcu/drivers/cmsis_driver/GSPI.o
LOAD ./wiseconnect3_sdk_3.1.4/components/device/silabs/si91x/mcu/drivers/cmsis_driver/UDMA.o
LOAD ./wiseconnect3_sdk_3.1.4/components/device/silabs/si91x/mcu/drivers/cmsis_driver/USART.o
LOAD ./wiseconnect3_sdk_3.1.4/components/device/silabs/si91x/mcu/drivers/peripheral_drivers/src/clock_update.o
LOAD ./wiseconnect3_sdk_3.1.4/components/device/silabs/si91x/mcu/drivers/peripheral_drivers/src/rsi_crc.o
LOAD ./wiseconnect3_sdk_3.1.4/components/device/silabs/si91x/mcu/drivers/peripheral_drivers/src/rsi_egpio.o
LOAD ./wiseconnect3_sdk_3.1.4/components/device/silabs/si91x/mcu/drivers/peripheral_drivers/src/rsi_gspi.o
LOAD ./wiseconnect3_sdk_3.1.4/components/device/silabs/si91x/mcu/drivers/peripheral_drivers/src/rsi_sdioh.o
LOAD ./wiseconnect3_sdk_3.1.4/components/device/silabs/si91x/mcu/drivers/peripheral_drivers/src/rsi_timers.o
LOAD ./wiseconnect3_sdk_3.1.4/components/device/silabs/si91x/mcu/drivers/peripheral_drivers/src/rsi_udma.o
LOAD ./wiseconnect3_sdk_3.1.4/components/device/silabs/si91x/mcu/drivers/peripheral_drivers/src/rsi_udma_wrapper.o
LOAD ./wiseconnect3_sdk_3.1.4/components/device/silabs/si91x/mcu/drivers/peripheral_drivers/src/rsi_usart.o
LOAD ./wiseconnect3_sdk_3.1.4/components/device/silabs/si91x/mcu/drivers/systemlevel/src/rsi_ipmu.o
LOAD ./wiseconnect3_sdk_3.1.4/components/device/silabs/si91x/mcu/drivers/systemlevel/src/rsi_pll.o
LOAD ./wiseconnect3_sdk_3.1.4/components/device/silabs/si91x/mcu/drivers/systemlevel/src/rsi_power_save.o
LOAD ./wiseconnect3_sdk_3.1.4/components/device/silabs/si91x/mcu/drivers/systemlevel/src/rsi_rtc.o
LOAD ./wiseconnect3_sdk_3.1.4/components/device/silabs/si91x/mcu/drivers/systemlevel/src/rsi_temp_sensor.o
LOAD ./wiseconnect3_sdk_3.1.4/components/device/silabs/si91x/mcu/drivers/systemlevel/src/rsi_time_period.o
LOAD ./wiseconnect3_sdk_3.1.4/components/device/silabs/si91x/mcu/drivers/systemlevel/src/rsi_ulpss_clk.o
LOAD ./wiseconnect3_sdk_3.1.4/components/device/silabs/si91x/mcu/drivers/systemlevel/src/rsi_wwdt.o
LOAD ./wiseconnect3_sdk_3.1.4/components/device/silabs/si91x/mcu/drivers/unified_api/src/sl_si91x_dma.o
LOAD ./wiseconnect3_sdk_3.1.4/components/device/silabs/si91x/mcu/drivers/unified_api/src/sl_si91x_driver_gpio.o
LOAD ./wiseconnect3_sdk_3.1.4/components/device/silabs/si91x/mcu/drivers/unified_api/src/sl_si91x_gspi.o
LOAD ./wiseconnect3_sdk_3.1.4/components/device/silabs/si91x/mcu/drivers/unified_peripheral_drivers/src/sl_si91x_peripheral_gpio.o
LOAD ./wiseconnect3_sdk_3.1.4/components/device/silabs/si91x/wireless/ahb_interface/src/rsi_hal_mcu_m4_ram.o
LOAD ./wiseconnect3_sdk_3.1.4/components/device/silabs/si91x/wireless/ahb_interface/src/rsi_hal_mcu_m4_rom.o
LOAD ./wiseconnect3_sdk_3.1.4/components/device/silabs/si91x/wireless/ahb_interface/src/sl_platform.o
LOAD ./wiseconnect3_sdk_3.1.4/components/device/silabs/si91x/wireless/ahb_interface/src/sl_platform_wireless.o
LOAD ./wiseconnect3_sdk_3.1.4/components/device/silabs/si91x/wireless/ahb_interface/src/sl_si91x_bus.o
LOAD ./wiseconnect3_sdk_3.1.4/components/device/silabs/si91x/wireless/ahb_interface/src/sl_si91x_timer.o
LOAD ./wiseconnect3_sdk_3.1.4/components/device/silabs/si91x/wireless/ahb_interface/src/sli_siwx917_soc.o
LOAD ./wiseconnect3_sdk_3.1.4/components/device/silabs/si91x/wireless/ble/src/rsi_ble_gap_apis.o
LOAD ./wiseconnect3_sdk_3.1.4/components/device/silabs/si91x/wireless/ble/src/rsi_ble_gatt_apis.o
LOAD ./wiseconnect3_sdk_3.1.4/components/device/silabs/si91x/wireless/ble/src/rsi_bt_ble.o
LOAD ./wiseconnect3_sdk_3.1.4/components/device/silabs/si91x/wireless/ble/src/rsi_bt_common_apis.o
LOAD ./wiseconnect3_sdk_3.1.4/components/device/silabs/si91x/wireless/ble/src/rsi_common_apis.o
LOAD ./wiseconnect3_sdk_3.1.4/components/device/silabs/si91x/wireless/ble/src/rsi_utils.o
LOAD ./wiseconnect3_sdk_3.1.4/components/device/silabs/si91x/wireless/ble/src/sl_si91x_ble.o
LOAD ./wiseconnect3_sdk_3.1.4/components/device/silabs/si91x/wireless/errno/src/sl_si91x_errno.o
LOAD ./wiseconnect3_sdk_3.1.4/components/device/silabs/si91x/wireless/firmware_upgrade/firmware_upgradation.o
LOAD ./wiseconnect3_sdk_3.1.4/components/device/silabs/si91x/wireless/host_mcu/si91x/siwx917_soc_ncp_host.o
LOAD ./wiseconnect3_sdk_3.1.4/components/device/silabs/si91x/wireless/icmp/sl_net_ping.o
LOAD ./wiseconnect3_sdk_3.1.4/components/device/silabs/si91x/wireless/memory/malloc_buffers.o
LOAD ./wiseconnect3_sdk_3.1.4/components/device/silabs/si91x/wireless/sl_net/src/sl_net_rsi_utility.o
LOAD ./wiseconnect3_sdk_3.1.4/components/device/silabs/si91x/wireless/sl_net/src/sl_net_si91x_integration_handler.o
LOAD ./wiseconnect3_sdk_3.1.4/components/device/silabs/si91x/wireless/sl_net/src/sl_si91x_net_credentials.o
LOAD ./wiseconnect3_sdk_3.1.4/components/device/silabs/si91x/wireless/sl_net/src/sl_si91x_net_internal_stack.o
LOAD ./wiseconnect3_sdk_3.1.4/components/device/silabs/si91x/wireless/socket/src/sl_si91x_socket_utility.o
LOAD ./wiseconnect3_sdk_3.1.4/components/device/silabs/si91x/wireless/src/sl_rsi_utility.o
LOAD ./wiseconnect3_sdk_3.1.4/components/device/silabs/si91x/wireless/src/sl_si91x_callback_framework.o
LOAD ./wiseconnect3_sdk_3.1.4/components/device/silabs/si91x/wireless/src/sl_si91x_driver.o
LOAD ./wiseconnect3_sdk_3.1.4/components/device/silabs/si91x/wireless/src/sl_si91x_http_client_callback_framework.o
LOAD ./wiseconnect3_sdk_3.1.4/components/device/silabs/si91x/wireless/threading/sli_si91x_multithreaded.o
LOAD ./wiseconnect3_sdk_3.1.4/components/protocol/wifi/si91x/sl_wifi.o
LOAD ./wiseconnect3_sdk_3.1.4/components/protocol/wifi/src/sl_wifi_callback_framework.o
LOAD ./wiseconnect3_sdk_3.1.4/components/service/bsd_socket/si91x_socket/sl_si91x_bsd_socket.o
LOAD ./wiseconnect3_sdk_3.1.4/components/service/http_client/si91x_socket/sl_http_client.o
LOAD ./wiseconnect3_sdk_3.1.4/components/service/network_manager/si91x/sl_net_si91x.o
LOAD ./wiseconnect3_sdk_3.1.4/components/service/network_manager/src/sl_net.o
LOAD ./wiseconnect3_sdk_3.1.4/components/service/network_manager/src/sl_net_basic_certificate_store.o
LOAD ./wiseconnect3_sdk_3.1.4/components/service/network_manager/src/sl_net_basic_credentials.o
LOAD ./wiseconnect3_sdk_3.1.4/components/service/network_manager/src/sl_net_basic_profiles.o
LOAD c:/siliconlabs/simplicitystudio/v5/developer/toolchains/gnu_arm/12.2.rel1_2023.7/bin/../lib/gcc/arm-none-eabi/12.2.1/thumb/v7e-m+fp/softfp\libgcc.a
LOAD c:/siliconlabs/simplicitystudio/v5/developer/toolchains/gnu_arm/12.2.rel1_2023.7/bin/../lib/gcc/arm-none-eabi/12.2.1/thumb/v7e-m+fp/softfp\libnosys.a
LOAD c:/siliconlabs/simplicitystudio/v5/developer/toolchains/gnu_arm/12.2.rel1_2023.7/bin/../lib/gcc/arm-none-eabi/12.2.1/thumb/v7e-m+fp/softfp\libc_nano.a
LOAD c:/siliconlabs/simplicitystudio/v5/developer/toolchains/gnu_arm/12.2.rel1_2023.7/bin/../lib/gcc/arm-none-eabi/12.2.1/thumb/v7e-m+fp/softfp\libm.a
END GROUP
START GROUP
LOAD c:/siliconlabs/simplicitystudio/v5/developer/toolchains/gnu_arm/12.2.rel1_2023.7/bin/../lib/gcc/arm-none-eabi/12.2.1/thumb/v7e-m+fp/softfp\libgcc.a
LOAD c:/siliconlabs/simplicitystudio/v5/developer/toolchains/gnu_arm/12.2.rel1_2023.7/bin/../lib/gcc/arm-none-eabi/12.2.1/thumb/v7e-m+fp/softfp\libc_nano.a
LOAD c:/siliconlabs/simplicitystudio/v5/developer/toolchains/gnu_arm/12.2.rel1_2023.7/bin/../lib/gcc/arm-none-eabi/12.2.1/thumb/v7e-m+fp/softfp\libnosys.a
END GROUP
START GROUP
LOAD c:/siliconlabs/simplicitystudio/v5/developer/toolchains/gnu_arm/12.2.rel1_2023.7/bin/../lib/gcc/arm-none-eabi/12.2.1/thumb/v7e-m+fp/softfp\libgcc.a
LOAD c:/siliconlabs/simplicitystudio/v5/developer/toolchains/gnu_arm/12.2.rel1_2023.7/bin/../lib/gcc/arm-none-eabi/12.2.1/thumb/v7e-m+fp/softfp\libg_nano.a
LOAD c:/siliconlabs/simplicitystudio/v5/developer/toolchains/gnu_arm/12.2.rel1_2023.7/bin/../lib/gcc/arm-none-eabi/12.2.1/thumb/v7e-m+fp/softfp\libc_nano.a
END GROUP
START GROUP
LOAD c:/siliconlabs/simplicitystudio/v5/developer/toolchains/gnu_arm/12.2.rel1_2023.7/bin/../lib/gcc/arm-none-eabi/12.2.1/thumb/v7e-m+fp/softfp\libgcc.a
LOAD c:/siliconlabs/simplicitystudio/v5/developer/toolchains/gnu_arm/12.2.rel1_2023.7/bin/../lib/gcc/arm-none-eabi/12.2.1/thumb/v7e-m+fp/softfp\libc_nano.a
END GROUP
LOAD c:/siliconlabs/simplicitystudio/v5/developer/toolchains/gnu_arm/12.2.rel1_2023.7/bin/../lib/gcc/arm-none-eabi/12.2.1/thumb/v7e-m+fp/softfp/crtend.o
LOAD c:/siliconlabs/simplicitystudio/v5/developer/toolchains/gnu_arm/12.2.rel1_2023.7/bin/../lib/gcc/arm-none-eabi/12.2.1/thumb/v7e-m+fp/softfp/crtn.o

.text           0x08202000    0x23657
 *(.isr_vector)
 .isr_vector    0x08202000      0x16c ./wiseconnect3_sdk_3.1.4/components/device/silabs/si91x/mcu/core/chip/src/startup_si91x.o
                0x08202000                __Vectors
 *(.reset_handler)
 .reset_handler
                0x0820216c       0x30 ./wiseconnect3_sdk_3.1.4/components/device/silabs/si91x/mcu/core/chip/src/startup_si91x.o
                0x0820216c                RSI_Default_Reset_Handler
 *(EXCLUDE_FILE(*heap_*.o *port.o *sl_rsi_utility.o *malloc_buffers.o *freertos_umm_malloc_host.o *cmsis_os2.o *timers.o *tasks.o *stream_buffer.o *queue.o *list.o *event_groups.o *croutine.o *rsi_hal_mcu_m4_rom.o *rsi_hal_mcu_m4_ram.o *rsi_deepsleep_soc.o *sli_si91x_multithreaded.o *sl_si91x_driver.o *sl_si91x_bus.o) .text*)
 .text.deregister_tm_clones
                0x0820219c       0x1c c:/siliconlabs/simplicitystudio/v5/developer/toolchains/gnu_arm/12.2.rel1_2023.7/bin/../lib/gcc/arm-none-eabi/12.2.1/thumb/v7e-m+fp/softfp/crtbegin.o
 .text.register_tm_clones
                0x082021b8       0x24 c:/siliconlabs/simplicitystudio/v5/developer/toolchains/gnu_arm/12.2.rel1_2023.7/bin/../lib/gcc/arm-none-eabi/12.2.1/thumb/v7e-m+fp/softfp/crtbegin.o
 .text.__do_global_dtors_aux
                0x082021dc       0x28 c:/siliconlabs/simplicitystudio/v5/developer/toolchains/gnu_arm/12.2.rel1_2023.7/bin/../lib/gcc/arm-none-eabi/12.2.1/thumb/v7e-m+fp/softfp/crtbegin.o
 .text.frame_dummy
                0x08202204       0x24 c:/siliconlabs/simplicitystudio/v5/developer/toolchains/gnu_arm/12.2.rel1_2023.7/bin/../lib/gcc/arm-none-eabi/12.2.1/thumb/v7e-m+fp/softfp/crtbegin.o
 .text.reset_http_handles
                0x08202228       0x14 ./app.o
 .text.http_get_response_callback_handler
                0x0820223c      0x128 ./app.o
                0x0820223c                http_get_response_callback_handler
 .text.http_response_status
                0x08202364       0x1a ./app.o
                0x08202364                http_response_status
 *fill*         0x0820237e        0x2 
 .text.http_client_application
                0x08202380      0x1d4 ./app.o
                0x08202380                http_client_application
 .text.application_start
                0x08202554       0x98 ./app.o
 .text.app_init
                0x082025ec       0x18 ./app.o
                0x082025ec                app_init
 .text.dmesg    0x08202604      0x11c ./fatfs_sdcard.o
                0x08202604                dmesg
 .text.ls       0x08202720       0xd8 ./fatfs_sdcard.o
                0x08202720                ls
 .text.sdcard_write
                0x082027f8       0x18 ./fatfs_sdcard.o
                0x082027f8                sdcard_write
 .text.fatfs_sdcard_init
                0x08202810       0xc8 ./fatfs_sdcard.o
                0x08202810                fatfs_sdcard_init
 .text.sdcard_ends
                0x082028d8       0x40 ./fatfs_sdcard.o
                0x082028d8                sdcard_ends
 .text.main     0x08202918       0x12 ./main.o
                0x08202918                main
 .text.sl_platform_init
                0x0820292a       0x1c ./autogen/sl_event_handler.o
                0x0820292a                sl_platform_init
 .text.sl_kernel_start
                0x08202946        0x8 ./autogen/sl_event_handler.o
                0x08202946                sl_kernel_start
 .text.sl_driver_init
                0x0820294e        0x2 ./autogen/sl_event_handler.o
                0x0820294e                sl_driver_init
 .text.sl_service_init
                0x08202950        0x2 ./autogen/sl_event_handler.o
                0x08202950                sl_service_init
 .text.sl_stack_init
                0x08202952        0x2 ./autogen/sl_event_handler.o
                0x08202952                sl_stack_init
 .text.sl_internal_app_init
                0x08202954        0x2 ./autogen/sl_event_handler.o
                0x08202954                sl_internal_app_init
 .text.sli_osTaskRegisterSetValue
                0x08202956        0xa ./gecko_sdk_4.4.1/platform/common/src/sli_cmsis_os2_ext_task_register.o
                0x08202956                sli_osTaskRegisterSetValue
 .text.sl_system_init
                0x08202960       0x18 ./gecko_sdk_4.4.1/platform/service/system/src/sl_system_init.o
                0x08202960                sl_system_init
 .text.sl_system_kernel_start
                0x08202978        0x8 ./gecko_sdk_4.4.1/platform/service/system/src/sl_system_kernel.o
                0x08202978                sl_system_kernel_start
 .text.MX_FATFS_Init
                0x08202980       0x1c ./third_party/FatFs/port/fatfs.o
                0x08202980                MX_FATFS_Init
 .text.get_fattime
                0x0820299c        0x4 ./third_party/FatFs/port/fatfs.o
                0x0820299c                get_fattime
 .text.USER_initialize
                0x082029a0        0x8 ./third_party/FatFs/port/user_diskio.o
                0x082029a0                USER_initialize
 .text.USER_status
                0x082029a8        0x8 ./third_party/FatFs/port/user_diskio.o
                0x082029a8                USER_status
 .text.USER_read
                0x082029b0        0x8 ./third_party/FatFs/port/user_diskio.o
                0x082029b0                USER_read
 .text.USER_write
                0x082029b8        0x8 ./third_party/FatFs/port/user_diskio.o
                0x082029b8                USER_write
 .text.USER_ioctl
                0x082029c0        0x8 ./third_party/FatFs/port/user_diskio.o
                0x082029c0                USER_ioctl
 .text.init_clock_configuration_structure
                0x082029c8       0x34 ./third_party/FatFs/port/user_diskio_spi.o
 .text.callback_event
                0x082029fc       0x20 ./third_party/FatFs/port/user_diskio_spi.o
 .text.sl_gpio_set_pin_output
                0x08202a1c       0x8c ./third_party/FatFs/port/user_diskio_spi.o
 .text.init_gspi
                0x08202aa8      0x1c4 ./third_party/FatFs/port/user_diskio_spi.o
 .text.sl_gpio_clear_pin_output
                0x08202c6c       0x8c ./third_party/FatFs/port/user_diskio_spi.o
 .text.xchg_spi
                0x08202cf8       0x50 ./third_party/FatFs/port/user_diskio_spi.o
 .text.wait_ready
                0x08202d48       0x2a ./third_party/FatFs/port/user_diskio_spi.o
 *fill*         0x08202d72        0x2 
 .text.despiselect
                0x08202d74       0x18 ./third_party/FatFs/port/user_diskio_spi.o
 .text.spiselect
                0x08202d8c       0x30 ./third_party/FatFs/port/user_diskio_spi.o
 .text.send_cmd
                0x08202dbc       0x8c ./third_party/FatFs/port/user_diskio_spi.o
 .text.xmit_spi_multi
                0x08202e48       0x44 ./third_party/FatFs/port/user_diskio_spi.o
 .text.xmit_datablock
                0x08202e8c       0x4c ./third_party/FatFs/port/user_diskio_spi.o
 .text.rcvr_spi_multi
                0x08202ed8       0x50 ./third_party/FatFs/port/user_diskio_spi.o
 .text.SPI_Timer_On
                0x08202f28       0x1c ./third_party/FatFs/port/user_diskio_spi.o
                0x08202f28                SPI_Timer_On
 .text.SPI_Timer_Status
                0x08202f44       0x24 ./third_party/FatFs/port/user_diskio_spi.o
                0x08202f44                SPI_Timer_Status
 .text.rcvr_datablock
                0x08202f68       0x40 ./third_party/FatFs/port/user_diskio_spi.o
 .text.USER_SPI_initialize
                0x08202fa8      0x19c ./third_party/FatFs/port/user_diskio_spi.o
                0x08202fa8                USER_SPI_initialize
 .text.USER_SPI_status
                0x08203144       0x14 ./third_party/FatFs/port/user_diskio_spi.o
                0x08203144                USER_SPI_status
 .text.USER_SPI_read
                0x08203158       0x8c ./third_party/FatFs/port/user_diskio_spi.o
                0x08203158                USER_SPI_read
 .text.USER_SPI_write
                0x082031e4       0xb0 ./third_party/FatFs/port/user_diskio_spi.o
                0x082031e4                USER_SPI_write
 .text.USER_SPI_ioctl
                0x08203294      0x224 ./third_party/FatFs/port/user_diskio_spi.o
                0x08203294                USER_SPI_ioctl
 .text.disk_status
                0x082034b8       0x18 ./third_party/FatFs/src/diskio.o
                0x082034b8                disk_status
 .text.disk_initialize
                0x082034d0       0x28 ./third_party/FatFs/src/diskio.o
                0x082034d0                disk_initialize
 .text.disk_read
                0x082034f8       0x18 ./third_party/FatFs/src/diskio.o
                0x082034f8                disk_read
 .text.disk_write
                0x08203510       0x18 ./third_party/FatFs/src/diskio.o
                0x08203510                disk_write
 .text.disk_ioctl
                0x08203528       0x18 ./third_party/FatFs/src/diskio.o
                0x08203528                disk_ioctl
 .text.ld_word  0x08203540        0xa ./third_party/FatFs/src/ff.o
 .text.ld_dword
                0x0820354a       0x16 ./third_party/FatFs/src/ff.o
 .text.ld_qword
                0x08203560       0x44 ./third_party/FatFs/src/ff.o
 .text.st_word  0x082035a4        0x8 ./third_party/FatFs/src/ff.o
 .text.st_dword
                0x082035ac       0x14 ./third_party/FatFs/src/ff.o
 .text.st_qword
                0x082035c0       0x26 ./third_party/FatFs/src/ff.o
 .text.dbc_1st  0x082035e6       0x24 ./third_party/FatFs/src/ff.o
 .text.dbc_2nd  0x0820360a       0x2c ./third_party/FatFs/src/ff.o
 .text.clst2sect
                0x08203636       0x18 ./third_party/FatFs/src/ff.o
 .text.ld_clust
                0x0820364e       0x26 ./third_party/FatFs/src/ff.o
 .text.st_clust
                0x08203674       0x26 ./third_party/FatFs/src/ff.o
 *fill*         0x0820369a        0x2 
 .text.pick_lfn
                0x0820369c       0x88 ./third_party/FatFs/src/ff.o
 .text.put_lfn  0x08203724       0x78 ./third_party/FatFs/src/ff.o
 .text.sum_sfn  0x0820379c       0x20 ./third_party/FatFs/src/ff.o
 .text.xdir_sum
                0x082037bc       0x32 ./third_party/FatFs/src/ff.o
 .text.init_alloc_info
                0x082037ee       0x2e ./third_party/FatFs/src/ff.o
 .text.get_ldnumber
                0x0820381c       0x56 ./third_party/FatFs/src/ff.o
 .text.validate
                0x08203872       0x46 ./third_party/FatFs/src/ff.o
 .text.sync_window
                0x082038b8       0x48 ./third_party/FatFs/src/ff.o
 .text.move_window
                0x08203900       0x36 ./third_party/FatFs/src/ff.o
 *fill*         0x08203936        0x2 
 .text.check_fs
                0x08203938       0xf4 ./third_party/FatFs/src/ff.o
 .text.find_volume
                0x08203a2c       0x70 ./third_party/FatFs/src/ff.o
 .text.mount_volume
                0x08203a9c      0x480 ./third_party/FatFs/src/ff.o
 .text.find_bitmap
                0x08203f1c       0x88 ./third_party/FatFs/src/ff.o
 .text.change_bitmap
                0x08203fa4       0x76 ./third_party/FatFs/src/ff.o
 .text.put_fat  0x0820401a      0x126 ./third_party/FatFs/src/ff.o
 .text.fill_last_frag
                0x08204140       0x30 ./third_party/FatFs/src/ff.o
 .text.fill_first_frag
                0x08204170       0x32 ./third_party/FatFs/src/ff.o
 .text.get_fat  0x082041a2      0x16e ./third_party/FatFs/src/ff.o
 .text.dir_sdi  0x08204310       0xc0 ./third_party/FatFs/src/ff.o
 .text.create_chain
                0x082043d0      0x1f0 ./third_party/FatFs/src/ff.o
 .text.remove_chain
                0x082045c0      0x15c ./third_party/FatFs/src/ff.o
 .text.dir_clear
                0x0820471c       0x52 ./third_party/FatFs/src/ff.o
 .text.dir_next
                0x0820476e       0xdc ./third_party/FatFs/src/ff.o
 .text.dir_alloc
                0x0820484a       0x64 ./third_party/FatFs/src/ff.o
 .text.dir_remove
                0x082048ae       0x62 ./third_party/FatFs/src/ff.o
 .text.xname_sum
                0x08204910       0x38 ./third_party/FatFs/src/ff.o
 .text.create_xdir
                0x08204948       0x82 ./third_party/FatFs/src/ff.o
 *fill*         0x082049ca        0x2 
 .text.cmp_lfn  0x082049cc       0xa0 ./third_party/FatFs/src/ff.o
 .text.put_utf  0x08204a6c       0x38 ./third_party/FatFs/src/ff.o
 .text.get_fileinfo
                0x08204aa4      0x20a ./third_party/FatFs/src/ff.o
 .text.tchar2uni
                0x08204cae       0x4a ./third_party/FatFs/src/ff.o
 .text.create_name
                0x08204cf8      0x240 ./third_party/FatFs/src/ff.o
 .text.load_xdir
                0x08204f38      0x160 ./third_party/FatFs/src/ff.o
 .text.dir_read
                0x08205098       0xea ./third_party/FatFs/src/ff.o
 .text.dir_find
                0x08205182      0x172 ./third_party/FatFs/src/ff.o
 .text.follow_path
                0x082052f4       0xb4 ./third_party/FatFs/src/ff.o
 .text.load_obj_xdir
                0x082053a8       0x34 ./third_party/FatFs/src/ff.o
 .text.gen_numname
                0x082053dc       0xca ./third_party/FatFs/src/ff.o
 .text.store_xdir
                0x082054a6       0x86 ./third_party/FatFs/src/ff.o
 .text.dir_register
                0x0820552c      0x204 ./third_party/FatFs/src/ff.o
 .text.sync_fs  0x08205730       0x8c ./third_party/FatFs/src/ff.o
 .text.f_mount  0x082057bc       0x58 ./third_party/FatFs/src/ff.o
                0x082057bc                f_mount
 .text.f_open   0x08205814      0x2c0 ./third_party/FatFs/src/ff.o
                0x08205814                f_open
 .text.f_write  0x08205ad4      0x230 ./third_party/FatFs/src/ff.o
                0x08205ad4                f_write
 .text.f_sync   0x08205d04      0x148 ./third_party/FatFs/src/ff.o
                0x08205d04                f_sync
 .text.f_close  0x08205e4c       0x20 ./third_party/FatFs/src/ff.o
                0x08205e4c                f_close
 .text.f_opendir
                0x08205e6c       0x96 ./third_party/FatFs/src/ff.o
                0x08205e6c                f_opendir
 .text.f_readdir
                0x08205f02       0x4e ./third_party/FatFs/src/ff.o
                0x08205f02                f_readdir
 .text.f_unlink
                0x08205f50       0xdc ./third_party/FatFs/src/ff.o
                0x08205f50                f_unlink
 .text.FATFS_LinkDriverEx
                0x0820602c       0x3c ./third_party/FatFs/src/ff_gen_drv.o
                0x0820602c                FATFS_LinkDriverEx
 .text.FATFS_LinkDriver
                0x08206068        0xa ./third_party/FatFs/src/ff_gen_drv.o
                0x08206068                FATFS_LinkDriver
 *fill*         0x08206072        0x2 
 .text.ff_uni2oem
                0x08206074       0x64 ./third_party/FatFs/src/ffunicode.o
                0x08206074                ff_uni2oem
 .text.ff_oem2uni
                0x082060d8       0x54 ./third_party/FatFs/src/ffunicode.o
                0x082060d8                ff_oem2uni
 .text.ff_wtoupper
                0x0820612c       0xa0 ./third_party/FatFs/src/ffunicode.o
                0x0820612c                ff_wtoupper
 .text.RSI_Board_Init
                0x082061cc       0x74 ./wiseconnect3_sdk_3.1.4/components/board/silabs/src/rsi_board.o
                0x082061cc                RSI_Board_Init
 .text.sl_debug_log
                0x08206240        0x6 ./wiseconnect3_sdk_3.1.4/components/common/src/sl_utility.o
                0x08206240                sl_debug_log
 .text.update_ipmu_data
                0x08206246       0x64 ./wiseconnect3_sdk_3.1.4/components/device/silabs/si91x/mcu/core/chip/src/iPMU_prog/iPMU_dotc/ipmu_apis.o
                0x08206246                update_ipmu_data
 *fill*         0x082062aa        0x2 
 .text.init_ipmu_calib_data
                0x082062ac       0x60 ./wiseconnect3_sdk_3.1.4/components/device/silabs/si91x/mcu/core/chip/src/iPMU_prog/iPMU_dotc/ipmu_apis.o
                0x082062ac                init_ipmu_calib_data
 .text.program_ipmu_data
                0x0820630c       0x60 ./wiseconnect3_sdk_3.1.4/components/device/silabs/si91x/mcu/core/chip/src/iPMU_prog/iPMU_dotc/ipmu_apis.o
                0x0820630c                program_ipmu_data
 .text.ipmu_init_mcu
                0x0820636c       0x90 ./wiseconnect3_sdk_3.1.4/components/device/silabs/si91x/mcu/core/chip/src/iPMU_prog/iPMU_dotc/ipmu_apis.o
                0x0820636c                ipmu_init_mcu
 .text.ipmu_init
                0x082063fc       0xa8 ./wiseconnect3_sdk_3.1.4/components/device/silabs/si91x/mcu/core/chip/src/iPMU_prog/iPMU_dotc/ipmu_apis.o
                0x082063fc                ipmu_init
 .text.configure_ipmu_mode
                0x082064a4       0x3c ./wiseconnect3_sdk_3.1.4/components/device/silabs/si91x/mcu/core/chip/src/iPMU_prog/iPMU_dotc/ipmu_apis.o
                0x082064a4                configure_ipmu_mode
 .text.Default_Handler
                0x082064e0        0x2 ./wiseconnect3_sdk_3.1.4/components/device/silabs/si91x/mcu/core/chip/src/startup_si91x.o
                0x082064e0                DebugMon_Handler
                0x082064e0                IRQ031_Handler
                0x082064e0                HardFault_Handler
                0x082064e0                IRQ095_Handler
                0x082064e0                IRQ065_Handler
                0x082064e0                IRQ093_Handler
                0x082064e0                NMI_Handler
                0x082064e0                IRQ011_Handler
                0x082064e0                IRQ014_Handler
                0x082064e0                IRQ027_Handler
                0x082064e0                IRQ062_Handler
                0x082064e0                IRQ097_Handler
                0x082064e0                IRQ088_Handler
                0x082064e0                IRQ034_Handler
                0x082064e0                IRQ071_Handler
                0x082064e0                IRQ067_Handler
                0x082064e0                IRQ070_Handler
                0x082064e0                IRQ077_Handler
                0x082064e0                IRQ028_Handler
                0x082064e0                IRQ063_Handler
                0x082064e0                IRQ076_Handler
                0x082064e0                UsageFault_Handler
                0x082064e0                IRQ023_Handler
                0x082064e0                IRQ009_Handler
                0x082064e0                IRQ048_Handler
                0x082064e0                IRQ083_Handler
                0x082064e0                IRQ089_Handler
                0x082064e0                HIF1_IRQHandler
                0x082064e0                IRQ037_Handler
                0x082064e0                IRQ072_Handler
                0x082064e0                IRQ008_Handler
                0x082064e0                IRQ047_Handler
                0x082064e0                IRQ082_Handler
                0x082064e0                IRQ022_Handler
                0x082064e0                IRQ007_Handler
                0x082064e0                IRQ081_Handler
                0x082064e0                IRQ004_Handler
                0x082064e0                IRQ043_Handler
                0x082064e0                IRQ002_Handler
                0x082064e0                IRQ041_Handler
                0x082064e0                IRQ098_Handler
                0x082064e0                IRQ000_Handler
                0x082064e0                IRQ005_Handler
                0x082064e0                IRQ044_Handler
                0x082064e0                IRQ049_Handler
                0x082064e0                IRQ084_Handler
                0x082064e0                IRQ006_Handler
                0x082064e0                IRQ045_Handler
                0x082064e0                IRQ080_Handler
                0x082064e0                IRQ015_Handler
                0x082064e0                MemManage_Handler
                0x082064e0                HIF2_IRQHandler
                0x082064e0                IRQ001_Handler
                0x082064e0                IRQ040_Handler
                0x082064e0                IRQ068_Handler
                0x082064e0                IRQ096_Handler
                0x082064e0                IRQ003_Handler
                0x082064e0                IRQ042_Handler
                0x082064e0                IRQ024_Handler
                0x082064e0                IRQ016_Handler
                0x082064e0                IRQ090_Handler
                0x082064e0                IRQ078_Handler
                0x082064e0                IRQ032_Handler
                0x082064e0                IRQ020_Handler
                0x082064e0                IRQ073_Handler
                0x082064e0                IRQ092_Handler
                0x082064e0                IRQ087_Handler
                0x082064e0                IRQ026_Handler
                0x082064e0                IRQ061_Handler
                0x082064e0                IRQ025_Handler
                0x082064e0                IRQ060_Handler
                0x082064e0                IRQ085_Handler
                0x082064e0                IRQ013_Handler
                0x082064e0                IRQ030_Handler
                0x082064e0                IRQ029_Handler
                0x082064e0                IRQ064_Handler
                0x082064e0                IRQ066_Handler
                0x082064e0                IRQ017_Handler
                0x082064e0                IRQ091_Handler
                0x082064e0                BusFault_Handler
                0x082064e0                IRQ069_Handler
                0x082064e0                IRQ075_Handler
                0x082064e0                IRQ086_Handler
                0x082064e0                IRQ094_Handler
                0x082064e0                IRQ079_Handler
 .text.Default_Reset_Handler
                0x082064e2        0x2 ./wiseconnect3_sdk_3.1.4/components/device/silabs/si91x/mcu/core/chip/src/startup_si91x.o
                0x082064e2                Default_Reset_Handler
                0x082064e2                Reset_Handler
 .text.Copy_Table
                0x082064e4       0x24 ./wiseconnect3_sdk_3.1.4/components/device/silabs/si91x/mcu/core/chip/src/startup_si91x.o
                0x082064e4                Copy_Table
 .text.Zero_Table
                0x08206508       0x1c ./wiseconnect3_sdk_3.1.4/components/device/silabs/si91x/mcu/core/chip/src/startup_si91x.o
                0x08206508                Zero_Table
 .text.SystemCoreClockUpdate
                0x08206524      0x108 ./wiseconnect3_sdk_3.1.4/components/device/silabs/si91x/mcu/core/chip/src/system_si91x.o
                0x08206524                SystemCoreClockUpdate
 .text.fpuInit  0x0820662c       0x48 ./wiseconnect3_sdk_3.1.4/components/device/silabs/si91x/mcu/core/chip/src/system_si91x.o
                0x0820662c                fpuInit
 .text.SystemInit
                0x08206674       0xe8 ./wiseconnect3_sdk_3.1.4/components/device/silabs/si91x/mcu/core/chip/src/system_si91x.o
                0x08206674                SystemInit
 .text.ARM_UART_SignalEvent
                0x0820675c       0x2c ./wiseconnect3_sdk_3.1.4/components/device/silabs/si91x/mcu/core/common/src/rsi_debug.o
                0x0820675c                ARM_UART_SignalEvent
 .text.Board_Debug_Init
                0x08206788       0x4c ./wiseconnect3_sdk_3.1.4/components/device/silabs/si91x/mcu/core/common/src/rsi_debug.o
                0x08206788                Board_Debug_Init
 .text.Board_UARTGetChar
                0x082067d4       0x38 ./wiseconnect3_sdk_3.1.4/components/device/silabs/si91x/mcu/core/common/src/rsi_debug.o
                0x082067d4                Board_UARTGetChar
 .text.Board_UARTPutChar
                0x0820680c       0x38 ./wiseconnect3_sdk_3.1.4/components/device/silabs/si91x/mcu/core/common/src/rsi_debug.o
                0x0820680c                Board_UARTPutChar
 .text.read_exclude_space
                0x08206844       0x30 ./wiseconnect3_sdk_3.1.4/components/device/silabs/si91x/mcu/core/common/src/syscalls.o
 .text.scanf_data_format
                0x08206874      0x308 ./wiseconnect3_sdk_3.1.4/components/device/silabs/si91x/mcu/core/common/src/syscalls.o
 .text._getpid  0x08206b7c        0x4 ./wiseconnect3_sdk_3.1.4/components/device/silabs/si91x/mcu/core/common/src/syscalls.o
                0x08206b7c                _getpid
 .text._kill    0x08206b80       0x10 ./wiseconnect3_sdk_3.1.4/components/device/silabs/si91x/mcu/core/common/src/syscalls.o
                0x08206b80                _kill
 .text._exit    0x08206b90        0xc ./wiseconnect3_sdk_3.1.4/components/device/silabs/si91x/mcu/core/common/src/syscalls.o
                0x08206b90                _exit
 .text._write   0x08206b9c       0x1c ./wiseconnect3_sdk_3.1.4/components/device/silabs/si91x/mcu/core/common/src/syscalls.o
                0x08206b9c                _write
 .text._close   0x08206bb8        0x6 ./wiseconnect3_sdk_3.1.4/components/device/silabs/si91x/mcu/core/common/src/syscalls.o
                0x08206bb8                _close
 .text._fstat   0x08206bbe        0xa ./wiseconnect3_sdk_3.1.4/components/device/silabs/si91x/mcu/core/common/src/syscalls.o
                0x08206bbe                _fstat
 .text._isatty  0x08206bc8        0x4 ./wiseconnect3_sdk_3.1.4/components/device/silabs/si91x/mcu/core/common/src/syscalls.o
                0x08206bc8                _isatty
 .text._lseek   0x08206bcc        0x4 ./wiseconnect3_sdk_3.1.4/components/device/silabs/si91x/mcu/core/common/src/syscalls.o
                0x08206bcc                _lseek
 .text._read    0x08206bd0       0x80 ./wiseconnect3_sdk_3.1.4/components/device/silabs/si91x/mcu/core/common/src/syscalls.o
                0x08206bd0                _read
 .text.sl_si91x_device_init_nvic
                0x08206c50       0x34 ./wiseconnect3_sdk_3.1.4/components/device/silabs/si91x/mcu/core/config/src/rsi_nvic_priorities_config.o
                0x08206c50                sl_si91x_device_init_nvic
 .text.GSPI_MASTER_GetVersion
                0x08206c84       0x24 ./wiseconnect3_sdk_3.1.4/components/device/silabs/si91x/mcu/drivers/cmsis_driver/GSPI.o
                0x08206c84                GSPI_MASTER_GetVersion
 .text.GSPI_MASTER_GetCapabilities
                0x08206ca8       0x10 ./wiseconnect3_sdk_3.1.4/components/device/silabs/si91x/mcu/drivers/cmsis_driver/GSPI.o
                0x08206ca8                GSPI_MASTER_GetCapabilities
 .text.GSPI_MASTER_UDMA_Tx_Event
                0x08206cb8       0x10 ./wiseconnect3_sdk_3.1.4/components/device/silabs/si91x/mcu/drivers/cmsis_driver/GSPI.o
                0x08206cb8                GSPI_MASTER_UDMA_Tx_Event
 .text.GSPI_MASTER_UDMA_Rx_Event
                0x08206cc8       0x10 ./wiseconnect3_sdk_3.1.4/components/device/silabs/si91x/mcu/drivers/cmsis_driver/GSPI.o
                0x08206cc8                GSPI_MASTER_UDMA_Rx_Event
 .text.GSPI_MASTER_GetDataCount
                0x08206cd8       0x10 ./wiseconnect3_sdk_3.1.4/components/device/silabs/si91x/mcu/drivers/cmsis_driver/GSPI.o
 .text.GSPI_MASTER_Transfer
                0x08206ce8       0x30 ./wiseconnect3_sdk_3.1.4/components/device/silabs/si91x/mcu/drivers/cmsis_driver/GSPI.o
 .text.GSPI_MASTER_Receive
                0x08206d18       0x2c ./wiseconnect3_sdk_3.1.4/components/device/silabs/si91x/mcu/drivers/cmsis_driver/GSPI.o
 .text.GSPI_MASTER_Send
                0x08206d44       0x2c ./wiseconnect3_sdk_3.1.4/components/device/silabs/si91x/mcu/drivers/cmsis_driver/GSPI.o
 .text.GSPI_MASTER_PowerControl
                0x08206d70       0x10 ./wiseconnect3_sdk_3.1.4/components/device/silabs/si91x/mcu/drivers/cmsis_driver/GSPI.o
 .text.GSPI_MASTER_Uninitialize
                0x08206d80       0x20 ./wiseconnect3_sdk_3.1.4/components/device/silabs/si91x/mcu/drivers/cmsis_driver/GSPI.o
 .text.GSPI_MASTER_Initialize
                0x08206da0       0x30 ./wiseconnect3_sdk_3.1.4/components/device/silabs/si91x/mcu/drivers/cmsis_driver/GSPI.o
 .text.GSPI_GetStatus
                0x08206dd0        0x4 ./wiseconnect3_sdk_3.1.4/components/device/silabs/si91x/mcu/drivers/cmsis_driver/GSPI.o
                0x08206dd0                GSPI_GetStatus
 .text.GSPI_MASTER_GetStatus
                0x08206dd4       0x10 ./wiseconnect3_sdk_3.1.4/components/device/silabs/si91x/mcu/drivers/cmsis_driver/GSPI.o
 .text.RSI_GSPI_SetSlaveSelectNumber
                0x08206de4        0xc ./wiseconnect3_sdk_3.1.4/components/device/silabs/si91x/mcu/drivers/cmsis_driver/GSPI.o
                0x08206de4                RSI_GSPI_SetSlaveSelectNumber
 .text.RSI_GSPI_GetSlaveSelectNumber
                0x08206df0        0xc ./wiseconnect3_sdk_3.1.4/components/device/silabs/si91x/mcu/drivers/cmsis_driver/GSPI.o
                0x08206df0                RSI_GSPI_GetSlaveSelectNumber
 .text.GSPI_MASTER_Control
                0x08206dfc       0x48 ./wiseconnect3_sdk_3.1.4/components/device/silabs/si91x/mcu/drivers/cmsis_driver/GSPI.o
 .text.IRQ046_Handler
                0x08206e44       0x10 ./wiseconnect3_sdk_3.1.4/components/device/silabs/si91x/mcu/drivers/cmsis_driver/GSPI.o
                0x08206e44                IRQ046_Handler
 .text.GSPI_GetFrameLength
                0x08206e54       0x10 ./wiseconnect3_sdk_3.1.4/components/device/silabs/si91x/mcu/drivers/cmsis_driver/GSPI.o
                0x08206e54                GSPI_GetFrameLength
 .text.GSPI_SwapReadWriteByte
                0x08206e64       0x5c ./wiseconnect3_sdk_3.1.4/components/device/silabs/si91x/mcu/drivers/cmsis_driver/GSPI.o
                0x08206e64                GSPI_SwapReadWriteByte
 .text.GSPI_GetInitState
                0x08206ec0       0x10 ./wiseconnect3_sdk_3.1.4/components/device/silabs/si91x/mcu/drivers/cmsis_driver/GSPI.o
                0x08206ec0                GSPI_GetInitState
 .text.gspi_transfer_complete_callback
                0x08206ed0       0x2c ./wiseconnect3_sdk_3.1.4/components/device/silabs/si91x/mcu/drivers/cmsis_driver/GSPI.o
                0x08206ed0                gspi_transfer_complete_callback
 .text.gspi_error_callback
                0x08206efc       0x2c ./wiseconnect3_sdk_3.1.4/components/device/silabs/si91x/mcu/drivers/cmsis_driver/GSPI.o
                0x08206efc                gspi_error_callback
 .text.ARM_USARTx_GetVersion
                0x08206f28       0x24 ./wiseconnect3_sdk_3.1.4/components/device/silabs/si91x/mcu/drivers/cmsis_driver/USART.o
                0x08206f28                ARM_USARTx_GetVersion
 .text.ARM_ULP_UART_GetModemStatus
                0x08206f4c       0x10 ./wiseconnect3_sdk_3.1.4/components/device/silabs/si91x/mcu/drivers/cmsis_driver/USART.o
 .text.ARM_ULP_UART_SetModemControl
                0x08206f5c       0x10 ./wiseconnect3_sdk_3.1.4/components/device/silabs/si91x/mcu/drivers/cmsis_driver/USART.o
 .text.ARM_ULP_UART_GetStatus
                0x08206f6c       0x10 ./wiseconnect3_sdk_3.1.4/components/device/silabs/si91x/mcu/drivers/cmsis_driver/USART.o
 .text.ARM_ULP_UART_Control
                0x08206f7c       0x34 ./wiseconnect3_sdk_3.1.4/components/device/silabs/si91x/mcu/drivers/cmsis_driver/USART.o
 .text.ARM_ULP_UART_GetRxCount
                0x08206fb0       0x10 ./wiseconnect3_sdk_3.1.4/components/device/silabs/si91x/mcu/drivers/cmsis_driver/USART.o
 .text.ARM_ULP_UART_GetTxCount
                0x08206fc0       0x10 ./wiseconnect3_sdk_3.1.4/components/device/silabs/si91x/mcu/drivers/cmsis_driver/USART.o
 .text.ARM_ULP_UART_Transfer
                0x08206fd0       0x7c ./wiseconnect3_sdk_3.1.4/components/device/silabs/si91x/mcu/drivers/cmsis_driver/USART.o
 .text.ARM_ULP_UART_Receive
                0x0820704c       0x58 ./wiseconnect3_sdk_3.1.4/components/device/silabs/si91x/mcu/drivers/cmsis_driver/USART.o
 .text.ARM_ULP_UART_Send
                0x082070a4       0x58 ./wiseconnect3_sdk_3.1.4/components/device/silabs/si91x/mcu/drivers/cmsis_driver/USART.o
 .text.ARM_ULP_UART_PowerControl
                0x082070fc       0x1c ./wiseconnect3_sdk_3.1.4/components/device/silabs/si91x/mcu/drivers/cmsis_driver/USART.o
 .text.ARM_ULP_UART_Uninitialize
                0x08207118       0x20 ./wiseconnect3_sdk_3.1.4/components/device/silabs/si91x/mcu/drivers/cmsis_driver/USART.o
 .text.ARM_ULP_UART_Initialize
                0x08207138       0x30 ./wiseconnect3_sdk_3.1.4/components/device/silabs/si91x/mcu/drivers/cmsis_driver/USART.o
 .text.USART_GetCapabilities
                0x08207168        0x4 ./wiseconnect3_sdk_3.1.4/components/device/silabs/si91x/mcu/drivers/cmsis_driver/USART.o
                0x08207168                USART_GetCapabilities
 .text.ARM_ULP_UART_GetCapabilities
                0x0820716c       0x10 ./wiseconnect3_sdk_3.1.4/components/device/silabs/si91x/mcu/drivers/cmsis_driver/USART.o
 .text.IRQ038_Handler
                0x0820717c       0x10 ./wiseconnect3_sdk_3.1.4/components/device/silabs/si91x/mcu/drivers/cmsis_driver/USART.o
                0x0820717c                IRQ038_Handler
 .text.IRQ039_Handler
                0x0820718c       0x10 ./wiseconnect3_sdk_3.1.4/components/device/silabs/si91x/mcu/drivers/cmsis_driver/USART.o
                0x0820718c                IRQ039_Handler
 .text.RSI_ULPUartHandler
                0x0820719c       0x10 ./wiseconnect3_sdk_3.1.4/components/device/silabs/si91x/mcu/drivers/cmsis_driver/USART.o
                0x0820719c                RSI_ULPUartHandler
 .text.IRQ012_Handler
                0x082071ac       0x10 ./wiseconnect3_sdk_3.1.4/components/device/silabs/si91x/mcu/drivers/cmsis_driver/USART.o
                0x082071ac                IRQ012_Handler
 .text.RSI_CLK_GetBaseClock
                0x082071bc      0x6bc ./wiseconnect3_sdk_3.1.4/components/device/silabs/si91x/mcu/drivers/peripheral_drivers/src/clock_update.o
                0x082071bc                RSI_CLK_GetBaseClock
 .text.egpio_set_dir
                0x08207878       0x10 ./wiseconnect3_sdk_3.1.4/components/device/silabs/si91x/mcu/drivers/peripheral_drivers/src/rsi_egpio.o
                0x08207878                egpio_set_dir
 .text.egpio_set_pin
                0x08207888        0xc ./wiseconnect3_sdk_3.1.4/components/device/silabs/si91x/mcu/drivers/peripheral_drivers/src/rsi_egpio.o
                0x08207888                egpio_set_pin
 .text.egpio_set_pin_mux
                0x08207894       0x10 ./wiseconnect3_sdk_3.1.4/components/device/silabs/si91x/mcu/drivers/peripheral_drivers/src/rsi_egpio.o
                0x08207894                egpio_set_pin_mux
 .text.egpio_host_pads_gpio_mode_enable
                0x082078a4       0x5c ./wiseconnect3_sdk_3.1.4/components/device/silabs/si91x/mcu/drivers/peripheral_drivers/src/rsi_egpio.o
                0x082078a4                egpio_host_pads_gpio_mode_enable
 .text.egpio_pad_selection_enable
                0x08207900       0x30 ./wiseconnect3_sdk_3.1.4/components/device/silabs/si91x/mcu/drivers/peripheral_drivers/src/rsi_egpio.o
                0x08207900                egpio_pad_selection_enable
 .text.egpio_pad_receiver_enable
                0x08207930       0x14 ./wiseconnect3_sdk_3.1.4/components/device/silabs/si91x/mcu/drivers/peripheral_drivers/src/rsi_egpio.o
                0x08207930                egpio_pad_receiver_enable
 .text.egpio_pad_driver_disable_state
                0x08207944       0x18 ./wiseconnect3_sdk_3.1.4/components/device/silabs/si91x/mcu/drivers/peripheral_drivers/src/rsi_egpio.o
                0x08207944                egpio_pad_driver_disable_state
 .text.egpio_ulp_pad_receiver_enable
                0x0820795c       0x14 ./wiseconnect3_sdk_3.1.4/components/device/silabs/si91x/mcu/drivers/peripheral_drivers/src/rsi_egpio.o
                0x0820795c                egpio_ulp_pad_receiver_enable
 .text.egpio_ulp_pad_driver_disable_state
                0x08207970       0x5c ./wiseconnect3_sdk_3.1.4/components/device/silabs/si91x/mcu/drivers/peripheral_drivers/src/rsi_egpio.o
                0x08207970                egpio_ulp_pad_driver_disable_state
 .text.__NVIC_EnableIRQ
                0x082079cc       0x1c ./wiseconnect3_sdk_3.1.4/components/device/silabs/si91x/mcu/drivers/peripheral_drivers/src/rsi_gspi.o
 .text.__NVIC_DisableIRQ
                0x082079e8       0x24 ./wiseconnect3_sdk_3.1.4/components/device/silabs/si91x/mcu/drivers/peripheral_drivers/src/rsi_gspi.o
 .text.GSPI_Initialize
                0x08207a0c      0x308 ./wiseconnect3_sdk_3.1.4/components/device/silabs/si91x/mcu/drivers/peripheral_drivers/src/rsi_gspi.o
                0x08207a0c                GSPI_Initialize
 .text.GSPI_Uninitialize
                0x08207d14       0x38 ./wiseconnect3_sdk_3.1.4/components/device/silabs/si91x/mcu/drivers/peripheral_drivers/src/rsi_gspi.o
                0x08207d14                GSPI_Uninitialize
 .text.GSPI_PowerControl
                0x08207d4c       0xe8 ./wiseconnect3_sdk_3.1.4/components/device/silabs/si91x/mcu/drivers/peripheral_drivers/src/rsi_gspi.o
                0x08207d4c                GSPI_PowerControl
 .text.GSPI_Control
                0x08207e34      0x368 ./wiseconnect3_sdk_3.1.4/components/device/silabs/si91x/mcu/drivers/peripheral_drivers/src/rsi_gspi.o
                0x08207e34                GSPI_Control
 .text.GSPI_Send
                0x0820819c      0x288 ./wiseconnect3_sdk_3.1.4/components/device/silabs/si91x/mcu/drivers/peripheral_drivers/src/rsi_gspi.o
                0x0820819c                GSPI_Send
 .text.GSPI_Receive
                0x08208424      0x350 ./wiseconnect3_sdk_3.1.4/components/device/silabs/si91x/mcu/drivers/peripheral_drivers/src/rsi_gspi.o
                0x08208424                GSPI_Receive
 .text.GSPI_Transfer
                0x08208774      0x3bc ./wiseconnect3_sdk_3.1.4/components/device/silabs/si91x/mcu/drivers/peripheral_drivers/src/rsi_gspi.o
                0x08208774                GSPI_Transfer
 .text.GSPI_GetDataCount
                0x08208b30       0x14 ./wiseconnect3_sdk_3.1.4/components/device/silabs/si91x/mcu/drivers/peripheral_drivers/src/rsi_gspi.o
                0x08208b30                GSPI_GetDataCount
 .text.GSPI_UDMA_Tx_Event
                0x08208b44       0x28 ./wiseconnect3_sdk_3.1.4/components/device/silabs/si91x/mcu/drivers/peripheral_drivers/src/rsi_gspi.o
                0x08208b44                GSPI_UDMA_Tx_Event
 .text.GSPI_UDMA_Rx_Event
                0x08208b6c       0x1a ./wiseconnect3_sdk_3.1.4/components/device/silabs/si91x/mcu/drivers/peripheral_drivers/src/rsi_gspi.o
                0x08208b6c                GSPI_UDMA_Rx_Event
 *fill*         0x08208b86        0x2 
 .text.GSPI_IRQHandler
                0x08208b88      0x184 ./wiseconnect3_sdk_3.1.4/components/device/silabs/si91x/mcu/drivers/peripheral_drivers/src/rsi_gspi.o
                0x08208b88                GSPI_IRQHandler
 .text.udma_init
                0x08208d0c       0x36 ./wiseconnect3_sdk_3.1.4/components/device/silabs/si91x/mcu/drivers/peripheral_drivers/src/rsi_udma.o
                0x08208d0c                udma_init
 *fill*         0x08208d42        0x2 
 .text.udma_setup_channel_transfer
                0x08208d44      0x20c ./wiseconnect3_sdk_3.1.4/components/device/silabs/si91x/mcu/drivers/peripheral_drivers/src/rsi_udma.o
                0x08208d44                udma_setup_channel_transfer
 .text.RSI_UDMA_SetSingleRequest
                0x08208f50       0x10 ./wiseconnect3_sdk_3.1.4/components/device/silabs/si91x/mcu/drivers/peripheral_drivers/src/rsi_udma.o
                0x08208f50                RSI_UDMA_SetSingleRequest
 .text.udma_interrupt_enable
                0x08208f60       0x58 ./wiseconnect3_sdk_3.1.4/components/device/silabs/si91x/mcu/drivers/peripheral_drivers/src/rsi_udma.o
                0x08208f60                udma_interrupt_enable
 .text.RSI_UDMA_AckEnable
                0x08208fb8       0x6c ./wiseconnect3_sdk_3.1.4/components/device/silabs/si91x/mcu/drivers/peripheral_drivers/src/rsi_udma.o
                0x08208fb8                RSI_UDMA_AckEnable
 .text.udma_setup_channel
                0x08209024       0x80 ./wiseconnect3_sdk_3.1.4/components/device/silabs/si91x/mcu/drivers/peripheral_drivers/src/rsi_udma.o
                0x08209024                udma_setup_channel
 .text.__NVIC_EnableIRQ
                0x082090a4       0x1c ./wiseconnect3_sdk_3.1.4/components/device/silabs/si91x/mcu/drivers/peripheral_drivers/src/rsi_udma_wrapper.o
 .text.__NVIC_DisableIRQ
                0x082090c0       0x24 ./wiseconnect3_sdk_3.1.4/components/device/silabs/si91x/mcu/drivers/peripheral_drivers/src/rsi_udma_wrapper.o
 .text.uDMAx_Initialize
                0x082090e4       0xfc ./wiseconnect3_sdk_3.1.4/components/device/silabs/si91x/mcu/drivers/peripheral_drivers/src/rsi_udma_wrapper.o
                0x082090e4                uDMAx_Initialize
 .text.uDMAx_Uninitialize
                0x082091e0       0x6c ./wiseconnect3_sdk_3.1.4/components/device/silabs/si91x/mcu/drivers/peripheral_drivers/src/rsi_udma_wrapper.o
                0x082091e0                uDMAx_Uninitialize
 .text.uDMAx_ChannelConfigure
                0x0820924c      0x130 ./wiseconnect3_sdk_3.1.4/components/device/silabs/si91x/mcu/drivers/peripheral_drivers/src/rsi_udma_wrapper.o
                0x0820924c                uDMAx_ChannelConfigure
 .text.uDMAx_ChannelEnable
                0x0820937c       0x10 ./wiseconnect3_sdk_3.1.4/components/device/silabs/si91x/mcu/drivers/peripheral_drivers/src/rsi_udma_wrapper.o
                0x0820937c                uDMAx_ChannelEnable
 .text.uDMAx_DMAEnable
                0x0820938c        0xe ./wiseconnect3_sdk_3.1.4/components/device/silabs/si91x/mcu/drivers/peripheral_drivers/src/rsi_udma_wrapper.o
                0x0820938c                uDMAx_DMAEnable
 .text.uDMAx_ChannelDisable
                0x0820939a       0x10 ./wiseconnect3_sdk_3.1.4/components/device/silabs/si91x/mcu/drivers/peripheral_drivers/src/rsi_udma_wrapper.o
                0x0820939a                uDMAx_ChannelDisable
 *fill*         0x082093aa        0x2 
 .text.__NVIC_EnableIRQ
                0x082093ac       0x1c ./wiseconnect3_sdk_3.1.4/components/device/silabs/si91x/mcu/drivers/peripheral_drivers/src/rsi_usart.o
 .text.__NVIC_DisableIRQ
                0x082093c8       0x24 ./wiseconnect3_sdk_3.1.4/components/device/silabs/si91x/mcu/drivers/peripheral_drivers/src/rsi_usart.o
 .text.UDMAx_ChannelConfigure
                0x082093ec       0x4c ./wiseconnect3_sdk_3.1.4/components/device/silabs/si91x/mcu/drivers/peripheral_drivers/src/rsi_usart.o
 .text.UartIrqHandler
                0x08209438      0x258 ./wiseconnect3_sdk_3.1.4/components/device/silabs/si91x/mcu/drivers/peripheral_drivers/src/rsi_usart.o
                0x08209438                UartIrqHandler
 .text.USART_SetBaudrate
                0x08209690       0x82 ./wiseconnect3_sdk_3.1.4/components/device/silabs/si91x/mcu/drivers/peripheral_drivers/src/rsi_usart.o
                0x08209690                USART_SetBaudrate
 *fill*         0x08209712        0x2 
 .text.USART_Initialize
                0x08209714      0x134 ./wiseconnect3_sdk_3.1.4/components/device/silabs/si91x/mcu/drivers/peripheral_drivers/src/rsi_usart.o
                0x08209714                USART_Initialize
 .text.USART_Uninitialize
                0x08209848       0x94 ./wiseconnect3_sdk_3.1.4/components/device/silabs/si91x/mcu/drivers/peripheral_drivers/src/rsi_usart.o
                0x08209848                USART_Uninitialize
 .text.USART_PowerControl
                0x082098dc      0x17c ./wiseconnect3_sdk_3.1.4/components/device/silabs/si91x/mcu/drivers/peripheral_drivers/src/rsi_usart.o
                0x082098dc                USART_PowerControl
 .text.USART_Send_Data
                0x08209a58      0x170 ./wiseconnect3_sdk_3.1.4/components/device/silabs/si91x/mcu/drivers/peripheral_drivers/src/rsi_usart.o
                0x08209a58                USART_Send_Data
 .text.USART_Receive_Data
                0x08209bc8      0x168 ./wiseconnect3_sdk_3.1.4/components/device/silabs/si91x/mcu/drivers/peripheral_drivers/src/rsi_usart.o
                0x08209bc8                USART_Receive_Data
 .text.USART_Transfer
                0x08209d30       0x82 ./wiseconnect3_sdk_3.1.4/components/device/silabs/si91x/mcu/drivers/peripheral_drivers/src/rsi_usart.o
                0x08209d30                USART_Transfer
 .text.USART_GetTxCount
                0x08209db2        0x6 ./wiseconnect3_sdk_3.1.4/components/device/silabs/si91x/mcu/drivers/peripheral_drivers/src/rsi_usart.o
                0x08209db2                USART_GetTxCount
 .text.USART_GetRxCount
                0x08209db8        0x6 ./wiseconnect3_sdk_3.1.4/components/device/silabs/si91x/mcu/drivers/peripheral_drivers/src/rsi_usart.o
                0x08209db8                USART_GetRxCount
 *fill*         0x08209dbe        0x2 
 .text.USART_Control
                0x08209dc0      0xa30 ./wiseconnect3_sdk_3.1.4/components/device/silabs/si91x/mcu/drivers/peripheral_drivers/src/rsi_usart.o
                0x08209dc0                USART_Control
 .text.USART_GetStatus
                0x0820a7f0       0x3e ./wiseconnect3_sdk_3.1.4/components/device/silabs/si91x/mcu/drivers/peripheral_drivers/src/rsi_usart.o
                0x0820a7f0                USART_GetStatus
 *fill*         0x0820a82e        0x2 
 .text.USART_SetModemControl
                0x0820a830       0xc0 ./wiseconnect3_sdk_3.1.4/components/device/silabs/si91x/mcu/drivers/peripheral_drivers/src/rsi_usart.o
                0x0820a830                USART_SetModemControl
 .text.USART_GetModemStatus
                0x0820a8f0       0xa2 ./wiseconnect3_sdk_3.1.4/components/device/silabs/si91x/mcu/drivers/peripheral_drivers/src/rsi_usart.o
                0x0820a8f0                USART_GetModemStatus
 *fill*         0x0820a992        0x2 
 .text.RSI_IPMU_UpdateIpmuCalibData_efuse
                0x0820a994      0x2f8 ./wiseconnect3_sdk_3.1.4/components/device/silabs/si91x/mcu/drivers/systemlevel/src/rsi_ipmu.o
                0x0820a994                RSI_IPMU_UpdateIpmuCalibData_efuse
 .text.RSI_Ipmu_Init
                0x0820ac8c        0x8 ./wiseconnect3_sdk_3.1.4/components/device/silabs/si91x/mcu/drivers/systemlevel/src/rsi_ipmu.o
                0x0820ac8c                RSI_Ipmu_Init
 .text.RSI_Configure_Ipmu_Mode
                0x0820ac94        0xa ./wiseconnect3_sdk_3.1.4/components/device/silabs/si91x/mcu/drivers/systemlevel/src/rsi_ipmu.o
                0x0820ac94                RSI_Configure_Ipmu_Mode
 *fill*         0x0820ac9e        0x2 
 .text.RSI_IPMU_ClockMuxSel
                0x0820aca0       0x44 ./wiseconnect3_sdk_3.1.4/components/device/silabs/si91x/mcu/drivers/systemlevel/src/rsi_ipmu.o
                0x0820aca0                RSI_IPMU_ClockMuxSel
 .text.RSI_IPMU_ProgramConfigData
                0x0820ace4       0xf8 ./wiseconnect3_sdk_3.1.4/components/device/silabs/si91x/mcu/drivers/systemlevel/src/rsi_ipmu.o
                0x0820ace4                RSI_IPMU_ProgramConfigData
 .text.RSI_IPMU_M32rc_OscTrimEfuse
                0x0820addc       0x38 ./wiseconnect3_sdk_3.1.4/components/device/silabs/si91x/mcu/drivers/systemlevel/src/rsi_ipmu.o
                0x0820addc                RSI_IPMU_M32rc_OscTrimEfuse
 .text.RSI_IPMU_DBLR32M_TrimEfuse
                0x0820ae14       0x1c ./wiseconnect3_sdk_3.1.4/components/device/silabs/si91x/mcu/drivers/systemlevel/src/rsi_ipmu.o
                0x0820ae14                RSI_IPMU_DBLR32M_TrimEfuse
 .text.RSI_IPMU_M20roOsc_TrimEfuse
                0x0820ae30       0x38 ./wiseconnect3_sdk_3.1.4/components/device/silabs/si91x/mcu/drivers/systemlevel/src/rsi_ipmu.o
                0x0820ae30                RSI_IPMU_M20roOsc_TrimEfuse
 .text.RSI_IPMU_RO32khz_TrimEfuse
                0x0820ae68       0x1c ./wiseconnect3_sdk_3.1.4/components/device/silabs/si91x/mcu/drivers/systemlevel/src/rsi_ipmu.o
                0x0820ae68                RSI_IPMU_RO32khz_TrimEfuse
 .text.RSI_IPMU_RC32khz_TrimEfuse
                0x0820ae84       0x1c ./wiseconnect3_sdk_3.1.4/components/device/silabs/si91x/mcu/drivers/systemlevel/src/rsi_ipmu.o
                0x0820ae84                RSI_IPMU_RC32khz_TrimEfuse
 .text.clk_soc_pll_clk_set
                0x0820aea0       0x1c ./wiseconnect3_sdk_3.1.4/components/device/silabs/si91x/mcu/drivers/systemlevel/src/rsi_pll.o
                0x0820aea0                clk_soc_pll_clk_set
 .text.clk_soc_pll_clk_reset
                0x0820aebc       0x14 ./wiseconnect3_sdk_3.1.4/components/device/silabs/si91x/mcu/drivers/systemlevel/src/rsi_pll.o
                0x0820aebc                clk_soc_pll_clk_reset
 .text.clk_soc_pll_set_freq_div
                0x0820aed0      0x148 ./wiseconnect3_sdk_3.1.4/components/device/silabs/si91x/mcu/drivers/systemlevel/src/rsi_pll.o
                0x0820aed0                clk_soc_pll_set_freq_div
 .text.clk_set_soc_pll_freq
                0x0820b018      0x318 ./wiseconnect3_sdk_3.1.4/components/device/silabs/si91x/mcu/drivers/systemlevel/src/rsi_pll.o
                0x0820b018                clk_set_soc_pll_freq
 .text.clk_intf_pll_clk_reset
                0x0820b330       0x14 ./wiseconnect3_sdk_3.1.4/components/device/silabs/si91x/mcu/drivers/systemlevel/src/rsi_pll.o
                0x0820b330                clk_intf_pll_clk_reset
 .text.clk_intf_pll_clk_set
                0x0820b344       0x24 ./wiseconnect3_sdk_3.1.4/components/device/silabs/si91x/mcu/drivers/systemlevel/src/rsi_pll.o
                0x0820b344                clk_intf_pll_clk_set
 .text.clk_intf_pll_set_freq_div
                0x0820b368      0x148 ./wiseconnect3_sdk_3.1.4/components/device/silabs/si91x/mcu/drivers/systemlevel/src/rsi_pll.o
                0x0820b368                clk_intf_pll_set_freq_div
 .text.clk_set_intf_pll_freq
                0x0820b4b0      0x318 ./wiseconnect3_sdk_3.1.4/components/device/silabs/si91x/mcu/drivers/systemlevel/src/rsi_pll.o
                0x0820b4b0                clk_set_intf_pll_freq
 .text.clk_peripheral_clk_enable3
                0x0820b7c8        0xc ./wiseconnect3_sdk_3.1.4/components/device/silabs/si91x/mcu/drivers/systemlevel/src/rsi_pll.o
                0x0820b7c8                clk_peripheral_clk_enable3
 .text.clk_peripheral_clk_enable
                0x0820b7d4      0x182 ./wiseconnect3_sdk_3.1.4/components/device/silabs/si91x/mcu/drivers/systemlevel/src/rsi_pll.o
                0x0820b7d4                clk_peripheral_clk_enable
 .text.clk_peripheral_clk_disable
                0x0820b956      0x12a ./wiseconnect3_sdk_3.1.4/components/device/silabs/si91x/mcu/drivers/systemlevel/src/rsi_pll.o
                0x0820b956                clk_peripheral_clk_disable
 .text.clk_config_pll_lock
                0x0820ba80       0x28 ./wiseconnect3_sdk_3.1.4/components/device/silabs/si91x/mcu/drivers/systemlevel/src/rsi_pll.o
                0x0820ba80                clk_config_pll_lock
 .text.RSI_CLK_CheckPresent
                0x0820baa8       0x58 ./wiseconnect3_sdk_3.1.4/components/device/silabs/si91x/mcu/drivers/systemlevel/src/rsi_pll.o
                0x0820baa8                RSI_CLK_CheckPresent
 .text.clk_gspi_clk_config
                0x0820bb00       0x9a ./wiseconnect3_sdk_3.1.4/components/device/silabs/si91x/mcu/drivers/systemlevel/src/rsi_pll.o
                0x0820bb00                clk_gspi_clk_config
 *fill*         0x0820bb9a        0x2 
 .text.clk_m4_soc_clk_config
                0x0820bb9c      0x114 ./wiseconnect3_sdk_3.1.4/components/device/silabs/si91x/mcu/drivers/systemlevel/src/rsi_pll.o
                0x0820bb9c                clk_m4_soc_clk_config
 .text.clk_usart_clk_config
                0x0820bcb0      0x2e2 ./wiseconnect3_sdk_3.1.4/components/device/silabs/si91x/mcu/drivers/systemlevel/src/rsi_pll.o
                0x0820bcb0                clk_usart_clk_config
 *fill*         0x0820bf92        0x2 
 .text.ulpss_enable_ref_clks
                0x0820bf94      0x130 ./wiseconnect3_sdk_3.1.4/components/device/silabs/si91x/mcu/drivers/systemlevel/src/rsi_pll.o
                0x0820bf94                ulpss_enable_ref_clks
 .text.clk_m4ss_ref_clk_config
                0x0820c0c4       0xd4 ./wiseconnect3_sdk_3.1.4/components/device/silabs/si91x/mcu/drivers/systemlevel/src/rsi_pll.o
                0x0820c0c4                clk_m4ss_ref_clk_config
 .text.ulpss_peripheral_enable
                0x0820c198      0x1f8 ./wiseconnect3_sdk_3.1.4/components/device/silabs/si91x/mcu/drivers/systemlevel/src/rsi_ulpss_clk.o
                0x0820c198                ulpss_peripheral_enable
 .text.ulpss_peripheral_disable
                0x0820c390      0x1cc ./wiseconnect3_sdk_3.1.4/components/device/silabs/si91x/mcu/drivers/systemlevel/src/rsi_ulpss_clk.o
                0x0820c390                ulpss_peripheral_disable
 .text.ulpss_ulp_uar_clk_config
                0x0820c55c       0xf6 ./wiseconnect3_sdk_3.1.4/components/device/silabs/si91x/mcu/drivers/systemlevel/src/rsi_ulpss_clk.o
                0x0820c55c                ulpss_ulp_uar_clk_config
 *fill*         0x0820c652        0x2 
 .text.ulpss_ref_clk_config
                0x0820c654       0xcc ./wiseconnect3_sdk_3.1.4/components/device/silabs/si91x/mcu/drivers/systemlevel/src/rsi_ulpss_clk.o
                0x0820c654                ulpss_ref_clk_config
 .text.channel_status
                0x0820c720       0x18 ./wiseconnect3_sdk_3.1.4/components/device/silabs/si91x/mcu/drivers/unified_api/src/sl_si91x_dma.o
 .text.process_dma_irq
                0x0820c738      0x118 ./wiseconnect3_sdk_3.1.4/components/device/silabs/si91x/mcu/drivers/unified_api/src/sl_si91x_dma.o
 .text.UDMAx_ChannelConfigure
                0x0820c850       0x4c ./wiseconnect3_sdk_3.1.4/components/device/silabs/si91x/mcu/drivers/unified_api/src/sl_si91x_dma.o
 .text.sl_si91x_dma_init
                0x0820c89c       0x50 ./wiseconnect3_sdk_3.1.4/components/device/silabs/si91x/mcu/drivers/unified_api/src/sl_si91x_dma.o
                0x0820c89c                sl_si91x_dma_init
 .text.sl_si91x_dma_deinit
                0x0820c8ec       0x74 ./wiseconnect3_sdk_3.1.4/components/device/silabs/si91x/mcu/drivers/unified_api/src/sl_si91x_dma.o
                0x0820c8ec                sl_si91x_dma_deinit
 .text.sl_si91x_dma_allocate_channel
                0x0820c960      0x10c ./wiseconnect3_sdk_3.1.4/components/device/silabs/si91x/mcu/drivers/unified_api/src/sl_si91x_dma.o
                0x0820c960                sl_si91x_dma_allocate_channel
 .text.sl_si91x_dma_register_callbacks
                0x0820ca6c       0x6c ./wiseconnect3_sdk_3.1.4/components/device/silabs/si91x/mcu/drivers/unified_api/src/sl_si91x_dma.o
                0x0820ca6c                sl_si91x_dma_register_callbacks
 .text.sl_si91x_dma_channel_enable
                0x0820cad8       0x4c ./wiseconnect3_sdk_3.1.4/components/device/silabs/si91x/mcu/drivers/unified_api/src/sl_si91x_dma.o
                0x0820cad8                sl_si91x_dma_channel_enable
 .text.sl_si91x_dma_enable
                0x0820cb24       0x30 ./wiseconnect3_sdk_3.1.4/components/device/silabs/si91x/mcu/drivers/unified_api/src/sl_si91x_dma.o
                0x0820cb24                sl_si91x_dma_enable
 .text.sl_si91x_dma_transfer
                0x0820cb54      0x244 ./wiseconnect3_sdk_3.1.4/components/device/silabs/si91x/mcu/drivers/unified_api/src/sl_si91x_dma.o
                0x0820cb54                sl_si91x_dma_transfer
 .text.IRQ033_Handler
                0x0820cd98       0x60 ./wiseconnect3_sdk_3.1.4/components/device/silabs/si91x/mcu/drivers/unified_api/src/sl_si91x_dma.o
                0x0820cd98                IRQ033_Handler
 .text.IRQ010_Handler
                0x0820cdf8       0x60 ./wiseconnect3_sdk_3.1.4/components/device/silabs/si91x/mcu/drivers/unified_api/src/sl_si91x_dma.o
                0x0820cdf8                IRQ010_Handler
 .text.sl_si91x_gpio_driver_enable_clock
                0x0820ce58       0x12 ./wiseconnect3_sdk_3.1.4/components/device/silabs/si91x/mcu/drivers/unified_api/src/sl_si91x_driver_gpio.o
                0x0820ce58                sl_si91x_gpio_driver_enable_clock
 .text.sl_si91x_gpio_driver_clear_group_interrupt
                0x0820ce6a       0x12 ./wiseconnect3_sdk_3.1.4/components/device/silabs/si91x/mcu/drivers/unified_api/src/sl_si91x_driver_gpio.o
                0x0820ce6a                sl_si91x_gpio_driver_clear_group_interrupt
 .text.sl_si91x_gpio_driver_get_uulp_interrupt_status
                0x0820ce7c        0x8 ./wiseconnect3_sdk_3.1.4/components/device/silabs/si91x/mcu/drivers/unified_api/src/sl_si91x_driver_gpio.o
                0x0820ce7c                sl_si91x_gpio_driver_get_uulp_interrupt_status
 .text.sl_si91x_gpio_driver_get_ulp_interrupt_status
                0x0820ce84        0x8 ./wiseconnect3_sdk_3.1.4/components/device/silabs/si91x/mcu/drivers/unified_api/src/sl_si91x_driver_gpio.o
                0x0820ce84                sl_si91x_gpio_driver_get_ulp_interrupt_status
 .text.sl_si91x_gpio_driver_clear_uulp_interrupt
                0x0820ce8c       0x12 ./wiseconnect3_sdk_3.1.4/components/device/silabs/si91x/mcu/drivers/unified_api/src/sl_si91x_driver_gpio.o
                0x0820ce8c                sl_si91x_gpio_driver_clear_uulp_interrupt
 .text.sl_si91x_gpio_driver_clear_ulp_interrupt
                0x0820ce9e       0x12 ./wiseconnect3_sdk_3.1.4/components/device/silabs/si91x/mcu/drivers/unified_api/src/sl_si91x_driver_gpio.o
                0x0820ce9e                sl_si91x_gpio_driver_clear_ulp_interrupt
 .text.sl_si91x_gpio_driver_clear_ulp_group_interrupt
                0x0820ceb0       0x12 ./wiseconnect3_sdk_3.1.4/components/device/silabs/si91x/mcu/drivers/unified_api/src/sl_si91x_driver_gpio.o
                0x0820ceb0                sl_si91x_gpio_driver_clear_ulp_group_interrupt
 *fill*         0x0820cec2        0x2 
 .text.IRQ052_Handler
                0x0820cec4       0x24 ./wiseconnect3_sdk_3.1.4/components/device/silabs/si91x/mcu/drivers/unified_api/src/sl_si91x_driver_gpio.o
                0x0820cec4                IRQ052_Handler
 .text.IRQ053_Handler
                0x0820cee8       0x24 ./wiseconnect3_sdk_3.1.4/components/device/silabs/si91x/mcu/drivers/unified_api/src/sl_si91x_driver_gpio.o
                0x0820cee8                IRQ053_Handler
 .text.IRQ054_Handler
                0x0820cf0c       0x24 ./wiseconnect3_sdk_3.1.4/components/device/silabs/si91x/mcu/drivers/unified_api/src/sl_si91x_driver_gpio.o
                0x0820cf0c                IRQ054_Handler
 .text.IRQ055_Handler
                0x0820cf30       0x24 ./wiseconnect3_sdk_3.1.4/components/device/silabs/si91x/mcu/drivers/unified_api/src/sl_si91x_driver_gpio.o
                0x0820cf30                IRQ055_Handler
 .text.IRQ056_Handler
                0x0820cf54       0x24 ./wiseconnect3_sdk_3.1.4/components/device/silabs/si91x/mcu/drivers/unified_api/src/sl_si91x_driver_gpio.o
                0x0820cf54                IRQ056_Handler
 .text.IRQ057_Handler
                0x0820cf78       0x24 ./wiseconnect3_sdk_3.1.4/components/device/silabs/si91x/mcu/drivers/unified_api/src/sl_si91x_driver_gpio.o
                0x0820cf78                IRQ057_Handler
 .text.IRQ058_Handler
                0x0820cf9c       0x24 ./wiseconnect3_sdk_3.1.4/components/device/silabs/si91x/mcu/drivers/unified_api/src/sl_si91x_driver_gpio.o
                0x0820cf9c                IRQ058_Handler
 .text.IRQ059_Handler
                0x0820cfc0       0x24 ./wiseconnect3_sdk_3.1.4/components/device/silabs/si91x/mcu/drivers/unified_api/src/sl_si91x_driver_gpio.o
                0x0820cfc0                IRQ059_Handler
 .text.IRQ050_Handler
                0x0820cfe4       0x18 ./wiseconnect3_sdk_3.1.4/components/device/silabs/si91x/mcu/drivers/unified_api/src/sl_si91x_driver_gpio.o
                0x0820cfe4                IRQ050_Handler
 .text.IRQ051_Handler
                0x0820cffc       0x18 ./wiseconnect3_sdk_3.1.4/components/device/silabs/si91x/mcu/drivers/unified_api/src/sl_si91x_driver_gpio.o
                0x0820cffc                IRQ051_Handler
 .text.IRQ021_Handler
                0x0820d014       0x78 ./wiseconnect3_sdk_3.1.4/components/device/silabs/si91x/mcu/drivers/unified_api/src/sl_si91x_driver_gpio.o
                0x0820d014                IRQ021_Handler
 .text.IRQ018_Handler
                0x0820d08c       0xb4 ./wiseconnect3_sdk_3.1.4/components/device/silabs/si91x/mcu/drivers/unified_api/src/sl_si91x_driver_gpio.o
                0x0820d08c                IRQ018_Handler
 .text.IRQ019_Handler
                0x0820d140       0x40 ./wiseconnect3_sdk_3.1.4/components/device/silabs/si91x/mcu/drivers/unified_api/src/sl_si91x_driver_gpio.o
                0x0820d140                IRQ019_Handler
 .text.convert_arm_to_sl_error_code
                0x0820d180       0x42 ./wiseconnect3_sdk_3.1.4/components/device/silabs/si91x/mcu/drivers/unified_api/src/sl_si91x_gspi.o
 .text.convert_rsi_to_sl_error_code
                0x0820d1c2       0x30 ./wiseconnect3_sdk_3.1.4/components/device/silabs/si91x/mcu/drivers/unified_api/src/sl_si91x_gspi.o
 *fill*         0x0820d1f2        0x2 
 .text.validate_control_parameters
                0x0820d1f4       0x3c ./wiseconnect3_sdk_3.1.4/components/device/silabs/si91x/mcu/drivers/unified_api/src/sl_si91x_gspi.o
 .text.validate_clock_parameters
                0x0820d230       0x70 ./wiseconnect3_sdk_3.1.4/components/device/silabs/si91x/mcu/drivers/unified_api/src/sl_si91x_gspi.o
 .text.get_gspi_handle
                0x0820d2a0       0x18 ./wiseconnect3_sdk_3.1.4/components/device/silabs/si91x/mcu/drivers/unified_api/src/sl_si91x_gspi.o
 .text.validate_gspi_handle
                0x0820d2b8       0x14 ./wiseconnect3_sdk_3.1.4/components/device/silabs/si91x/mcu/drivers/unified_api/src/sl_si91x_gspi.o
 .text.set_slave_gpio_state
                0x0820d2cc       0x34 ./wiseconnect3_sdk_3.1.4/components/device/silabs/si91x/mcu/drivers/unified_api/src/sl_si91x_gspi.o
 .text.sli_si91x_gspi_configure_power_mode
                0x0820d300       0x2a ./wiseconnect3_sdk_3.1.4/components/device/silabs/si91x/mcu/drivers/unified_api/src/sl_si91x_gspi.o
 *fill*         0x0820d32a        0x2 
 .text.callback_event_handler
                0x0820d32c       0x28 ./wiseconnect3_sdk_3.1.4/components/device/silabs/si91x/mcu/drivers/unified_api/src/sl_si91x_gspi.o
 .text.RSI_CLK_SetIntfPllFreq
                0x0820d354       0x54 ./wiseconnect3_sdk_3.1.4/components/device/silabs/si91x/mcu/drivers/unified_api/src/sl_si91x_gspi.o
 .text.RSI_CLK_SetSocPllFreq
                0x0820d3a8       0x60 ./wiseconnect3_sdk_3.1.4/components/device/silabs/si91x/mcu/drivers/unified_api/src/sl_si91x_gspi.o
 .text.sl_si91x_gspi_configure_clock
                0x0820d408       0x5c ./wiseconnect3_sdk_3.1.4/components/device/silabs/si91x/mcu/drivers/unified_api/src/sl_si91x_gspi.o
                0x0820d408                sl_si91x_gspi_configure_clock
 .text.sl_si91x_gspi_init
                0x0820d464       0x50 ./wiseconnect3_sdk_3.1.4/components/device/silabs/si91x/mcu/drivers/unified_api/src/sl_si91x_gspi.o
                0x0820d464                sl_si91x_gspi_init
 .text.sl_si91x_gspi_set_configuration
                0x0820d4b4       0x7c ./wiseconnect3_sdk_3.1.4/components/device/silabs/si91x/mcu/drivers/unified_api/src/sl_si91x_gspi.o
                0x0820d4b4                sl_si91x_gspi_set_configuration
 .text.sl_si91x_gspi_transfer_data
                0x0820d530       0x46 ./wiseconnect3_sdk_3.1.4/components/device/silabs/si91x/mcu/drivers/unified_api/src/sl_si91x_gspi.o
                0x0820d530                sl_si91x_gspi_transfer_data
 *fill*         0x0820d576        0x2 
 .text.sl_si91x_gspi_register_event_callback
                0x0820d578       0x44 ./wiseconnect3_sdk_3.1.4/components/device/silabs/si91x/mcu/drivers/unified_api/src/sl_si91x_gspi.o
                0x0820d578                sl_si91x_gspi_register_event_callback
 .text.sl_si91x_gspi_get_version
                0x0820d5bc       0x3a ./wiseconnect3_sdk_3.1.4/components/device/silabs/si91x/mcu/drivers/unified_api/src/sl_si91x_gspi.o
                0x0820d5bc                sl_si91x_gspi_get_version
 .text.sl_si91x_gspi_get_status
                0x0820d5f6        0x8 ./wiseconnect3_sdk_3.1.4/components/device/silabs/si91x/mcu/drivers/unified_api/src/sl_si91x_gspi.o
                0x0820d5f6                sl_si91x_gspi_get_status
 .text.sl_si91x_gspi_get_clock_division_factor
                0x0820d5fe        0xc ./wiseconnect3_sdk_3.1.4/components/device/silabs/si91x/mcu/drivers/unified_api/src/sl_si91x_gspi.o
                0x0820d5fe                sl_si91x_gspi_get_clock_division_factor
 .text.sl_si91x_gspi_get_frame_length
                0x0820d60a        0x8 ./wiseconnect3_sdk_3.1.4/components/device/silabs/si91x/mcu/drivers/unified_api/src/sl_si91x_gspi.o
                0x0820d60a                sl_si91x_gspi_get_frame_length
 *fill*         0x0820d612        0x2 
 .text.sl_si91x_gpio_enable_pad_selection
                0x0820d614       0x50 ./wiseconnect3_sdk_3.1.4/components/device/silabs/si91x/mcu/drivers/unified_peripheral_drivers/src/sl_si91x_peripheral_gpio.o
                0x0820d614                sl_si91x_gpio_enable_pad_selection
 .text.sl_si91x_gpio_clear_group_interrupt
                0x0820d664       0x18 ./wiseconnect3_sdk_3.1.4/components/device/silabs/si91x/mcu/drivers/unified_peripheral_drivers/src/sl_si91x_peripheral_gpio.o
                0x0820d664                sl_si91x_gpio_clear_group_interrupt
 .text.sl_si91x_gpio_clear_uulp_interrupt
                0x0820d67c        0xc ./wiseconnect3_sdk_3.1.4/components/device/silabs/si91x/mcu/drivers/unified_peripheral_drivers/src/sl_si91x_peripheral_gpio.o
                0x0820d67c                sl_si91x_gpio_clear_uulp_interrupt
 .text.sl_si91x_gpio_get_uulp_interrupt_status
                0x0820d688       0x10 ./wiseconnect3_sdk_3.1.4/components/device/silabs/si91x/mcu/drivers/unified_peripheral_drivers/src/sl_si91x_peripheral_gpio.o
                0x0820d688                sl_si91x_gpio_get_uulp_interrupt_status
 .text.sl_si91x_gpio_get_ulp_interrupt_status
                0x0820d698       0x16 ./wiseconnect3_sdk_3.1.4/components/device/silabs/si91x/mcu/drivers/unified_peripheral_drivers/src/sl_si91x_peripheral_gpio.o
                0x0820d698                sl_si91x_gpio_get_ulp_interrupt_status
 .text.sl_si91x_gpio_clear_ulp_interrupt
                0x0820d6ae       0x18 ./wiseconnect3_sdk_3.1.4/components/device/silabs/si91x/mcu/drivers/unified_peripheral_drivers/src/sl_si91x_peripheral_gpio.o
                0x0820d6ae                sl_si91x_gpio_clear_ulp_interrupt
 .text.sl_si91x_gpio_clear_ulp_group_interrupt
                0x0820d6c6       0x18 ./wiseconnect3_sdk_3.1.4/components/device/silabs/si91x/mcu/drivers/unified_peripheral_drivers/src/sl_si91x_peripheral_gpio.o
                0x0820d6c6                sl_si91x_gpio_clear_ulp_group_interrupt
 *fill*         0x0820d6de        0x2 
 .text.sl_assert_failed
                0x0820d6e0       0x14 ./wiseconnect3_sdk_3.1.4/components/device/silabs/si91x/mcu/drivers/unified_peripheral_drivers/src/sl_si91x_peripheral_gpio.o
                0x0820d6e0                sl_assert_failed
 .text.sl_gpio_set_pin_output
                0x0820d6f4       0x8c ./wiseconnect3_sdk_3.1.4/components/device/silabs/si91x/mcu/drivers/unified_peripheral_drivers/src/sl_si91x_peripheral_gpio.o
 .text.sl_gpio_clear_pin_output
                0x0820d780       0x8c ./wiseconnect3_sdk_3.1.4/components/device/silabs/si91x/mcu/drivers/unified_peripheral_drivers/src/sl_si91x_peripheral_gpio.o
 .text.sl_gpio_set_pin_mode
                0x0820d80c       0x90 ./wiseconnect3_sdk_3.1.4/components/device/silabs/si91x/mcu/drivers/unified_peripheral_drivers/src/sl_si91x_peripheral_gpio.o
                0x0820d80c                sl_gpio_set_pin_mode
 .text.sl_si91x_gpio_set_pin_direction
                0x0820d89c       0x9c ./wiseconnect3_sdk_3.1.4/components/device/silabs/si91x/mcu/drivers/unified_peripheral_drivers/src/sl_si91x_peripheral_gpio.o
                0x0820d89c                sl_si91x_gpio_set_pin_direction
 .text.sl_si91x_gpio_enable_clock
                0x0820d938       0x48 ./wiseconnect3_sdk_3.1.4/components/device/silabs/si91x/mcu/drivers/unified_peripheral_drivers/src/sl_si91x_peripheral_gpio.o
                0x0820d938                sl_si91x_gpio_enable_clock
 .text.sl_si91x_gpio_get_group_interrupt_status
                0x0820d980       0x54 ./wiseconnect3_sdk_3.1.4/components/device/silabs/si91x/mcu/drivers/unified_peripheral_drivers/src/sl_si91x_peripheral_gpio.o
                0x0820d980                sl_si91x_gpio_get_group_interrupt_status
 .text.convert_si91x_status_to_sl_status
                0x0820d9d4       0x6c ./wiseconnect3_sdk_3.1.4/components/device/silabs/si91x/wireless/ahb_interface/src/sl_platform.o
 .text.sli_si91x_platform_init
                0x0820da40       0x60 ./wiseconnect3_sdk_3.1.4/components/device/silabs/si91x/wireless/ahb_interface/src/sl_platform.o
                0x0820da40                sli_si91x_platform_init
 .text.si91x_bootup_firmware
                0x0820daa0       0x94 ./wiseconnect3_sdk_3.1.4/components/device/silabs/si91x/wireless/ahb_interface/src/sl_platform.o
                0x0820daa0                si91x_bootup_firmware
 .text.sli_si91x_configure_wireless_frontend_controls
                0x0820db34       0x38 ./wiseconnect3_sdk_3.1.4/components/device/silabs/si91x/wireless/ahb_interface/src/sl_platform_wireless.o
                0x0820db34                sli_si91x_configure_wireless_frontend_controls
 .text.rsi_boot_insn
                0x0820db6c      0x124 ./wiseconnect3_sdk_3.1.4/components/device/silabs/si91x/wireless/ahb_interface/src/sli_siwx917_soc.o
                0x0820db6c                rsi_boot_insn
 .text.rsi_waitfor_boardready
                0x0820dc90       0x52 ./wiseconnect3_sdk_3.1.4/components/device/silabs/si91x/wireless/ahb_interface/src/sli_siwx917_soc.o
                0x0820dc90                rsi_waitfor_boardready
 .text.rsi_select_option
                0x0820dce2       0xae ./wiseconnect3_sdk_3.1.4/components/device/silabs/si91x/wireless/ahb_interface/src/sli_siwx917_soc.o
                0x0820dce2                rsi_select_option
 .text.unmask_ta_interrupt
                0x0820dd90        0xc ./wiseconnect3_sdk_3.1.4/components/device/silabs/si91x/wireless/ahb_interface/src/sli_siwx917_soc.o
                0x0820dd90                unmask_ta_interrupt
 .text.sli_m4_ta_interrupt_init
                0x0820dd9c       0x34 ./wiseconnect3_sdk_3.1.4/components/device/silabs/si91x/wireless/ahb_interface/src/sli_siwx917_soc.o
                0x0820dd9c                sli_m4_ta_interrupt_init
 .text.rsi_bt_clear_wait_bitmap
                0x0820ddd0       0x7c ./wiseconnect3_sdk_3.1.4/components/device/silabs/si91x/wireless/ble/src/rsi_bt_ble.o
                0x0820ddd0                rsi_bt_clear_wait_bitmap
 .text.rsi_bt_set_wait_bitmap
                0x0820de4c       0x7c ./wiseconnect3_sdk_3.1.4/components/device/silabs/si91x/wireless/ble/src/rsi_bt_ble.o
                0x0820de4c                rsi_bt_set_wait_bitmap
 .text.rsi_bt_get_proto_type
                0x0820dec8      0x14c ./wiseconnect3_sdk_3.1.4/components/device/silabs/si91x/wireless/ble/src/rsi_bt_ble.o
                0x0820dec8                rsi_bt_get_proto_type
 .text.rsi_bt_set_status
                0x0820e014        0x4 ./wiseconnect3_sdk_3.1.4/components/device/silabs/si91x/wireless/ble/src/rsi_bt_ble.o
                0x0820e014                rsi_bt_set_status
 .text.rsi_bt_common_tx_done
                0x0820e018       0x3e ./wiseconnect3_sdk_3.1.4/components/device/silabs/si91x/wireless/ble/src/rsi_bt_ble.o
                0x0820e018                rsi_bt_common_tx_done
 .text.rsi_bt_get_status
                0x0820e056        0x4 ./wiseconnect3_sdk_3.1.4/components/device/silabs/si91x/wireless/ble/src/rsi_bt_ble.o
                0x0820e056                rsi_bt_get_status
 *fill*         0x0820e05a        0x2 
 .text.rsi_ble_update_le_dev_buf
                0x0820e05c       0x64 ./wiseconnect3_sdk_3.1.4/components/device/silabs/si91x/wireless/ble/src/rsi_bt_ble.o
                0x0820e05c                rsi_ble_update_le_dev_buf
 .text.rsi_add_remote_ble_dev_info
                0x0820e0c0       0x68 ./wiseconnect3_sdk_3.1.4/components/device/silabs/si91x/wireless/ble/src/rsi_bt_ble.o
                0x0820e0c0                rsi_add_remote_ble_dev_info
 .text.rsi_remove_remote_ble_dev_info
                0x0820e128       0x70 ./wiseconnect3_sdk_3.1.4/components/device/silabs/si91x/wireless/ble/src/rsi_bt_ble.o
                0x0820e128                rsi_remove_remote_ble_dev_info
 .text.rsi_ble_callbacks_handler
                0x0820e198      0x6d2 ./wiseconnect3_sdk_3.1.4/components/device/silabs/si91x/wireless/ble/src/rsi_bt_ble.o
                0x0820e198                rsi_ble_callbacks_handler
 *fill*         0x0820e86a        0x2 
 .text.rsi_driver_process_bt_resp
                0x0820e86c      0x120 ./wiseconnect3_sdk_3.1.4/components/device/silabs/si91x/wireless/ble/src/rsi_bt_ble.o
                0x0820e86c                rsi_driver_process_bt_resp
 .text.rsi_driver_process_bt_resp_handler
                0x0820e98c       0x68 ./wiseconnect3_sdk_3.1.4/components/device/silabs/si91x/wireless/ble/src/rsi_bt_ble.o
                0x0820e98c                rsi_driver_process_bt_resp_handler
 .text.rsi_bt_cb_init
                0x0820e9f4       0x56 ./wiseconnect3_sdk_3.1.4/components/device/silabs/si91x/wireless/ble/src/rsi_bt_ble.o
                0x0820e9f4                rsi_bt_cb_init
 .text.rsi_bt_global_cb_init
                0x0820ea4a        0xc ./wiseconnect3_sdk_3.1.4/components/device/silabs/si91x/wireless/ble/src/rsi_bt_ble.o
                0x0820ea4a                rsi_bt_global_cb_init
 *fill*         0x0820ea56        0x2 
 .text.rsi_bt_common_init
                0x0820ea58       0x2c ./wiseconnect3_sdk_3.1.4/components/device/silabs/si91x/wireless/ble/src/rsi_bt_ble.o
                0x0820ea58                rsi_bt_common_init
 .text.rsi_driver_memory_estimate
                0x0820ea84        0x4 ./wiseconnect3_sdk_3.1.4/components/device/silabs/si91x/wireless/ble/src/rsi_common_apis.o
                0x0820ea84                rsi_driver_memory_estimate
 .text.rsi_ble_driver_init
                0x0820ea88       0xc8 ./wiseconnect3_sdk_3.1.4/components/device/silabs/si91x/wireless/ble/src/rsi_common_apis.o
                0x0820ea88                rsi_ble_driver_init
 .text.rsi_bytes2R_to_uint16
                0x0820eb50       0x20 ./wiseconnect3_sdk_3.1.4/components/device/silabs/si91x/wireless/ble/src/rsi_utils.o
                0x0820eb50                rsi_bytes2R_to_uint16
 .text.sl_si91x_errno
                0x0820eb70       0x18 ./wiseconnect3_sdk_3.1.4/components/device/silabs/si91x/wireless/errno/src/sl_si91x_errno.o
                0x0820eb70                sl_si91x_errno
 .text.sl_si91x_bus_rx_irq_handler
                0x0820eb88        0x4 ./wiseconnect3_sdk_3.1.4/components/device/silabs/si91x/wireless/host_mcu/si91x/siwx917_soc_ncp_host.o
                0x0820eb88                sl_si91x_bus_rx_irq_handler
 .text.sl_si91x_bus_rx_done_handler
                0x0820eb8c        0x2 ./wiseconnect3_sdk_3.1.4/components/device/silabs/si91x/wireless/host_mcu/si91x/siwx917_soc_ncp_host.o
                0x0820eb8c                sl_si91x_bus_rx_done_handler
 .text.sl_si91x_bus_init
                0x0820eb8e        0x4 ./wiseconnect3_sdk_3.1.4/components/device/silabs/si91x/wireless/host_mcu/si91x/siwx917_soc_ncp_host.o
                0x0820eb8e                sl_si91x_bus_init
 .text.sl_si91x_host_init
                0x0820eb92        0xa ./wiseconnect3_sdk_3.1.4/components/device/silabs/si91x/wireless/host_mcu/si91x/siwx917_soc_ncp_host.o
                0x0820eb92                sl_si91x_host_init
 .text.sl_si91x_host_hold_in_reset
                0x0820eb9c        0x2 ./wiseconnect3_sdk_3.1.4/components/device/silabs/si91x/wireless/host_mcu/si91x/siwx917_soc_ncp_host.o
                0x0820eb9c                sl_si91x_host_hold_in_reset
 .text.sl_si91x_host_release_from_reset
                0x0820eb9e        0x2 ./wiseconnect3_sdk_3.1.4/components/device/silabs/si91x/wireless/host_mcu/si91x/siwx917_soc_ncp_host.o
                0x0820eb9e                sl_si91x_host_release_from_reset
 .text.sl_si91x_host_enable_bus_interrupt
                0x0820eba0        0x2 ./wiseconnect3_sdk_3.1.4/components/device/silabs/si91x/wireless/host_mcu/si91x/siwx917_soc_ncp_host.o
                0x0820eba0                sl_si91x_host_enable_bus_interrupt
 *fill*         0x0820eba2        0x2 
 .text.sl_si91x_host_is_in_irq_context
                0x0820eba4       0x14 ./wiseconnect3_sdk_3.1.4/components/device/silabs/si91x/wireless/host_mcu/si91x/siwx917_soc_ncp_host.o
                0x0820eba4                sl_si91x_host_is_in_irq_context
 .text.convert_si91x_dns_response
                0x0820ebb8       0x48 ./wiseconnect3_sdk_3.1.4/components/device/silabs/si91x/wireless/sl_net/src/sl_net_rsi_utility.o
                0x0820ebb8                convert_si91x_dns_response
 .text.convert_si91x_event_to_sl_net_event
                0x0820ec00       0x34 ./wiseconnect3_sdk_3.1.4/components/device/silabs/si91x/wireless/sl_net/src/sl_net_rsi_utility.o
                0x0820ec00                convert_si91x_event_to_sl_net_event
 .text.convert_itoa
                0x0820ec34       0x70 ./wiseconnect3_sdk_3.1.4/components/device/silabs/si91x/wireless/sl_net/src/sl_net_rsi_utility.o
                0x0820ec34                convert_itoa
 .text.convert_si91x_event_to_sl_http_client_event
                0x0820eca4       0x38 ./wiseconnect3_sdk_3.1.4/components/device/silabs/si91x/wireless/sl_net/src/sl_net_rsi_utility.o
                0x0820eca4                convert_si91x_event_to_sl_http_client_event
 .text.si91x_node_free_function
                0x0820ecdc        0xa ./wiseconnect3_sdk_3.1.4/components/device/silabs/si91x/wireless/sl_net/src/sl_net_si91x_integration_handler.o
 .text.convert_and_save_firmware_status
                0x0820ece6       0x1a ./wiseconnect3_sdk_3.1.4/components/device/silabs/si91x/wireless/sl_net/src/sl_net_si91x_integration_handler.o
 .text.sl_net_si91x_event_dispatch_handler
                0x0820ed00       0xdc ./wiseconnect3_sdk_3.1.4/components/device/silabs/si91x/wireless/sl_net/src/sl_net_si91x_integration_handler.o
                0x0820ed00                sl_net_si91x_event_dispatch_handler
 .text.convert_to_si91x_cert_type
                0x0820eddc       0x92 ./wiseconnect3_sdk_3.1.4/components/device/silabs/si91x/wireless/sl_net/src/sl_si91x_net_credentials.o
 .text.get_certificate_index
                0x0820ee6e       0x16 ./wiseconnect3_sdk_3.1.4/components/device/silabs/si91x/wireless/sl_net/src/sl_si91x_net_credentials.o
 .text.sl_si91x_set_credential
                0x0820ee84       0x30 ./wiseconnect3_sdk_3.1.4/components/device/silabs/si91x/wireless/sl_net/src/sl_si91x_net_credentials.o
                0x0820ee84                sl_si91x_set_credential
 .text.sl_si91x_host_get_credentials
                0x0820eeb4       0x52 ./wiseconnect3_sdk_3.1.4/components/device/silabs/si91x/wireless/sl_net/src/sl_si91x_net_credentials.o
                0x0820eeb4                sl_si91x_host_get_credentials
 *fill*         0x0820ef06        0x2 
 .text.sl_si91x_configure_ip_address
                0x0820ef08      0x1c4 ./wiseconnect3_sdk_3.1.4/components/device/silabs/si91x/wireless/sl_net/src/sl_si91x_net_internal_stack.o
                0x0820ef08                sl_si91x_configure_ip_address
 .text.get_socket_id_from_socket_command
                0x0820f0cc       0x1e ./wiseconnect3_sdk_3.1.4/components/device/silabs/si91x/wireless/socket/src/sl_si91x_socket_utility.o
 .text.si91x_socket_node_free_function
                0x0820f0ea        0xa ./wiseconnect3_sdk_3.1.4/components/device/silabs/si91x/wireless/socket/src/sl_si91x_socket_utility.o
 .text.si91x_socket_identification_function
                0x0820f0f4       0xa4 ./wiseconnect3_sdk_3.1.4/components/device/silabs/si91x/wireless/socket/src/sl_si91x_socket_utility.o
 .text.reset_socket_state
                0x0820f198       0x18 ./wiseconnect3_sdk_3.1.4/components/device/silabs/si91x/wireless/socket/src/sl_si91x_socket_utility.o
                0x0820f198                reset_socket_state
 .text.sl_si91x_vap_shutdown
                0x0820f1b0       0x40 ./wiseconnect3_sdk_3.1.4/components/device/silabs/si91x/wireless/socket/src/sl_si91x_socket_utility.o
                0x0820f1b0                sl_si91x_vap_shutdown
 .text.get_si91x_socket
                0x0820f1f0       0x28 ./wiseconnect3_sdk_3.1.4/components/device/silabs/si91x/wireless/socket/src/sl_si91x_socket_utility.o
                0x0820f1f0                get_si91x_socket
 .text.handle_accept_response
                0x0820f218       0x5a ./wiseconnect3_sdk_3.1.4/components/device/silabs/si91x/wireless/socket/src/sl_si91x_socket_utility.o
                0x0820f218                handle_accept_response
 .text.handle_select_response
                0x0820f272       0xc6 ./wiseconnect3_sdk_3.1.4/components/device/silabs/si91x/wireless/socket/src/sl_si91x_socket_utility.o
                0x0820f272                handle_select_response
 .text.si91x_socket_event_handler
                0x0820f338      0x188 ./wiseconnect3_sdk_3.1.4/components/device/silabs/si91x/wireless/socket/src/sl_si91x_socket_utility.o
                0x0820f338                si91x_socket_event_handler
 .text.convert_and_save_firmware_status
                0x0820f4c0       0x1a ./wiseconnect3_sdk_3.1.4/components/device/silabs/si91x/wireless/src/sl_si91x_callback_framework.o
 *fill*         0x0820f4da        0x2 
 .text.sl_si91x_register_event_handler
                0x0820f4dc        0xc ./wiseconnect3_sdk_3.1.4/components/device/silabs/si91x/wireless/src/sl_si91x_callback_framework.o
                0x0820f4dc                sl_si91x_register_event_handler
 .text.sl_si91x_default_handler
                0x0820f4e8       0x70 ./wiseconnect3_sdk_3.1.4/components/device/silabs/si91x/wireless/src/sl_si91x_callback_framework.o
                0x0820f4e8                sl_si91x_default_handler
 .text.get_http_client_callback_entry