Archive member included to satisfy reference by file (symbol)

c:/siliconlabs/simplicitystudio/v5/developer/toolchains/gnu_arm/12.2.rel1_2023.7/bin/../lib/gcc/arm-none-eabi/12.2.1/thumb/v7e-m+fp/softfp\libgcc.a(_arm_muldf3.o)
                              ./wiseconnect3_sdk_3.1.3/components/device/silabs/si91x/mcu/drivers/systemlevel/src/rsi_pll.o (__aeabi_dmul)
c:/siliconlabs/simplicitystudio/v5/developer/toolchains/gnu_arm/12.2.rel1_2023.7/bin/../lib/gcc/arm-none-eabi/12.2.1/thumb/v7e-m+fp/softfp\libgcc.a(_arm_addsubdf3.o)
                              ./wiseconnect3_sdk_3.1.3/components/device/silabs/si91x/mcu/drivers/systemlevel/src/rsi_pll.o (__aeabi_dsub)
c:/siliconlabs/simplicitystudio/v5/developer/toolchains/gnu_arm/12.2.rel1_2023.7/bin/../lib/gcc/arm-none-eabi/12.2.1/thumb/v7e-m+fp/softfp\libgcc.a(_arm_muldivdf3.o)
                              ./wiseconnect3_sdk_3.1.3/components/device/silabs/si91x/mcu/drivers/peripheral_drivers/src/clock_update.o (__aeabi_ddiv)
c:/siliconlabs/simplicitystudio/v5/developer/toolchains/gnu_arm/12.2.rel1_2023.7/bin/../lib/gcc/arm-none-eabi/12.2.1/thumb/v7e-m+fp/softfp\libgcc.a(_arm_fixunsdfsi.o)
                              ./wiseconnect3_sdk_3.1.3/components/device/silabs/si91x/mcu/drivers/peripheral_drivers/src/clock_update.o (__aeabi_d2uiz)
c:/siliconlabs/simplicitystudio/v5/developer/toolchains/gnu_arm/12.2.rel1_2023.7/bin/../lib/gcc/arm-none-eabi/12.2.1/thumb/v7e-m+fp/softfp\libc_nano.a(libc_a-exit.o)
                              c:/siliconlabs/simplicitystudio/v5/developer/toolchains/gnu_arm/12.2.rel1_2023.7/bin/../lib/gcc/arm-none-eabi/12.2.1/thumb/v7e-m+fp/softfp/crt0.o (exit)
c:/siliconlabs/simplicitystudio/v5/developer/toolchains/gnu_arm/12.2.rel1_2023.7/bin/../lib/gcc/arm-none-eabi/12.2.1/thumb/v7e-m+fp/softfp\libc_nano.a(libc_a-malloc.o)
                              ./app.o (malloc)
c:/siliconlabs/simplicitystudio/v5/developer/toolchains/gnu_arm/12.2.rel1_2023.7/bin/../lib/gcc/arm-none-eabi/12.2.1/thumb/v7e-m+fp/softfp\libc_nano.a(libc_a-mallocr.o)
                              c:/siliconlabs/simplicitystudio/v5/developer/toolchains/gnu_arm/12.2.rel1_2023.7/bin/../lib/gcc/arm-none-eabi/12.2.1/thumb/v7e-m+fp/softfp\libc_nano.a(libc_a-malloc.o) (_malloc_r)
c:/siliconlabs/simplicitystudio/v5/developer/toolchains/gnu_arm/12.2.rel1_2023.7/bin/../lib/gcc/arm-none-eabi/12.2.1/thumb/v7e-m+fp/softfp\libc_nano.a(libc_a-mlock.o)
                              c:/siliconlabs/simplicitystudio/v5/developer/toolchains/gnu_arm/12.2.rel1_2023.7/bin/../lib/gcc/arm-none-eabi/12.2.1/thumb/v7e-m+fp/softfp\libc_nano.a(libc_a-mallocr.o) (__malloc_lock)
c:/siliconlabs/simplicitystudio/v5/developer/toolchains/gnu_arm/12.2.rel1_2023.7/bin/../lib/gcc/arm-none-eabi/12.2.1/thumb/v7e-m+fp/softfp\libc_nano.a(libc_a-strtoul.o)
                              ./wiseconnect3_sdk_3.1.3/components/common/src/sl_utility.o (strtoul)
c:/siliconlabs/simplicitystudio/v5/developer/toolchains/gnu_arm/12.2.rel1_2023.7/bin/../lib/gcc/arm-none-eabi/12.2.1/thumb/v7e-m+fp/softfp\libc_nano.a(libc_a-ctype_.o)
                              ./gecko_sdk_4.4.1/platform/common/src/sl_string.o (_ctype_)
c:/siliconlabs/simplicitystudio/v5/developer/toolchains/gnu_arm/12.2.rel1_2023.7/bin/../lib/gcc/arm-none-eabi/12.2.1/thumb/v7e-m+fp/softfp\libc_nano.a(libc_a-nano-vfprintf_float.o)
                              (_printf_float)
c:/siliconlabs/simplicitystudio/v5/developer/toolchains/gnu_arm/12.2.rel1_2023.7/bin/../lib/gcc/arm-none-eabi/12.2.1/thumb/v7e-m+fp/softfp\libc_nano.a(libc_a-nano-vfprintf_i.o)
                              c:/siliconlabs/simplicitystudio/v5/developer/toolchains/gnu_arm/12.2.rel1_2023.7/bin/../lib/gcc/arm-none-eabi/12.2.1/thumb/v7e-m+fp/softfp\libc_nano.a(libc_a-nano-vfprintf_float.o) (_printf_common)
c:/siliconlabs/simplicitystudio/v5/developer/toolchains/gnu_arm/12.2.rel1_2023.7/bin/../lib/gcc/arm-none-eabi/12.2.1/thumb/v7e-m+fp/softfp\libc_nano.a(libc_a-findfp.o)
                              c:/siliconlabs/simplicitystudio/v5/developer/toolchains/gnu_arm/12.2.rel1_2023.7/bin/../lib/gcc/arm-none-eabi/12.2.1/thumb/v7e-m+fp/softfp\libc_nano.a(libc_a-exit.o) (__stdio_exit_handler)
c:/siliconlabs/simplicitystudio/v5/developer/toolchains/gnu_arm/12.2.rel1_2023.7/bin/../lib/gcc/arm-none-eabi/12.2.1/thumb/v7e-m+fp/softfp\libc_nano.a(libc_a-fwalk.o)
                              c:/siliconlabs/simplicitystudio/v5/developer/toolchains/gnu_arm/12.2.rel1_2023.7/bin/../lib/gcc/arm-none-eabi/12.2.1/thumb/v7e-m+fp/softfp\libc_nano.a(libc_a-findfp.o) (_fwalk_sglue)
c:/siliconlabs/simplicitystudio/v5/developer/toolchains/gnu_arm/12.2.rel1_2023.7/bin/../lib/gcc/arm-none-eabi/12.2.1/thumb/v7e-m+fp/softfp\libc_nano.a(libc_a-printf.o)
                              ./app.o (printf)
c:/siliconlabs/simplicitystudio/v5/developer/toolchains/gnu_arm/12.2.rel1_2023.7/bin/../lib/gcc/arm-none-eabi/12.2.1/thumb/v7e-m+fp/softfp\libc_nano.a(libc_a-putchar.o)
                              ./app.o (putchar)
[...]
Memory Configuration

Name             Origin             Length             Attributes
rom              0x08202000         0x001fe000         xr
ram              0x00000400         0x0002fc00         xrw
udma0            0x0002fc00         0x00000400         xrw
udma1            0x24061c00         0x00000400         xrw
*default*        0x00000000         0xffffffff

Linker script and memory map

LOAD c:/siliconlabs/simplicitystudio/v5/developer/toolchains/gnu_arm/12.2.rel1_2023.7/bin/../lib/gcc/arm-none-eabi/12.2.1/thumb/v7e-m+fp/softfp/crti.o
LOAD c:/siliconlabs/simplicitystudio/v5/developer/toolchains/gnu_arm/12.2.rel1_2023.7/bin/../lib/gcc/arm-none-eabi/12.2.1/thumb/v7e-m+fp/softfp/crtbegin.o
LOAD c:/siliconlabs/simplicitystudio/v5/developer/toolchains/gnu_arm/12.2.rel1_2023.7/bin/../lib/gcc/arm-none-eabi/12.2.1/thumb/v7e-m+fp/softfp/crt0.o
START GROUP
LOAD ./app.o
LOAD ./ble_device_info.o
LOAD ./ble_main_task.o
LOAD ./ble_subtasks.o
LOAD ./fatfs_sdcard.o
LOAD ./main.o
LOAD ./wifi_app.o
LOAD ./wifi_throughput.o
LOAD ./autogen/sl_event_handler.o
LOAD ./gecko_sdk_4.4.1/platform/CMSIS/RTOS2/Source/os_systick.o
LOAD ./gecko_sdk_4.4.1/platform/common/src/sl_assert.o
LOAD ./gecko_sdk_4.4.1/platform/common/src/sl_slist.o
LOAD ./gecko_sdk_4.4.1/platform/common/src/sl_string.o
LOAD ./gecko_sdk_4.4.1/platform/common/src/sli_cmsis_os2_ext_task_register.o
LOAD ./gecko_sdk_4.4.1/platform/service/system/src/sl_system_init.o
LOAD ./gecko_sdk_4.4.1/platform/service/system/src/sl_system_kernel.o
LOAD ./gecko_sdk_4.4.1/util/third_party/freertos/cmsis/Source/cmsis_os2.o
LOAD ./gecko_sdk_4.4.1/util/third_party/freertos/kernel/croutine.o
LOAD ./gecko_sdk_4.4.1/util/third_party/freertos/kernel/event_groups.o
LOAD ./gecko_sdk_4.4.1/util/third_party/freertos/kernel/list.o
LOAD ./gecko_sdk_4.4.1/util/third_party/freertos/kernel/queue.o
LOAD ./gecko_sdk_4.4.1/util/third_party/freertos/kernel/stream_buffer.o
LOAD ./gecko_sdk_4.4.1/util/third_party/freertos/kernel/tasks.o
LOAD ./gecko_sdk_4.4.1/util/third_party/freertos/kernel/timers.o
LOAD ./gecko_sdk_4.4.1/util/third_party/freertos/kernel/portable/GCC/ARM_CM4F/port.o
LOAD ./gecko_sdk_4.4.1/util/third_party/freertos/kernel/portable/MemMang/heap_4.o
LOAD ./third_party/FatFs/port/fatfs.o
LOAD ./third_party/FatFs/port/user_diskio.o
LOAD ./third_party/FatFs/port/user_diskio_spi.o
LOAD ./third_party/FatFs/src/diskio.o
LOAD ./third_party/FatFs/src/ff.o
LOAD ./third_party/FatFs/src/ff_gen_drv.o
LOAD ./third_party/FatFs/src/option/syscall.o
LOAD ./wiseconnect3_sdk_3.1.3/components/board/silabs/src/rsi_board.o
LOAD ./wiseconnect3_sdk_3.1.3/components/common/src/sl_utility.o
LOAD ./wiseconnect3_sdk_3.1.3/components/device/silabs/si91x/mcu/core/chip/src/iPMU_prog/iPMU_dotc/ipmu_apis.o
LOAD ./wiseconnect3_sdk_3.1.3/components/device/silabs/si91x/mcu/core/chip/src/iPMU_prog/iPMU_dotc/rsi_system_config_917.o
LOAD ./wiseconnect3_sdk_3.1.3/components/device/silabs/si91x/mcu/core/chip/src/rsi_deepsleep_soc.o
LOAD ./wiseconnect3_sdk_3.1.3/components/device/silabs/si91x/mcu/core/chip/src/rsi_ps_ram_func.o
LOAD ./wiseconnect3_sdk_3.1.3/components/device/silabs/si91x/mcu/core/chip/src/startup_si91x.o
LOAD ./wiseconnect3_sdk_3.1.3/components/device/silabs/si91x/mcu/core/chip/src/system_si91x.o
LOAD ./wiseconnect3_sdk_3.1.3/components/device/silabs/si91x/mcu/core/common/src/rsi_debug.o
LOAD ./wiseconnect3_sdk_3.1.3/components/device/silabs/si91x/mcu/core/common/src/syscalls.o
LOAD ./wiseconnect3_sdk_3.1.3/components/device/silabs/si91x/mcu/core/config/src/rsi_nvic_priorities_config.o
LOAD ./wiseconnect3_sdk_3.1.3/components/device/silabs/si91x/mcu/drivers/cmsis_driver/GSPI.o
LOAD ./wiseconnect3_sdk_3.1.3/components/device/silabs/si91x/mcu/drivers/cmsis_driver/UDMA.o
LOAD ./wiseconnect3_sdk_3.1.3/components/device/silabs/si91x/mcu/drivers/cmsis_driver/USART.o
LOAD ./wiseconnect3_sdk_3.1.3/components/device/silabs/si91x/mcu/drivers/peripheral_drivers/src/clock_update.o
LOAD ./wiseconnect3_sdk_3.1.3/components/device/silabs/si91x/mcu/drivers/peripheral_drivers/src/rsi_crc.o
LOAD ./wiseconnect3_sdk_3.1.3/components/device/silabs/si91x/mcu/drivers/peripheral_drivers/src/rsi_egpio.o
LOAD ./wiseconnect3_sdk_3.1.3/components/device/silabs/si91x/mcu/drivers/peripheral_drivers/src/rsi_gspi.o
LOAD ./wiseconnect3_sdk_3.1.3/components/device/silabs/si91x/mcu/drivers/peripheral_drivers/src/rsi_sdioh.o
LOAD ./wiseconnect3_sdk_3.1.3/components/device/silabs/si91x/mcu/drivers/peripheral_drivers/src/rsi_timers.o
LOAD ./wiseconnect3_sdk_3.1.3/components/device/silabs/si91x/mcu/drivers/peripheral_drivers/src/rsi_udma.o
LOAD ./wiseconnect3_sdk_3.1.3/components/device/silabs/si91x/mcu/drivers/peripheral_drivers/src/rsi_udma_wrapper.o
LOAD ./wiseconnect3_sdk_3.1.3/components/device/silabs/si91x/mcu/drivers/peripheral_drivers/src/rsi_usart.o
LOAD ./wiseconnect3_sdk_3.1.3/components/device/silabs/si91x/mcu/drivers/systemlevel/src/rsi_ipmu.o
LOAD ./wiseconnect3_sdk_3.1.3/components/device/silabs/si91x/mcu/drivers/systemlevel/src/rsi_pll.o
LOAD ./wiseconnect3_sdk_3.1.3/components/device/silabs/si91x/mcu/drivers/systemlevel/src/rsi_power_save.o
LOAD ./wiseconnect3_sdk_3.1.3/components/device/silabs/si91x/mcu/drivers/systemlevel/src/rsi_rtc.o
LOAD ./wiseconnect3_sdk_3.1.3/components/device/silabs/si91x/mcu/drivers/systemlevel/src/rsi_temp_sensor.o
LOAD ./wiseconnect3_sdk_3.1.3/components/device/silabs/si91x/mcu/drivers/systemlevel/src/rsi_time_period.o
LOAD ./wiseconnect3_sdk_3.1.3/components/device/silabs/si91x/mcu/drivers/systemlevel/src/rsi_ulpss_clk.o
LOAD ./wiseconnect3_sdk_3.1.3/components/device/silabs/si91x/mcu/drivers/systemlevel/src/rsi_wwdt.o
LOAD ./wiseconnect3_sdk_3.1.3/components/device/silabs/si91x/mcu/drivers/unified_api/src/sl_si91x_dma.o
LOAD ./wiseconnect3_sdk_3.1.3/components/device/silabs/si91x/mcu/drivers/unified_api/src/sl_si91x_driver_gpio.o
LOAD ./wiseconnect3_sdk_3.1.3/components/device/silabs/si91x/mcu/drivers/unified_api/src/sl_si91x_gspi.o
LOAD ./wiseconnect3_sdk_3.1.3/components/device/silabs/si91x/mcu/drivers/unified_peripheral_drivers/src/sl_si91x_peripheral_gpio.o
LOAD ./wiseconnect3_sdk_3.1.3/components/device/silabs/si91x/wireless/ahb_interface/src/rsi_hal_mcu_m4_ram.o
LOAD ./wiseconnect3_sdk_3.1.3/components/device/silabs/si91x/wireless/ahb_interface/src/rsi_hal_mcu_m4_rom.o
LOAD ./wiseconnect3_sdk_3.1.3/components/device/silabs/si91x/wireless/ahb_interface/src/sl_platform.o
LOAD ./wiseconnect3_sdk_3.1.3/components/device/silabs/si91x/wireless/ahb_interface/src/sl_platform_wireless.o
LOAD ./wiseconnect3_sdk_3.1.3/components/device/silabs/si91x/wireless/ahb_interface/src/sl_si91x_bus.o
LOAD ./wiseconnect3_sdk_3.1.3/components/device/silabs/si91x/wireless/ahb_interface/src/sl_si91x_timer.o
LOAD ./wiseconnect3_sdk_3.1.3/components/device/silabs/si91x/wireless/ahb_interface/src/sli_siwx917_soc.o
LOAD ./wiseconnect3_sdk_3.1.3/components/device/silabs/si91x/wireless/ble/src/rsi_ble_gap_apis.o
LOAD ./wiseconnect3_sdk_3.1.3/components/device/silabs/si91x/wireless/ble/src/rsi_ble_gatt_apis.o
LOAD ./wiseconnect3_sdk_3.1.3/components/device/silabs/si91x/wireless/ble/src/rsi_bt_ble.o
LOAD ./wiseconnect3_sdk_3.1.3/components/device/silabs/si91x/wireless/ble/src/rsi_bt_common_apis.o
LOAD ./wiseconnect3_sdk_3.1.3/components/device/silabs/si91x/wireless/ble/src/rsi_common_apis.o
LOAD ./wiseconnect3_sdk_3.1.3/components/device/silabs/si91x/wireless/ble/src/rsi_utils.o
LOAD ./wiseconnect3_sdk_3.1.3/components/device/silabs/si91x/wireless/ble/src/sl_si91x_ble.o
LOAD ./wiseconnect3_sdk_3.1.3/components/device/silabs/si91x/wireless/errno/src/sl_si91x_errno.o
LOAD ./wiseconnect3_sdk_3.1.3/components/device/silabs/si91x/wireless/firmware_upgrade/firmware_upgradation.o
LOAD ./wiseconnect3_sdk_3.1.3/components/device/silabs/si91x/wireless/host_mcu/si91x/siwx917_soc_ncp_host.o
LOAD ./wiseconnect3_sdk_3.1.3/components/device/silabs/si91x/wireless/icmp/sl_net_ping.o
LOAD ./wiseconnect3_sdk_3.1.3/components/device/silabs/si91x/wireless/memory/malloc_buffers.o
LOAD ./wiseconnect3_sdk_3.1.3/components/device/silabs/si91x/wireless/sl_net/src/sl_net_rsi_utility.o
LOAD ./wiseconnect3_sdk_3.1.3/components/device/silabs/si91x/wireless/sl_net/src/sl_net_si91x_integration_handler.o
LOAD ./wiseconnect3_sdk_3.1.3/components/device/silabs/si91x/wireless/sl_net/src/sl_si91x_net_credentials.o
LOAD ./wiseconnect3_sdk_3.1.3/components/device/silabs/si91x/wireless/sl_net/src/sl_si91x_net_internal_stack.o
LOAD ./wiseconnect3_sdk_3.1.3/components/device/silabs/si91x/wireless/socket/src/sl_si91x_socket_utility.o
LOAD ./wiseconnect3_sdk_3.1.3/components/device/silabs/si91x/wireless/src/sl_rsi_utility.o
LOAD ./wiseconnect3_sdk_3.1.3/components/device/silabs/si91x/wireless/src/sl_si91x_callback_framework.o
LOAD ./wiseconnect3_sdk_3.1.3/components/device/silabs/si91x/wireless/src/sl_si91x_driver.o
LOAD ./wiseconnect3_sdk_3.1.3/components/device/silabs/si91x/wireless/src/sl_si91x_http_client_callback_framework.o
LOAD ./wiseconnect3_sdk_3.1.3/components/device/silabs/si91x/wireless/threading/sli_si91x_multithreaded.o
LOAD ./wiseconnect3_sdk_3.1.3/components/protocol/wifi/si91x/sl_wifi.o
LOAD ./wiseconnect3_sdk_3.1.3/components/protocol/wifi/src/sl_wifi_callback_framework.o
LOAD ./wiseconnect3_sdk_3.1.3/components/service/bsd_socket/si91x_socket/sl_http_client.o
LOAD ./wiseconnect3_sdk_3.1.3/components/service/bsd_socket/si91x_socket/sl_si91x_bsd_socket.o
LOAD ./wiseconnect3_sdk_3.1.3/components/service/network_manager/si91x/sl_net_si91x.o
LOAD ./wiseconnect3_sdk_3.1.3/components/service/network_manager/src/sl_net.o
LOAD ./wiseconnect3_sdk_3.1.3/components/service/network_manager/src/sl_net_basic_certificate_store.o
LOAD ./wiseconnect3_sdk_3.1.3/components/service/network_manager/src/sl_net_basic_credentials.o
LOAD ./wiseconnect3_sdk_3.1.3/components/service/network_manager/src/sl_net_basic_profiles.o
LOAD c:/siliconlabs/simplicitystudio/v5/developer/toolchains/gnu_arm/12.2.rel1_2023.7/bin/../lib/gcc/arm-none-eabi/12.2.1/thumb/v7e-m+fp/softfp\libgcc.a
LOAD c:/siliconlabs/simplicitystudio/v5/developer/toolchains/gnu_arm/12.2.rel1_2023.7/bin/../lib/gcc/arm-none-eabi/12.2.1/thumb/v7e-m+fp/softfp\libnosys.a
LOAD c:/siliconlabs/simplicitystudio/v5/developer/toolchains/gnu_arm/12.2.rel1_2023.7/bin/../lib/gcc/arm-none-eabi/12.2.1/thumb/v7e-m+fp/softfp\libc_nano.a
LOAD c:/siliconlabs/simplicitystudio/v5/developer/toolchains/gnu_arm/12.2.rel1_2023.7/bin/../lib/gcc/arm-none-eabi/12.2.1/thumb/v7e-m+fp/softfp\libm.a
END GROUP
START GROUP
LOAD c:/siliconlabs/simplicitystudio/v5/developer/toolchains/gnu_arm/12.2.rel1_2023.7/bin/../lib/gcc/arm-none-eabi/12.2.1/thumb/v7e-m+fp/softfp\libgcc.a
LOAD c:/siliconlabs/simplicitystudio/v5/developer/toolchains/gnu_arm/12.2.rel1_2023.7/bin/../lib/gcc/arm-none-eabi/12.2.1/thumb/v7e-m+fp/softfp\libc_nano.a
LOAD c:/siliconlabs/simplicitystudio/v5/developer/toolchains/gnu_arm/12.2.rel1_2023.7/bin/../lib/gcc/arm-none-eabi/12.2.1/thumb/v7e-m+fp/softfp\libnosys.a
END GROUP
START GROUP
LOAD c:/siliconlabs/simplicitystudio/v5/developer/toolchains/gnu_arm/12.2.rel1_2023.7/bin/../lib/gcc/arm-none-eabi/12.2.1/thumb/v7e-m+fp/softfp\libgcc.a
LOAD c:/siliconlabs/simplicitystudio/v5/developer/toolchains/gnu_arm/12.2.rel1_2023.7/bin/../lib/gcc/arm-none-eabi/12.2.1/thumb/v7e-m+fp/softfp\libg_nano.a
LOAD c:/siliconlabs/simplicitystudio/v5/developer/toolchains/gnu_arm/12.2.rel1_2023.7/bin/../lib/gcc/arm-none-eabi/12.2.1/thumb/v7e-m+fp/softfp\libc_nano.a
END GROUP
START GROUP
LOAD c:/siliconlabs/simplicitystudio/v5/developer/toolchains/gnu_arm/12.2.rel1_2023.7/bin/../lib/gcc/arm-none-eabi/12.2.1/thumb/v7e-m+fp/softfp\libgcc.a
LOAD c:/siliconlabs/simplicitystudio/v5/developer/toolchains/gnu_arm/12.2.rel1_2023.7/bin/../lib/gcc/arm-none-eabi/12.2.1/thumb/v7e-m+fp/softfp\libc_nano.a
END GROUP
LOAD c:/siliconlabs/simplicitystudio/v5/developer/toolchains/gnu_arm/12.2.rel1_2023.7/bin/../lib/gcc/arm-none-eabi/12.2.1/thumb/v7e-m+fp/softfp/crtend.o
LOAD c:/siliconlabs/simplicitystudio/v5/developer/toolchains/gnu_arm/12.2.rel1_2023.7/bin/../lib/gcc/arm-none-eabi/12.2.1/thumb/v7e-m+fp/softfp/crtn.o

.text           0x08202000    0x118d8
 *(.isr_vector)
 .isr_vector    0x08202000      0x16c ./wiseconnect3_sdk_3.1.3/components/device/silabs/si91x/mcu/core/chip/src/startup_si91x.o
                0x08202000                __Vectors
 *(.reset_handler)
 .reset_handler
                0x0820216c       0x30 ./wiseconnect3_sdk_3.1.3/components/device/silabs/si91x/mcu/core/chip/src/startup_si91x.o
                0x0820216c                RSI_Default_Reset_Handler
 *(EXCLUDE_FILE(*heap_*.o *port.o *sl_rsi_utility.o *malloc_buffers.o *freertos_umm_malloc_host.o *cmsis_os2.o *timers.o *tasks.o *stream_buffer.o *queue.o *list.o *event_groups.o *croutine.o *rsi_hal_mcu_m4_ram.o *rsi_deepsleep_soc.o *sli_si91x_multithreaded.o *sl_si91x_driver.o *sl_si91x_bus.o) .text*)
 .text.deregister_tm_clones
                0x0820219c       0x1c c:/siliconlabs/simplicitystudio/v5/developer/toolchains/gnu_arm/12.2.rel1_2023.7/bin/../lib/gcc/arm-none-eabi/12.2.1/thumb/v7e-m+fp/softfp/crtbegin.o
 .text.register_tm_clones
                0x082021b8       0x24 c:/siliconlabs/simplicitystudio/v5/developer/toolchains/gnu_arm/12.2.rel1_2023.7/bin/../lib/gcc/arm-none-eabi/12.2.1/thumb/v7e-m+fp/softfp/crtbegin.o
 .text.__do_global_dtors_aux
                0x082021dc       0x28 c:/siliconlabs/simplicitystudio/v5/developer/toolchains/gnu_arm/12.2.rel1_2023.7/bin/../lib/gcc/arm-none-eabi/12.2.1/thumb/v7e-m+fp/softfp/crtbegin.o
 .text.frame_dummy
                0x08202204       0x24 c:/siliconlabs/simplicitystudio/v5/developer/toolchains/gnu_arm/12.2.rel1_2023.7/bin/../lib/gcc/arm-none-eabi/12.2.1/thumb/v7e-m+fp/softfp/crtbegin.o
 .text.reset_http_handles
                0x08202228       0x14 ./app.o
 .text.http_get_response_callback_handler
                0x0820223c       0xc4 ./app.o
                0x0820223c                http_get_response_callback_handler
 .text.http_response_status
                0x08202300       0x1a ./app.o
                0x08202300                http_response_status
 *fill*         0x0820231a        0x2 
 .text.http_client_application
                0x0820231c      0x1a8 ./app.o
                0x0820231c                http_client_application
 .text.application_start
                0x082024c4       0x74 ./app.o
 .text.app_init
                0x08202538       0x18 ./app.o
                0x08202538                app_init
 .text.dmesg    0x08202550      0x11c ./fatfs_sdcard.o
                0x08202550                dmesg
 .text.ls       0x0820266c       0xcc ./fatfs_sdcard.o
                0x0820266c                ls
 .text.sdcard_write
                0x08202738       0x18 ./fatfs_sdcard.o
                0x08202738                sdcard_write
 .text.fatfs_sdcard_init
                0x08202750       0xa4 ./fatfs_sdcard.o
                0x08202750                fatfs_sdcard_init
 .text.sdcard_ends
                0x082027f4       0x28 ./fatfs_sdcard.o
                0x082027f4                sdcard_ends
 .text.main     0x0820281c       0x12 ./main.o
                0x0820281c                main
 .text.sl_platform_init
                0x0820282e       0x1c ./autogen/sl_event_handler.o
                0x0820282e                sl_platform_init
 .text.sl_kernel_start
                0x0820284a        0x8 ./autogen/sl_event_handler.o
                0x0820284a                sl_kernel_start
 .text.sl_driver_init
                0x08202852        0x2 ./autogen/sl_event_handler.o
                0x08202852                sl_driver_init
 .text.sl_service_init
                0x08202854        0x2 ./autogen/sl_event_handler.o
                0x08202854                sl_service_init
 .text.sl_stack_init
                0x08202856        0x2 ./autogen/sl_event_handler.o
                0x08202856                sl_stack_init
 .text.sl_internal_app_init
                0x08202858        0x2 ./autogen/sl_event_handler.o
                0x08202858                sl_internal_app_init
 .text.sli_osTaskRegisterSetValue
                0x0820285a        0xa ./gecko_sdk_4.4.1/platform/common/src/sli_cmsis_os2_ext_task_register.o
                0x0820285a                sli_osTaskRegisterSetValue
 .text.sl_system_init
                0x08202864       0x18 ./gecko_sdk_4.4.1/platform/service/system/src/sl_system_init.o
                0x08202864                sl_system_init
 .text.sl_system_kernel_start
                0x0820287c        0x8 ./gecko_sdk_4.4.1/platform/service/system/src/sl_system_kernel.o
                0x0820287c                sl_system_kernel_start
 .text.MX_FATFS_Init
                0x08202884       0x1c ./third_party/FatFs/port/fatfs.o
                0x08202884                MX_FATFS_Init
 .text.get_fattime
                0x082028a0        0x4 ./third_party/FatFs/port/fatfs.o
                0x082028a0                get_fattime
 .text.USER_initialize
                0x082028a4        0x8 ./third_party/FatFs/port/user_diskio.o
                0x082028a4                USER_initialize
 .text.USER_status
                0x082028ac        0x8 ./third_party/FatFs/port/user_diskio.o
                0x082028ac                USER_status
 .text.USER_read
                0x082028b4        0x8 ./third_party/FatFs/port/user_diskio.o
                0x082028b4                USER_read
 .text.USER_write
                0x082028bc        0x8 ./third_party/FatFs/port/user_diskio.o
                0x082028bc                USER_write
 .text.USER_ioctl
                0x082028c4        0x8 ./third_party/FatFs/port/user_diskio.o
                0x082028c4                USER_ioctl
 .text.init_clock_configuration_structure
                0x082028cc       0x34 ./third_party/FatFs/port/user_diskio_spi.o
 .text.callback_event
                0x08202900       0x20 ./third_party/FatFs/port/user_diskio_spi.o
 .text.sl_gpio_set_pin_output
                0x08202920       0x8c ./third_party/FatFs/port/user_diskio_spi.o
 .text.init_gspi
                0x082029ac      0x1c4 ./third_party/FatFs/port/user_diskio_spi.o
 .text.sl_gpio_clear_pin_output
                0x08202b70       0x8c ./third_party/FatFs/port/user_diskio_spi.o
 .text.xchg_spi
                0x08202bfc       0x50 ./third_party/FatFs/port/user_diskio_spi.o
 .text.wait_ready
                0x08202c4c       0x2a ./third_party/FatFs/port/user_diskio_spi.o
 *fill*         0x08202c76        0x2 
 .text.despiselect
                0x08202c78       0x18 ./third_party/FatFs/port/user_diskio_spi.o
 .text.spiselect
                0x08202c90       0x30 ./third_party/FatFs/port/user_diskio_spi.o
 .text.send_cmd
                0x08202cc0       0x8c ./third_party/FatFs/port/user_diskio_spi.o
 .text.xmit_spi_multi
                0x08202d4c       0x38 ./third_party/FatFs/port/user_diskio_spi.o
 .text.xmit_datablock
                0x08202d84       0x4c ./third_party/FatFs/port/user_diskio_spi.o
 .text.rcvr_spi_multi
                0x08202dd0       0x50 ./third_party/FatFs/port/user_diskio_spi.o
 .text.SPI_Timer_On
                0x08202e20       0x1c ./third_party/FatFs/port/user_diskio_spi.o
                0x08202e20                SPI_Timer_On
 .text.SPI_Timer_Status
                0x08202e3c       0x24 ./third_party/FatFs/port/user_diskio_spi.o
                0x08202e3c                SPI_Timer_Status
 .text.rcvr_datablock
                0x08202e60       0x40 ./third_party/FatFs/port/user_diskio_spi.o
 .text.USER_SPI_initialize
                0x08202ea0      0x17c ./third_party/FatFs/port/user_diskio_spi.o
                0x08202ea0                USER_SPI_initialize
 .text.USER_SPI_status
                0x0820301c       0x14 ./third_party/FatFs/port/user_diskio_spi.o
                0x0820301c                USER_SPI_status
 .text.USER_SPI_read
                0x08203030       0x8c ./third_party/FatFs/port/user_diskio_spi.o
                0x08203030                USER_SPI_read
 .text.USER_SPI_write
                0x082030bc       0xb0 ./third_party/FatFs/port/user_diskio_spi.o
                0x082030bc                USER_SPI_write
 .text.USER_SPI_ioctl
                0x0820316c      0x224 ./third_party/FatFs/port/user_diskio_spi.o
                0x0820316c                USER_SPI_ioctl
 .text.disk_status
                0x08203390       0x18 ./third_party/FatFs/src/diskio.o
                0x08203390                disk_status
 .text.disk_initialize
                0x082033a8       0x28 ./third_party/FatFs/src/diskio.o
                0x082033a8                disk_initialize
 .text.disk_read
                0x082033d0       0x18 ./third_party/FatFs/src/diskio.o
                0x082033d0                disk_read
 .text.disk_write
                0x082033e8       0x18 ./third_party/FatFs/src/diskio.o
                0x082033e8                disk_write
 .text.disk_ioctl
                0x08203400       0x18 ./third_party/FatFs/src/diskio.o
                0x08203400                disk_ioctl
 .text.mem_cpy  0x08203418       0x14 ./third_party/FatFs/src/ff.o
 .text.mem_set  0x0820342c       0x10 ./third_party/FatFs/src/ff.o
 .text.mem_cmp  0x0820343c       0x20 ./third_party/FatFs/src/ff.o
 .text.chk_chr  0x0820345c       0x10 ./third_party/FatFs/src/ff.o
 .text.chk_lock
                0x0820346c       0x8c ./third_party/FatFs/src/ff.o
 .text.enq_lock
                0x082034f8       0x24 ./third_party/FatFs/src/ff.o
 .text.inc_lock
                0x0820351c       0xcc ./third_party/FatFs/src/ff.o
 .text.dec_lock
                0x082035e8       0x4c ./third_party/FatFs/src/ff.o
 .text.clear_lock
                0x08203634       0x48 ./third_party/FatFs/src/ff.o
 .text.clmt_clust
                0x0820367c       0x28 ./third_party/FatFs/src/ff.o
 .text.ld_clust
                0x082036a4       0x22 ./third_party/FatFs/src/ff.o
 .text.st_clust
                0x082036c6       0x14 ./third_party/FatFs/src/ff.o
 .text.get_fileinfo
                0x082036da       0x7c ./third_party/FatFs/src/ff.o
 *fill*         0x08203756        0x2 
 .text.create_name
                0x08203758      0x114 ./third_party/FatFs/src/ff.o
 .text.get_ldnumber
                0x0820386c       0x54 ./third_party/FatFs/src/ff.o
 .text.sync_window
                0x082038c0       0x5e ./third_party/FatFs/src/ff.o
 .text.move_window
                0x0820391e       0x3a ./third_party/FatFs/src/ff.o
 .text.check_fs
                0x08203958       0x90 ./third_party/FatFs/src/ff.o
 .text.validate
                0x082039e8       0x34 ./third_party/FatFs/src/ff.o
 .text.find_volume
                0x08203a1c      0x3ac ./third_party/FatFs/src/ff.o
 .text.sync_fs  0x08203dc8       0xc2 ./third_party/FatFs/src/ff.o
 .text.clust2sect
                0x08203e8a       0x1e ./third_party/FatFs/src/ff.o
                0x08203e8a                clust2sect
 .text.get_fat  0x08203ea8       0xdc ./third_party/FatFs/src/ff.o
                0x08203ea8                get_fat
 .text.dir_sdi  0x08203f84       0xb6 ./third_party/FatFs/src/ff.o
 .text.put_fat  0x0820403a      0x116 ./third_party/FatFs/src/ff.o
                0x0820403a                put_fat
 .text.create_chain
                0x08204150       0xce ./third_party/FatFs/src/ff.o
 .text.dir_next
                0x0820421e      0x140 ./third_party/FatFs/src/ff.o
 .text.dir_find
                0x0820435e       0x56 ./third_party/FatFs/src/ff.o
 .text.follow_path
                0x082043b4       0x88 ./third_party/FatFs/src/ff.o
 .text.dir_alloc
                0x0820443c       0x54 ./third_party/FatFs/src/ff.o
 .text.dir_register
                0x08204490       0x4a ./third_party/FatFs/src/ff.o
 .text.dir_read
                0x082044da       0x62 ./third_party/FatFs/src/ff.o
 .text.remove_chain
                0x0820453c       0x74 ./third_party/FatFs/src/ff.o
 .text.f_mount  0x082045b0       0x60 ./third_party/FatFs/src/ff.o
                0x082045b0                f_mount
 .text.f_open   0x08204610      0x1e2 ./third_party/FatFs/src/ff.o
                0x08204610                f_open
 .text.f_write  0x082047f2      0x23a ./third_party/FatFs/src/ff.o
                0x082047f2                f_write
 .text.f_sync   0x08204a2c       0xbe ./third_party/FatFs/src/ff.o
                0x08204a2c                f_sync
 .text.f_close  0x08204aea       0x28 ./third_party/FatFs/src/ff.o
                0x08204aea                f_close
 .text.f_opendir
                0x08204b12       0xa0 ./third_party/FatFs/src/ff.o
                0x08204b12                f_opendir
 .text.f_readdir
                0x08204bb2       0x60 ./third_party/FatFs/src/ff.o
                0x08204bb2                f_readdir
 *fill*         0x08204c12        0x2 
 .text.FATFS_LinkDriverEx
                0x08204c14       0x3c ./third_party/FatFs/src/ff_gen_drv.o
                0x08204c14                FATFS_LinkDriverEx
 .text.FATFS_LinkDriver
                0x08204c50        0xa ./third_party/FatFs/src/ff_gen_drv.o
                0x08204c50                FATFS_LinkDriver
 *fill*         0x08204c5a        0x2 
 .text.RSI_Board_Init
                0x08204c5c       0x74 ./wiseconnect3_sdk_3.1.3/components/board/silabs/src/rsi_board.o
                0x08204c5c                RSI_Board_Init
 .text.sl_debug_log
                0x08204cd0        0x6 ./wiseconnect3_sdk_3.1.3/components/common/src/sl_utility.o
                0x08204cd0                sl_debug_log
 .text.update_ipmu_data
                0x08204cd6       0x64 ./wiseconnect3_sdk_3.1.3/components/device/silabs/si91x/mcu/core/chip/src/iPMU_prog/iPMU_dotc/ipmu_apis.o
                0x08204cd6                update_ipmu_data
 *fill*         0x08204d3a        0x2 
 .text.init_ipmu_calib_data
                0x08204d3c       0x60 ./wiseconnect3_sdk_3.1.3/components/device/silabs/si91x/mcu/core/chip/src/iPMU_prog/iPMU_dotc/ipmu_apis.o
                0x08204d3c                init_ipmu_calib_data
 .text.program_ipmu_data
                0x08204d9c       0x60 ./wiseconnect3_sdk_3.1.3/components/device/silabs/si91x/mcu/core/chip/src/iPMU_prog/iPMU_dotc/ipmu_apis.o
                0x08204d9c                program_ipmu_data
 .text.ipmu_init_mcu
                0x08204dfc       0x90 ./wiseconnect3_sdk_3.1.3/components/device/silabs/si91x/mcu/core/chip/src/iPMU_prog/iPMU_dotc/ipmu_apis.o
                0x08204dfc                ipmu_init_mcu
 .text.ipmu_init
                0x08204e8c       0xa8 ./wiseconnect3_sdk_3.1.3/components/device/silabs/si91x/mcu/core/chip/src/iPMU_prog/iPMU_dotc/ipmu_apis.o
                0x08204e8c                ipmu_init
 .text.configure_ipmu_mode
                0x08204f34       0x3c ./wiseconnect3_sdk_3.1.3/components/device/silabs/si91x/mcu/core/chip/src/iPMU_prog/iPMU_dotc/ipmu_apis.o
                0x08204f34                configure_ipmu_mode
 .text.Default_Handler
                0x08204f70        0x2 ./wiseconnect3_sdk_3.1.3/components/device/silabs/si91x/mcu/core/chip/src/startup_si91x.o
                0x08204f70                DebugMon_Handler
                0x08204f70                IRQ031_Handler
                0x08204f70                HardFault_Handler
                0x08204f70                IRQ095_Handler
                0x08204f70                IRQ065_Handler
                0x08204f70                IRQ093_Handler
                0x08204f70                NMI_Handler
                0x08204f70                IRQ011_Handler
                0x08204f70                IRQ014_Handler
                0x08204f70                IRQ027_Handler
                0x08204f70                IRQ062_Handler
                0x08204f70                IRQ097_Handler
                0x08204f70                IRQ088_Handler
                0x08204f70                IRQ034_Handler
                0x08204f70                IRQ071_Handler
                0x08204f70                IRQ067_Handler
                0x08204f70                IRQ070_Handler
                0x08204f70                IRQ077_Handler
                0x08204f70                IRQ028_Handler
                0x08204f70                IRQ063_Handler
                0x08204f70                IRQ076_Handler
                0x08204f70                UsageFault_Handler
                0x08204f70                IRQ023_Handler
                0x08204f70                IRQ009_Handler
                0x08204f70                IRQ048_Handler
                0x08204f70                IRQ083_Handler
                0x08204f70                IRQ089_Handler
                0x08204f70                HIF1_IRQHandler
                0x08204f70                IRQ037_Handler
                0x08204f70                IRQ072_Handler
                0x08204f70                IRQ008_Handler
                0x08204f70                IRQ047_Handler
                0x08204f70                IRQ082_Handler
                0x08204f70                IRQ022_Handler
                0x08204f70                IRQ007_Handler
                0x08204f70                IRQ081_Handler
                0x08204f70                IRQ004_Handler
                0x08204f70                IRQ043_Handler
                0x08204f70                IRQ002_Handler
                0x08204f70                IRQ041_Handler
                0x08204f70                IRQ098_Handler
                0x08204f70                IRQ000_Handler
                0x08204f70                IRQ005_Handler
                0x08204f70                IRQ044_Handler
                0x08204f70                IRQ049_Handler
                0x08204f70                IRQ084_Handler
                0x08204f70                IRQ006_Handler
                0x08204f70                IRQ045_Handler
                0x08204f70                IRQ080_Handler
                0x08204f70                IRQ015_Handler
                0x08204f70                MemManage_Handler
                0x08204f70                HIF2_IRQHandler
                0x08204f70                IRQ001_Handler
                0x08204f70                IRQ040_Handler
                0x08204f70                IRQ068_Handler
                0x08204f70                IRQ096_Handler
                0x08204f70                IRQ003_Handler
                0x08204f70                IRQ042_Handler
                0x08204f70                IRQ024_Handler
                0x08204f70                IRQ016_Handler
                0x08204f70                IRQ090_Handler
                0x08204f70                IRQ078_Handler
                0x08204f70                IRQ032_Handler
                0x08204f70                IRQ020_Handler
                0x08204f70                IRQ073_Handler
                0x08204f70                IRQ092_Handler
                0x08204f70                IRQ087_Handler
                0x08204f70                IRQ026_Handler
                0x08204f70                IRQ061_Handler
                0x08204f70                IRQ025_Handler
                0x08204f70                IRQ060_Handler
                0x08204f70                IRQ085_Handler
                0x08204f70                IRQ013_Handler
                0x08204f70                IRQ030_Handler
                0x08204f70                IRQ029_Handler
                0x08204f70                IRQ064_Handler
                0x08204f70                IRQ066_Handler
                0x08204f70                IRQ017_Handler
                0x08204f70                IRQ091_Handler
                0x08204f70                BusFault_Handler
                0x08204f70                IRQ069_Handler
                0x08204f70                IRQ075_Handler
                0x08204f70                IRQ086_Handler
                0x08204f70                IRQ094_Handler
                0x08204f70                IRQ079_Handler
 .text.Default_Reset_Handler
                0x08204f72        0x2 ./wiseconnect3_sdk_3.1.3/components/device/silabs/si91x/mcu/core/chip/src/startup_si91x.o
                0x08204f72                Default_Reset_Handler
                0x08204f72                Reset_Handler
 .text.Copy_Table
                0x08204f74       0x24 ./wiseconnect3_sdk_3.1.3/components/device/silabs/si91x/mcu/core/chip/src/startup_si91x.o
                0x08204f74                Copy_Table
 .text.Zero_Table
                0x08204f98       0x1c ./wiseconnect3_sdk_3.1.3/components/device/silabs/si91x/mcu/core/chip/src/startup_si91x.o
                0x08204f98                Zero_Table
 .text.SystemCoreClockUpdate
                0x08204fb4      0x108 ./wiseconnect3_sdk_3.1.3/components/device/silabs/si91x/mcu/core/chip/src/system_si91x.o
                0x08204fb4                SystemCoreClockUpdate
 .text.fpuInit  0x082050bc       0x48 ./wiseconnect3_sdk_3.1.3/components/device/silabs/si91x/mcu/core/chip/src/system_si91x.o
                0x082050bc                fpuInit
 .text.SystemInit
                0x08205104       0xe8 ./wiseconnect3_sdk_3.1.3/components/device/silabs/si91x/mcu/core/chip/src/system_si91x.o
                0x08205104                SystemInit
 .text.ARM_UART_SignalEvent
                0x082051ec       0x2c ./wiseconnect3_sdk_3.1.3/components/device/silabs/si91x/mcu/core/common/src/rsi_debug.o
                0x082051ec                ARM_UART_SignalEvent
 .text.Board_Debug_Init
                0x08205218       0x4c ./wiseconnect3_sdk_3.1.3/components/device/silabs/si91x/mcu/core/common/src/rsi_debug.o
                0x08205218                Board_Debug_Init
 .text.Board_UARTGetChar
                0x08205264       0x38 ./wiseconnect3_sdk_3.1.3/components/device/silabs/si91x/mcu/core/common/src/rsi_debug.o
                0x08205264                Board_UARTGetChar
 .text.Board_UARTPutChar
                0x0820529c       0x38 ./wiseconnect3_sdk_3.1.3/components/device/silabs/si91x/mcu/core/common/src/rsi_debug.o
                0x0820529c                Board_UARTPutChar
 .text.read_exclude_space
                0x082052d4       0x30 ./wiseconnect3_sdk_3.1.3/components/device/silabs/si91x/mcu/core/common/src/syscalls.o
 .text.scanf_data_format
                0x08205304      0x308 ./wiseconnect3_sdk_3.1.3/components/device/silabs/si91x/mcu/core/common/src/syscalls.o
 .text._getpid  0x0820560c        0x4 ./wiseconnect3_sdk_3.1.3/components/device/silabs/si91x/mcu/core/common/src/syscalls.o
                0x0820560c                _getpid
 .text._kill    0x08205610       0x10 ./wiseconnect3_sdk_3.1.3/components/device/silabs/si91x/mcu/core/common/src/syscalls.o
                0x08205610                _kill
 .text._exit    0x08205620        0xc ./wiseconnect3_sdk_3.1.3/components/device/silabs/si91x/mcu/core/common/src/syscalls.o
                0x08205620                _exit
 .text._write   0x0820562c       0x1c ./wiseconnect3_sdk_3.1.3/components/device/silabs/si91x/mcu/core/common/src/syscalls.o
                0x0820562c                _write
 .text._close   0x08205648        0x6 ./wiseconnect3_sdk_3.1.3/components/device/silabs/si91x/mcu/core/common/src/syscalls.o
                0x08205648                _close
 .text._fstat   0x0820564e        0xa ./wiseconnect3_sdk_3.1.3/components/device/silabs/si91x/mcu/core/common/src/syscalls.o
                0x0820564e                _fstat
 .text._isatty  0x08205658        0x4 ./wiseconnect3_sdk_3.1.3/components/device/silabs/si91x/mcu/core/common/src/syscalls.o
                0x08205658                _isatty
 .text._lseek   0x0820565c        0x4 ./wiseconnect3_sdk_3.1.3/components/device/silabs/si91x/mcu/core/common/src/syscalls.o
                0x0820565c                _lseek
 .text._read    0x08205660       0x80 ./wiseconnect3_sdk_3.1.3/components/device/silabs/si91x/mcu/core/common/src/syscalls.o
                0x08205660                _read
 .text.sl_si91x_device_init_nvic
                0x082056e0       0x34 ./wiseconnect3_sdk_3.1.3/components/device/silabs/si91x/mcu/core/config/src/rsi_nvic_priorities_config.o
                0x082056e0                sl_si91x_device_init_nvic
 .text.GSPI_MASTER_GetVersion
                0x08205714       0x24 ./wiseconnect3_sdk_3.1.3/components/device/silabs/si91x/mcu/drivers/cmsis_driver/GSPI.o
                0x08205714                GSPI_MASTER_GetVersion
 .text.GSPI_MASTER_GetCapabilities
                0x08205738       0x10 ./wiseconnect3_sdk_3.1.3/components/device/silabs/si91x/mcu/drivers/cmsis_driver/GSPI.o
                0x08205738                GSPI_MASTER_GetCapabilities
 .text.GSPI_MASTER_GetDataCount
                0x08205748       0x10 ./wiseconnect3_sdk_3.1.3/components/device/silabs/si91x/mcu/drivers/cmsis_driver/GSPI.o
 .text.GSPI_MASTER_Transfer
                0x08205758       0x30 ./wiseconnect3_sdk_3.1.3/components/device/silabs/si91x/mcu/drivers/cmsis_driver/GSPI.o
 .text.GSPI_MASTER_Receive
                0x08205788       0x2c ./wiseconnect3_sdk_3.1.3/components/device/silabs/si91x/mcu/drivers/cmsis_driver/GSPI.o
 .text.GSPI_MASTER_Send
                0x082057b4       0x2c ./wiseconnect3_sdk_3.1.3/components/device/silabs/si91x/mcu/drivers/cmsis_driver/GSPI.o
 .text.GSPI_MASTER_PowerControl
                0x082057e0       0x10 ./wiseconnect3_sdk_3.1.3/components/device/silabs/si91x/mcu/drivers/cmsis_driver/GSPI.o
 .text.GSPI_MASTER_Uninitialize
                0x082057f0       0x20 ./wiseconnect3_sdk_3.1.3/components/device/silabs/si91x/mcu/drivers/cmsis_driver/GSPI.o
 .text.GSPI_MASTER_Initialize
                0x08205810       0x30 ./wiseconnect3_sdk_3.1.3/components/device/silabs/si91x/mcu/drivers/cmsis_driver/GSPI.o
 .text.GSPI_GetStatus
                0x08205840        0x4 ./wiseconnect3_sdk_3.1.3/components/device/silabs/si91x/mcu/drivers/cmsis_driver/GSPI.o
                0x08205840                GSPI_GetStatus
 .text.GSPI_MASTER_GetStatus
                0x08205844       0x10 ./wiseconnect3_sdk_3.1.3/components/device/silabs/si91x/mcu/drivers/cmsis_driver/GSPI.o
 .text.RSI_GSPI_SetSlaveSelectNumber
                0x08205854        0xc ./wiseconnect3_sdk_3.1.3/components/device/silabs/si91x/mcu/drivers/cmsis_driver/GSPI.o
                0x08205854                RSI_GSPI_SetSlaveSelectNumber
 .text.RSI_GSPI_GetSlaveSelectNumber
                0x08205860        0xc ./wiseconnect3_sdk_3.1.3/components/device/silabs/si91x/mcu/drivers/cmsis_driver/GSPI.o
                0x08205860                RSI_GSPI_GetSlaveSelectNumber
 .text.GSPI_MASTER_Control
                0x0820586c       0x48 ./wiseconnect3_sdk_3.1.3/components/device/silabs/si91x/mcu/drivers/cmsis_driver/GSPI.o
 .text.IRQ046_Handler
                0x082058b4       0x10 ./wiseconnect3_sdk_3.1.3/components/device/silabs/si91x/mcu/drivers/cmsis_driver/GSPI.o
                0x082058b4                IRQ046_Handler
 .text.GSPI_GetFrameLength
                0x082058c4       0x10 ./wiseconnect3_sdk_3.1.3/components/device/silabs/si91x/mcu/drivers/cmsis_driver/GSPI.o
                0x082058c4                GSPI_GetFrameLength
 .text.GSPI_SwapReadWriteByte
                0x082058d4       0x5c ./wiseconnect3_sdk_3.1.3/components/device/silabs/si91x/mcu/drivers/cmsis_driver/GSPI.o
                0x082058d4                GSPI_SwapReadWriteByte
 .text.GSPI_GetInitState
                0x08205930       0x10 ./wiseconnect3_sdk_3.1.3/components/device/silabs/si91x/mcu/drivers/cmsis_driver/GSPI.o
                0x08205930                GSPI_GetInitState
 .text.gspi_transfer_complete_callback
                0x08205940       0x2c ./wiseconnect3_sdk_3.1.3/components/device/silabs/si91x/mcu/drivers/cmsis_driver/GSPI.o
                0x08205940                gspi_transfer_complete_callback
 .text.gspi_error_callback
                0x0820596c       0x2c ./wiseconnect3_sdk_3.1.3/components/device/silabs/si91x/mcu/drivers/cmsis_driver/GSPI.o
                0x0820596c                gspi_error_callback
 .text.ARM_USARTx_GetVersion
                0x08205998       0x24 ./wiseconnect3_sdk_3.1.3/components/device/silabs/si91x/mcu/drivers/cmsis_driver/USART.o
                0x08205998                ARM_USARTx_GetVersion
 .text.ARM_ULP_UART_GetModemStatus
                0x082059bc       0x10 ./wiseconnect3_sdk_3.1.3/components/device/silabs/si91x/mcu/drivers/cmsis_driver/USART.o
 .text.ARM_ULP_UART_SetModemControl
                0x082059cc       0x10 ./wiseconnect3_sdk_3.1.3/components/device/silabs/si91x/mcu/drivers/cmsis_driver/USART.o
 .text.ARM_ULP_UART_GetStatus
                0x082059dc       0x10 ./wiseconnect3_sdk_3.1.3/components/device/silabs/si91x/mcu/drivers/cmsis_driver/USART.o
 .text.ARM_ULP_UART_Control
                0x082059ec       0x34 ./wiseconnect3_sdk_3.1.3/components/device/silabs/si91x/mcu/drivers/cmsis_driver/USART.o
 .text.ARM_ULP_UART_GetRxCount
                0x08205a20       0x10 ./wiseconnect3_sdk_3.1.3/components/device/silabs/si91x/mcu/drivers/cmsis_driver/USART.o
 .text.ARM_ULP_UART_GetTxCount
                0x08205a30       0x10 ./wiseconnect3_sdk_3.1.3/components/device/silabs/si91x/mcu/drivers/cmsis_driver/USART.o
 .text.ARM_ULP_UART_Transfer
                0x08205a40       0x7c ./wiseconnect3_sdk_3.1.3/components/device/silabs/si91x/mcu/drivers/cmsis_driver/USART.o
 .text.ARM_ULP_UART_Receive
                0x08205abc       0x58 ./wiseconnect3_sdk_3.1.3/components/device/silabs/si91x/mcu/drivers/cmsis_driver/USART.o
 .text.ARM_ULP_UART_Send
                0x08205b14       0x58 ./wiseconnect3_sdk_3.1.3/components/device/silabs/si91x/mcu/drivers/cmsis_driver/USART.o
 .text.ARM_ULP_UART_PowerControl
                0x08205b6c       0x1c ./wiseconnect3_sdk_3.1.3/components/device/silabs/si91x/mcu/drivers/cmsis_driver/USART.o
 .text.ARM_ULP_UART_Uninitialize
                0x08205b88       0x20 ./wiseconnect3_sdk_3.1.3/components/device/silabs/si91x/mcu/drivers/cmsis_driver/USART.o
 .text.ARM_ULP_UART_Initialize
                0x08205ba8       0x30 ./wiseconnect3_sdk_3.1.3/components/device/silabs/si91x/mcu/drivers/cmsis_driver/USART.o
 .text.USART_GetCapabilities
                0x08205bd8        0x4 ./wiseconnect3_sdk_3.1.3/components/device/silabs/si91x/mcu/drivers/cmsis_driver/USART.o
                0x08205bd8                USART_GetCapabilities
 .text.ARM_ULP_UART_GetCapabilities
                0x08205bdc       0x10 ./wiseconnect3_sdk_3.1.3/components/device/silabs/si91x/mcu/drivers/cmsis_driver/USART.o
 .text.IRQ038_Handler
                0x08205bec       0x10 ./wiseconnect3_sdk_3.1.3/components/device/silabs/si91x/mcu/drivers/cmsis_driver/USART.o
                0x08205bec                IRQ038_Handler
 .text.IRQ039_Handler
                0x08205bfc       0x10 ./wiseconnect3_sdk_3.1.3/components/device/silabs/si91x/mcu/drivers/cmsis_driver/USART.o
                0x08205bfc                IRQ039_Handler
 .text.RSI_ULPUartHandler
                0x08205c0c       0x10 ./wiseconnect3_sdk_3.1.3/components/device/silabs/si91x/mcu/drivers/cmsis_driver/USART.o
                0x08205c0c                RSI_ULPUartHandler
 .text.IRQ012_Handler
                0x08205c1c       0x10 ./wiseconnect3_sdk_3.1.3/components/device/silabs/si91x/mcu/drivers/cmsis_driver/USART.o
                0x08205c1c                IRQ012_Handler
 .text.RSI_CLK_GetBaseClock
                0x08205c2c      0x6bc ./wiseconnect3_sdk_3.1.3/components/device/silabs/si91x/mcu/drivers/peripheral_drivers/src/clock_update.o
                0x08205c2c                RSI_CLK_GetBaseClock
 .text.egpio_set_dir
                0x082062e8       0x10 ./wiseconnect3_sdk_3.1.3/components/device/silabs/si91x/mcu/drivers/peripheral_drivers/src/rsi_egpio.o
                0x082062e8                egpio_set_dir
 .text.egpio_set_pin
                0x082062f8        0xc ./wiseconnect3_sdk_3.1.3/components/device/silabs/si91x/mcu/drivers/peripheral_drivers/src/rsi_egpio.o
                0x082062f8                egpio_set_pin
 .text.egpio_set_pin_mux
                0x08206304       0x10 ./wiseconnect3_sdk_3.1.3/components/device/silabs/si91x/mcu/drivers/peripheral_drivers/src/rsi_egpio.o
                0x08206304                egpio_set_pin_mux
 .text.egpio_host_pads_gpio_mode_enable
                0x08206314       0x5c ./wiseconnect3_sdk_3.1.3/components/device/silabs/si91x/mcu/drivers/peripheral_drivers/src/rsi_egpio.o
                0x08206314                egpio_host_pads_gpio_mode_enable
 .text.egpio_pad_selection_enable
                0x08206370       0x30 ./wiseconnect3_sdk_3.1.3/components/device/silabs/si91x/mcu/drivers/peripheral_drivers/src/rsi_egpio.o
                0x08206370                egpio_pad_selection_enable
 .text.egpio_pad_receiver_enable
                0x082063a0       0x14 ./wiseconnect3_sdk_3.1.3/components/device/silabs/si91x/mcu/drivers/peripheral_drivers/src/rsi_egpio.o
                0x082063a0                egpio_pad_receiver_enable
 .text.egpio_pad_driver_disable_state
                0x082063b4       0x18 ./wiseconnect3_sdk_3.1.3/components/device/silabs/si91x/mcu/drivers/peripheral_drivers/src/rsi_egpio.o
                0x082063b4                egpio_pad_driver_disable_state
 .text.egpio_ulp_pad_receiver_enable
                0x082063cc       0x14 ./wiseconnect3_sdk_3.1.3/components/device/silabs/si91x/mcu/drivers/peripheral_drivers/src/rsi_egpio.o
                0x082063cc                egpio_ulp_pad_receiver_enable
 .text.egpio_ulp_pad_driver_disable_state
                0x082063e0       0x5c ./wiseconnect3_sdk_3.1.3/components/device/silabs/si91x/mcu/drivers/peripheral_drivers/src/rsi_egpio.o
                0x082063e0                egpio_ulp_pad_driver_disable_state
 .text.__NVIC_EnableIRQ
                0x0820643c       0x1c ./wiseconnect3_sdk_3.1.3/components/device/silabs/si91x/mcu/drivers/peripheral_drivers/src/rsi_gspi.o
 .text.__NVIC_DisableIRQ
                0x08206458       0x24 ./wiseconnect3_sdk_3.1.3/components/device/silabs/si91x/mcu/drivers/peripheral_drivers/src/rsi_gspi.o
 .text.GSPI_Initialize
                0x0820647c      0x308 ./wiseconnect3_sdk_3.1.3/components/device/silabs/si91x/mcu/drivers/peripheral_drivers/src/rsi_gspi.o
                0x0820647c                GSPI_Initialize
 .text.GSPI_Uninitialize
                0x08206784       0x38 ./wiseconnect3_sdk_3.1.3/components/device/silabs/si91x/mcu/drivers/peripheral_drivers/src/rsi_gspi.o
                0x08206784                GSPI_Uninitialize
 .text.GSPI_PowerControl
                0x082067bc       0xe8 ./wiseconnect3_sdk_3.1.3/components/device/silabs/si91x/mcu/drivers/peripheral_drivers/src/rsi_gspi.o
                0x082067bc                GSPI_PowerControl
 .text.GSPI_Control
                0x082068a4      0x34c ./wiseconnect3_sdk_3.1.3/components/device/silabs/si91x/mcu/drivers/peripheral_drivers/src/rsi_gspi.o
                0x082068a4                GSPI_Control
 .text.GSPI_Send
                0x08206bf0      0x288 ./wiseconnect3_sdk_3.1.3/components/device/silabs/si91x/mcu/drivers/peripheral_drivers/src/rsi_gspi.o
                0x08206bf0                GSPI_Send
 .text.GSPI_Receive
                0x08206e78      0x350 ./wiseconnect3_sdk_3.1.3/components/device/silabs/si91x/mcu/drivers/peripheral_drivers/src/rsi_gspi.o
                0x08206e78                GSPI_Receive
 .text.GSPI_Transfer
                0x082071c8      0x3bc ./wiseconnect3_sdk_3.1.3/components/device/silabs/si91x/mcu/drivers/peripheral_drivers/src/rsi_gspi.o
                0x082071c8                GSPI_Transfer
 .text.GSPI_GetDataCount
                0x08207584       0x14 ./wiseconnect3_sdk_3.1.3/components/device/silabs/si91x/mcu/drivers/peripheral_drivers/src/rsi_gspi.o
                0x08207584                GSPI_GetDataCount
 .text.GSPI_UDMA_Tx_Event
                0x08207598       0x22 ./wiseconnect3_sdk_3.1.3/components/device/silabs/si91x/mcu/drivers/peripheral_drivers/src/rsi_gspi.o
                0x08207598                GSPI_UDMA_Tx_Event
 .text.GSPI_UDMA_Rx_Event
                0x082075ba       0x1a ./wiseconnect3_sdk_3.1.3/components/device/silabs/si91x/mcu/drivers/peripheral_drivers/src/rsi_gspi.o
                0x082075ba                GSPI_UDMA_Rx_Event
 .text.GSPI_IRQHandler
                0x082075d4      0x15c ./wiseconnect3_sdk_3.1.3/components/device/silabs/si91x/mcu/drivers/peripheral_drivers/src/rsi_gspi.o
                0x082075d4                GSPI_IRQHandler
 .text.udma_init
                0x08207730       0x36 ./wiseconnect3_sdk_3.1.3/components/device/silabs/si91x/mcu/drivers/peripheral_drivers/src/rsi_udma.o
                0x08207730                udma_init
 *fill*         0x08207766        0x2 
 .text.udma_setup_channel_transfer
                0x08207768      0x20c ./wiseconnect3_sdk_3.1.3/components/device/silabs/si91x/mcu/drivers/peripheral_drivers/src/rsi_udma.o
                0x08207768                udma_setup_channel_transfer
 .text.RSI_UDMA_SetSingleRequest
                0x08207974       0x10 ./wiseconnect3_sdk_3.1.3/components/device/silabs/si91x/mcu/drivers/peripheral_drivers/src/rsi_udma.o
                0x08207974                RSI_UDMA_SetSingleRequest
 .text.udma_interrupt_enable
                0x08207984       0x58 ./wiseconnect3_sdk_3.1.3/components/device/silabs/si91x/mcu/drivers/peripheral_drivers/src/rsi_udma.o
                0x08207984                udma_interrupt_enable
 .text.RSI_UDMA_AckEnable
                0x082079dc       0x6c ./wiseconnect3_sdk_3.1.3/components/device/silabs/si91x/mcu/drivers/peripheral_drivers/src/rsi_udma.o
                0x082079dc                RSI_UDMA_AckEnable
 .text.udma_setup_channel
                0x08207a48       0x80 ./wiseconnect3_sdk_3.1.3/components/device/silabs/si91x/mcu/drivers/peripheral_drivers/src/rsi_udma.o
                0x08207a48                udma_setup_channel
 .text.__NVIC_EnableIRQ
                0x08207ac8       0x1c ./wiseconnect3_sdk_3.1.3/components/device/silabs/si91x/mcu/drivers/peripheral_drivers/src/rsi_udma_wrapper.o
 .text.__NVIC_DisableIRQ
                0x08207ae4       0x24 ./wiseconnect3_sdk_3.1.3/components/device/silabs/si91x/mcu/drivers/peripheral_drivers/src/rsi_udma_wrapper.o
 .text.uDMAx_Initialize
                0x08207b08       0xfc ./wiseconnect3_sdk_3.1.3/components/device/silabs/si91x/mcu/drivers/peripheral_drivers/src/rsi_udma_wrapper.o
                0x08207b08                uDMAx_Initialize
 .text.uDMAx_Uninitialize
                0x08207c04       0x6c ./wiseconnect3_sdk_3.1.3/components/device/silabs/si91x/mcu/drivers/peripheral_drivers/src/rsi_udma_wrapper.o
                0x08207c04                uDMAx_Uninitialize
 .text.uDMAx_ChannelConfigure
                0x08207c70      0x130 ./wiseconnect3_sdk_3.1.3/components/device/silabs/si91x/mcu/drivers/peripheral_drivers/src/rsi_udma_wrapper.o
                0x08207c70                uDMAx_ChannelConfigure
 .text.uDMAx_ChannelEnable
                0x08207da0       0x10 ./wiseconnect3_sdk_3.1.3/components/device/silabs/si91x/mcu/drivers/peripheral_drivers/src/rsi_udma_wrapper.o
                0x08207da0                uDMAx_ChannelEnable
 .text.uDMAx_DMAEnable
                0x08207db0        0xe ./wiseconnect3_sdk_3.1.3/components/device/silabs/si91x/mcu/drivers/peripheral_drivers/src/rsi_udma_wrapper.o
                0x08207db0                uDMAx_DMAEnable
 .text.uDMAx_ChannelDisable
                0x08207dbe       0x10 ./wiseconnect3_sdk_3.1.3/components/device/silabs/si91x/mcu/drivers/peripheral_drivers/src/rsi_udma_wrapper.o
                0x08207dbe                uDMAx_ChannelDisable
 *fill*         0x08207dce        0x2 
 .text.__NVIC_EnableIRQ
                0x08207dd0       0x1c ./wiseconnect3_sdk_3.1.3/components/device/silabs/si91x/mcu/drivers/peripheral_drivers/src/rsi_usart.o
 .text.__NVIC_DisableIRQ
                0x08207dec       0x24 ./wiseconnect3_sdk_3.1.3/components/device/silabs/si91x/mcu/drivers/peripheral_drivers/src/rsi_usart.o
 .text.UDMAx_ChannelConfigure
                0x08207e10       0x4c ./wiseconnect3_sdk_3.1.3/components/device/silabs/si91x/mcu/drivers/peripheral_drivers/src/rsi_usart.o
 .text.UartIrqHandler
                0x08207e5c      0x258 ./wiseconnect3_sdk_3.1.3/components/device/silabs/si91x/mcu/drivers/peripheral_drivers/src/rsi_usart.o
                0x08207e5c                UartIrqHandler
 .text.USART_SetBaudrate
                0x082080b4       0x82 ./wiseconnect3_sdk_3.1.3/components/device/silabs/si91x/mcu/drivers/peripheral_drivers/src/rsi_usart.o
                0x082080b4                USART_SetBaudrate
 *fill*         0x08208136        0x2 
 .text.USART_Initialize
                0x08208138      0x134 ./wiseconnect3_sdk_3.1.3/components/device/silabs/si91x/mcu/drivers/peripheral_drivers/src/rsi_usart.o
                0x08208138                USART_Initialize
 .text.USART_Uninitialize
                0x0820826c       0x94 ./wiseconnect3_sdk_3.1.3/components/device/silabs/si91x/mcu/drivers/peripheral_drivers/src/rsi_usart.o
                0x0820826c                USART_Uninitialize
 .text.USART_PowerControl
                0x08208300      0x17c ./wiseconnect3_sdk_3.1.3/components/device/silabs/si91x/mcu/drivers/peripheral_drivers/src/rsi_usart.o
                0x08208300                USART_PowerControl
 .text.USART_Send_Data
                0x0820847c      0x170 ./wiseconnect3_sdk_3.1.3/components/device/silabs/si91x/mcu/drivers/peripheral_drivers/src/rsi_usart.o
                0x0820847c                USART_Send_Data
 .text.USART_Receive_Data
                0x082085ec      0x168 ./wiseconnect3_sdk_3.1.3/components/device/silabs/si91x/mcu/drivers/peripheral_drivers/src/rsi_usart.o
                0x082085ec                USART_Receive_Data
 .text.USART_Transfer
                0x08208754       0x82 ./wiseconnect3_sdk_3.1.3/components/device/silabs/si91x/mcu/drivers/peripheral_drivers/src/rsi_usart.o
                0x08208754                USART_Transfer
 .text.USART_GetTxCount
                0x082087d6        0x6 ./wiseconnect3_sdk_3.1.3/components/device/silabs/si91x/mcu/drivers/peripheral_drivers/src/rsi_usart.o
                0x082087d6                USART_GetTxCount
 .text.USART_GetRxCount
                0x082087dc        0x6 ./wiseconnect3_sdk_3.1.3/components/device/silabs/si91x/mcu/drivers/peripheral_drivers/src/rsi_usart.o
                0x082087dc                USART_GetRxCount
 *fill*         0x082087e2        0x2 
 .text.USART_Control
                0x082087e4      0xa30 ./wiseconnect3_sdk_3.1.3/components/device/silabs/si91x/mcu/drivers/peripheral_drivers/src/rsi_usart.o
                0x082087e4                USART_Control
 .text.USART_GetStatus
                0x08209214       0x3e ./wiseconnect3_sdk_3.1.3/components/device/silabs/si91x/mcu/drivers/peripheral_drivers/src/rsi_usart.o
                0x08209214                USART_GetStatus
 *fill*         0x08209252        0x2 
 .text.USART_SetModemControl
                0x08209254       0xc0 ./wiseconnect3_sdk_3.1.3/components/device/silabs/si91x/mcu/drivers/peripheral_drivers/src/rsi_usart.o
                0x08209254                USART_SetModemControl
 .text.USART_GetModemStatus
                0x08209314       0xa2 ./wiseconnect3_sdk_3.1.3/components/device/silabs/si91x/mcu/drivers/peripheral_drivers/src/rsi_usart.o
                0x08209314                USART_GetModemStatus
 *fill*         0x082093b6        0x2 
 .text.RSI_IPMU_UpdateIpmuCalibData_efuse
                0x082093b8      0x2f8 ./wiseconnect3_sdk_3.1.3/components/device/silabs/si91x/mcu/drivers/systemlevel/src/rsi_ipmu.o
                0x082093b8                RSI_IPMU_UpdateIpmuCalibData_efuse
 .text.RSI_Ipmu_Init
                0x082096b0        0x8 ./wiseconnect3_sdk_3.1.3/components/device/silabs/si91x/mcu/drivers/systemlevel/src/rsi_ipmu.o
                0x082096b0                RSI_Ipmu_Init
 .text.RSI_Configure_Ipmu_Mode
                0x082096b8        0xa ./wiseconnect3_sdk_3.1.3/components/device/silabs/si91x/mcu/drivers/systemlevel/src/rsi_ipmu.o
                0x082096b8                RSI_Configure_Ipmu_Mode
 *fill*         0x082096c2        0x2 
 .text.RSI_IPMU_ClockMuxSel
                0x082096c4       0x44 ./wiseconnect3_sdk_3.1.3/components/device/silabs/si91x/mcu/drivers/systemlevel/src/rsi_ipmu.o
                0x082096c4                RSI_IPMU_ClockMuxSel
 .text.RSI_IPMU_ProgramConfigData
                0x08209708       0xf8 ./wiseconnect3_sdk_3.1.3/components/device/silabs/si91x/mcu/drivers/systemlevel/src/rsi_ipmu.o
                0x08209708                RSI_IPMU_ProgramConfigData
 .text.RSI_IPMU_M32rc_OscTrimEfuse
                0x08209800       0x38 ./wiseconnect3_sdk_3.1.3/components/device/silabs/si91x/mcu/drivers/systemlevel/src/rsi_ipmu.o
                0x08209800                RSI_IPMU_M32rc_OscTrimEfuse
 .text.RSI_IPMU_DBLR32M_TrimEfuse
                0x08209838       0x1c ./wiseconnect3_sdk_3.1.3/components/device/silabs/si91x/mcu/drivers/systemlevel/src/rsi_ipmu.o
                0x08209838                RSI_IPMU_DBLR32M_TrimEfuse
 .text.RSI_IPMU_M20roOsc_TrimEfuse
                0x08209854       0x38 ./wiseconnect3_sdk_3.1.3/components/device/silabs/si91x/mcu/drivers/systemlevel/src/rsi_ipmu.o
                0x08209854                RSI_IPMU_M20roOsc_TrimEfuse
 .text.RSI_IPMU_RO32khz_TrimEfuse
                0x0820988c       0x1c ./wiseconnect3_sdk_3.1.3/components/device/silabs/si91x/mcu/drivers/systemlevel/src/rsi_ipmu.o
                0x0820988c                RSI_IPMU_RO32khz_TrimEfuse
 .text.RSI_IPMU_RC32khz_TrimEfuse
                0x082098a8       0x1c ./wiseconnect3_sdk_3.1.3/components/device/silabs/si91x/mcu/drivers/systemlevel/src/rsi_ipmu.o
                0x082098a8                RSI_IPMU_RC32khz_TrimEfuse
 .text.clk_soc_pll_clk_set
                0x082098c4       0x1c ./wiseconnect3_sdk_3.1.3/components/device/silabs/si91x/mcu/drivers/systemlevel/src/rsi_pll.o
                0x082098c4                clk_soc_pll_clk_set
 .text.clk_soc_pll_clk_reset
                0x082098e0       0x14 ./wiseconnect3_sdk_3.1.3/components/device/silabs/si91x/mcu/drivers/systemlevel/src/rsi_pll.o
                0x082098e0                clk_soc_pll_clk_reset
 .text.clk_soc_pll_set_freq_div
                0x082098f4      0x148 ./wiseconnect3_sdk_3.1.3/components/device/silabs/si91x/mcu/drivers/systemlevel/src/rsi_pll.o
                0x082098f4                clk_soc_pll_set_freq_div
 .text.clk_set_soc_pll_freq
                0x08209a3c      0x318 ./wiseconnect3_sdk_3.1.3/components/device/silabs/si91x/mcu/drivers/systemlevel/src/rsi_pll.o
                0x08209a3c                clk_set_soc_pll_freq
 .text.clk_intf_pll_clk_reset
                0x08209d54       0x14 ./wiseconnect3_sdk_3.1.3/components/device/silabs/si91x/mcu/drivers/systemlevel/src/rsi_pll.o
                0x08209d54                clk_intf_pll_clk_reset
 .text.clk_intf_pll_clk_set
                0x08209d68       0x24 ./wiseconnect3_sdk_3.1.3/components/device/silabs/si91x/mcu/drivers/systemlevel/src/rsi_pll.o
                0x08209d68                clk_intf_pll_clk_set
 .text.clk_intf_pll_set_freq_div
                0x08209d8c      0x148 ./wiseconnect3_sdk_3.1.3/components/device/silabs/si91x/mcu/drivers/systemlevel/src/rsi_pll.o
                0x08209d8c                clk_intf_pll_set_freq_div
 .text.clk_set_intf_pll_freq
                0x08209ed4      0x318 ./wiseconnect3_sdk_3.1.3/components/device/silabs/si91x/mcu/drivers/systemlevel/src/rsi_pll.o
                0x08209ed4                clk_set_intf_pll_freq
 .text.clk_peripheral_clk_enable3
                0x0820a1ec        0xc ./wiseconnect3_sdk_3.1.3/components/device/silabs/si91x/mcu/drivers/systemlevel/src/rsi_pll.o
                0x0820a1ec                clk_peripheral_clk_enable3
 .text.clk_peripheral_clk_enable
                0x0820a1f8      0x182 ./wiseconnect3_sdk_3.1.3/components/device/silabs/si91x/mcu/drivers/systemlevel/src/rsi_pll.o
                0x0820a1f8                clk_peripheral_clk_enable
 .text.clk_peripheral_clk_disable
                0x0820a37a      0x12a ./wiseconnect3_sdk_3.1.3/components/device/silabs/si91x/mcu/drivers/systemlevel/src/rsi_pll.o
                0x0820a37a                clk_peripheral_clk_disable
 .text.clk_config_pll_lock
                0x0820a4a4       0x28 ./wiseconnect3_sdk_3.1.3/components/device/silabs/si91x/mcu/drivers/systemlevel/src/rsi_pll.o
                0x0820a4a4                clk_config_pll_lock
 .text.RSI_CLK_CheckPresent
                0x0820a4cc       0x58 ./wiseconnect3_sdk_3.1.3/components/device/silabs/si91x/mcu/drivers/systemlevel/src/rsi_pll.o
                0x0820a4cc                RSI_CLK_CheckPresent
 .text.clk_gspi_clk_config
                0x0820a524       0x9a ./wiseconnect3_sdk_3.1.3/components/device/silabs/si91x/mcu/drivers/systemlevel/src/rsi_pll.o
                0x0820a524                clk_gspi_clk_config
 *fill*         0x0820a5be        0x2 
 .text.clk_m4_soc_clk_config
                0x0820a5c0      0x114 ./wiseconnect3_sdk_3.1.3/components/device/silabs/si91x/mcu/drivers/systemlevel/src/rsi_pll.o
                0x0820a5c0                clk_m4_soc_clk_config
 .text.clk_usart_clk_config
                0x0820a6d4      0x2e2 ./wiseconnect3_sdk_3.1.3/components/device/silabs/si91x/mcu/drivers/systemlevel/src/rsi_pll.o
                0x0820a6d4                clk_usart_clk_config
 *fill*         0x0820a9b6        0x2 
 .text.ulpss_enable_ref_clks
                0x0820a9b8      0x130 ./wiseconnect3_sdk_3.1.3/components/device/silabs/si91x/mcu/drivers/systemlevel/src/rsi_pll.o
                0x0820a9b8                ulpss_enable_ref_clks
 .text.clk_m4ss_ref_clk_config
                0x0820aae8       0xd4 ./wiseconnect3_sdk_3.1.3/components/device/silabs/si91x/mcu/drivers/systemlevel/src/rsi_pll.o
                0x0820aae8                clk_m4ss_ref_clk_config
 .text.ulpss_peripheral_enable
                0x0820abbc      0x1f8 ./wiseconnect3_sdk_3.1.3/components/device/silabs/si91x/mcu/drivers/systemlevel/src/rsi_ulpss_clk.o
                0x0820abbc                ulpss_peripheral_enable
 .text.ulpss_peripheral_disable
                0x0820adb4      0x1cc ./wiseconnect3_sdk_3.1.3/components/device/silabs/si91x/mcu/drivers/systemlevel/src/rsi_ulpss_clk.o
                0x0820adb4                ulpss_peripheral_disable
 .text.ulpss_ulp_uar_clk_config
                0x0820af80       0xf6 ./wiseconnect3_sdk_3.1.3/components/device/silabs/si91x/mcu/drivers/systemlevel/src/rsi_ulpss_clk.o
                0x0820af80                ulpss_ulp_uar_clk_config
 *fill*         0x0820b076        0x2 
 .text.ulpss_ref_clk_config
                0x0820b078       0xcc ./wiseconnect3_sdk_3.1.3/components/device/silabs/si91x/mcu/drivers/systemlevel/src/rsi_ulpss_clk.o
                0x0820b078                ulpss_ref_clk_config
 .text.channel_status
                0x0820b144       0x18 ./wiseconnect3_sdk_3.1.3/components/device/silabs/si91x/mcu/drivers/unified_api/src/sl_si91x_dma.o
 .text.process_dma_irq
                0x0820b15c      0x118 ./wiseconnect3_sdk_3.1.3/components/device/silabs/si91x/mcu/drivers/unified_api/src/sl_si91x_dma.o
 .text.UDMAx_ChannelConfigure
                0x0820b274       0x4c ./wiseconnect3_sdk_3.1.3/components/device/silabs/si91x/mcu/drivers/unified_api/src/sl_si91x_dma.o
 .text.sl_si91x_dma_init
                0x0820b2c0       0x50 ./wiseconnect3_sdk_3.1.3/components/device/silabs/si91x/mcu/drivers/unified_api/src/sl_si91x_dma.o
                0x0820b2c0                sl_si91x_dma_init
 .text.sl_si91x_dma_deinit
                0x0820b310       0x74 ./wiseconnect3_sdk_3.1.3/components/device/silabs/si91x/mcu/drivers/unified_api/src/sl_si91x_dma.o
                0x0820b310                sl_si91x_dma_deinit
 .text.sl_si91x_dma_allocate_channel
                0x0820b384      0x10c ./wiseconnect3_sdk_3.1.3/components/device/silabs/si91x/mcu/drivers/unified_api/src/sl_si91x_dma.o
                0x0820b384                sl_si91x_dma_allocate_channel
 .text.sl_si91x_dma_register_callbacks
                0x0820b490       0x6c ./wiseconnect3_sdk_3.1.3/components/device/silabs/si91x/mcu/drivers/unified_api/src/sl_si91x_dma.o
                0x0820b490                sl_si91x_dma_register_callbacks
 .text.sl_si91x_dma_channel_enable
                0x0820b4fc       0x4c ./wiseconnect3_sdk_3.1.3/components/device/silabs/si91x/mcu/drivers/unified_api/src/sl_si91x_dma.o
                0x0820b4fc                sl_si91x_dma_channel_enable
 .text.sl_si91x_dma_enable
                0x0820b548       0x30 ./wiseconnect3_sdk_3.1.3/components/device/silabs/si91x/mcu/drivers/unified_api/src/sl_si91x_dma.o
                0x0820b548                sl_si91x_dma_enable
 .text.sl_si91x_dma_transfer
                0x0820b578      0x244 ./wiseconnect3_sdk_3.1.3/components/device/silabs/si91x/mcu/drivers/unified_api/src/sl_si91x_dma.o
                0x0820b578                sl_si91x_dma_transfer
 .text.IRQ033_Handler
                0x0820b7bc       0x60 ./wiseconnect3_sdk_3.1.3/components/device/silabs/si91x/mcu/drivers/unified_api/src/sl_si91x_dma.o
                0x0820b7bc                IRQ033_Handler
 .text.IRQ010_Handler
                0x0820b81c       0x60 ./wiseconnect3_sdk_3.1.3/components/device/silabs/si91x/mcu/drivers/unified_api/src/sl_si91x_dma.o
                0x0820b81c                IRQ010_Handler
 .text.sl_si91x_gpio_driver_enable_clock
                0x0820b87c       0x12 ./wiseconnect3_sdk_3.1.3/components/device/silabs/si91x/mcu/drivers/unified_api/src/sl_si91x_driver_gpio.o
                0x0820b87c                sl_si91x_gpio_driver_enable_clock
 .text.sl_si91x_gpio_driver_clear_group_interrupt
                0x0820b88e       0x12 ./wiseconnect3_sdk_3.1.3/components/device/silabs/si91x/mcu/drivers/unified_api/src/sl_si91x_driver_gpio.o
                0x0820b88e                sl_si91x_gpio_driver_clear_group_interrupt
 .text.sl_si91x_gpio_driver_get_uulp_interrupt_status
                0x0820b8a0        0x8 ./wiseconnect3_sdk_3.1.3/components/device/silabs/si91x/mcu/drivers/unified_api/src/sl_si91x_driver_gpio.o
                0x0820b8a0                sl_si91x_gpio_driver_get_uulp_interrupt_status
 .text.sl_si91x_gpio_driver_get_ulp_interrupt_status
                0x0820b8a8        0x8 ./wiseconnect3_sdk_3.1.3/components/device/silabs/si91x/mcu/drivers/unified_api/src/sl_si91x_driver_gpio.o
                0x0820b8a8                sl_si91x_gpio_driver_get_ulp_interrupt_status
 .text.sl_si91x_gpio_driver_clear_uulp_interrupt
                0x0820b8b0       0x12 ./wiseconnect3_sdk_3.1.3/components/device/silabs/si91x/mcu/drivers/unified_api/src/sl_si91x_driver_gpio.o
                0x0820b8b0                sl_si91x_gpio_driver_clear_uulp_interrupt
 .text.sl_si91x_gpio_driver_clear_ulp_interrupt
                0x0820b8c2       0x12 ./wiseconnect3_sdk_3.1.3/components/device/silabs/si91x/mcu/drivers/unified_api/src/sl_si91x_driver_gpio.o
                0x0820b8c2                sl_si91x_gpio_driver_clear_ulp_interrupt
 .text.sl_si91x_gpio_driver_clear_ulp_group_interrupt
                0x0820b8d4       0x12 ./wiseconnect3_sdk_3.1.3/components/device/silabs/si91x/mcu/drivers/unified_api/src/sl_si91x_driver_gpio.o
                0x0820b8d4                sl_si91x_gpio_driver_clear_ulp_group_interrupt
 *fill*         0x0820b8e6        0x2 
 .text.IRQ052_Handler
                0x0820b8e8       0x24 ./wiseconnect3_sdk_3.1.3/components/device/silabs/si91x/mcu/drivers/unified_api/src/sl_si91x_driver_gpio.o
                0x0820b8e8                IRQ052_Handler
 .text.IRQ053_Handler
                0x0820b90c       0x24 ./wiseconnect3_sdk_3.1.3/components/device/silabs/si91x/mcu/drivers/unified_api/src/sl_si91x_driver_gpio.o
                0x0820b90c                IRQ053_Handler
 .text.IRQ054_Handler
                0x0820b930       0x24 ./wiseconnect3_sdk_3.1.3/components/device/silabs/si91x/mcu/drivers/unified_api/src/sl_si91x_driver_gpio.o
                0x0820b930                IRQ054_Handler
 .text.IRQ055_Handler
                0x0820b954       0x24 ./wiseconnect3_sdk_3.1.3/components/device/silabs/si91x/mcu/drivers/unified_api/src/sl_si91x_driver_gpio.o
                0x0820b954                IRQ055_Handler
 .text.IRQ056_Handler
                0x0820b978       0x24 ./wiseconnect3_sdk_3.1.3/components/device/silabs/si91x/mcu/drivers/unified_api/src/sl_si91x_driver_gpio.o
                0x0820b978                IRQ056_Handler
 .text.IRQ057_Handler
                0x0820b99c       0x24 ./wiseconnect3_sdk_3.1.3/components/device/silabs/si91x/mcu/drivers/unified_api/src/sl_si91x_driver_gpio.o
                0x0820b99c                IRQ057_Handler
 .text.IRQ058_Handler
                0x0820b9c0       0x24 ./wiseconnect3_sdk_3.1.3/components/device/silabs/si91x/mcu/drivers/unified_api/src/sl_si91x_driver_gpio.o
                0x0820b9c0                IRQ058_Handler
 .text.IRQ059_Handler
                0x0820b9e4       0x24 ./wiseconnect3_sdk_3.1.3/components/device/silabs/si91x/mcu/drivers/unified_api/src/sl_si91x_driver_gpio.o
                0x0820b9e4                IRQ059_Handler
 .text.IRQ050_Handler
                0x0820ba08       0x18 ./wiseconnect3_sdk_3.1.3/components/device/silabs/si91x/mcu/drivers/unified_api/src/sl_si91x_driver_gpio.o
                0x0820ba08                IRQ050_Handler
 .text.IRQ051_Handler
                0x0820ba20       0x18 ./wiseconnect3_sdk_3.1.3/components/device/silabs/si91x/mcu/drivers/unified_api/src/sl_si91x_driver_gpio.o
                0x0820ba20                IRQ051_Handler
 .text.IRQ021_Handler
                0x0820ba38       0x78 ./wiseconnect3_sdk_3.1.3/components/device/silabs/si91x/mcu/drivers/unified_api/src/sl_si91x_driver_gpio.o
                0x0820ba38                IRQ021_Handler
 .text.IRQ018_Handler
                0x0820bab0       0xb4 ./wiseconnect3_sdk_3.1.3/components/device/silabs/si91x/mcu/drivers/unified_api/src/sl_si91x_driver_gpio.o
                0x0820bab0                IRQ018_Handler
 .text.IRQ019_Handler
                0x0820bb64       0x40 ./wiseconnect3_sdk_3.1.3/components/device/silabs/si91x/mcu/drivers/unified_api/src/sl_si91x_driver_gpio.o
                0x0820bb64                IRQ019_Handler
 .text.convert_arm_to_sl_error_code
                0x0820bba4       0x42 ./wiseconnect3_sdk_3.1.3/components/device/silabs/si91x/mcu/drivers/unified_api/src/sl_si91x_gspi.o
 .text.convert_rsi_to_sl_error_code
                0x0820bbe6       0x30 ./wiseconnect3_sdk_3.1.3/components/device/silabs/si91x/mcu/drivers/unified_api/src/sl_si91x_gspi.o
 *fill*         0x0820bc16        0x2 
 .text.validate_control_parameters
                0x0820bc18       0x3c ./wiseconnect3_sdk_3.1.3/components/device/silabs/si91x/mcu/drivers/unified_api/src/sl_si91x_gspi.o
 .text.validate_clock_parameters
                0x0820bc54       0x70 ./wiseconnect3_sdk_3.1.3/components/device/silabs/si91x/mcu/drivers/unified_api/src/sl_si91x_gspi.o
 .text.get_gspi_handle
                0x0820bcc4       0x18 ./wiseconnect3_sdk_3.1.3/components/device/silabs/si91x/mcu/drivers/unified_api/src/sl_si91x_gspi.o
 .text.validate_gspi_handle
                0x0820bcdc       0x14 ./wiseconnect3_sdk_3.1.3/components/device/silabs/si91x/mcu/drivers/unified_api/src/sl_si91x_gspi.o
 .text.set_slave_gpio_state
                0x0820bcf0       0x34 ./wiseconnect3_sdk_3.1.3/components/device/silabs/si91x/mcu/drivers/unified_api/src/sl_si91x_gspi.o
 .text.sli_si91x_gspi_configure_power_mode
                0x0820bd24       0x2a ./wiseconnect3_sdk_3.1.3/components/device/silabs/si91x/mcu/drivers/unified_api/src/sl_si91x_gspi.o
 *fill*         0x0820bd4e        0x2 
 .text.callback_event_handler
                0x0820bd50       0x28 ./wiseconnect3_sdk_3.1.3/components/device/silabs/si91x/mcu/drivers/unified_api/src/sl_si91x_gspi.o
 .text.RSI_CLK_SetIntfPllFreq
                0x0820bd78       0x54 ./wiseconnect3_sdk_3.1.3/components/device/silabs/si91x/mcu/drivers/unified_api/src/sl_si91x_gspi.o
 .text.RSI_CLK_SetSocPllFreq
                0x0820bdcc       0x60 ./wiseconnect3_sdk_3.1.3/components/device/silabs/si91x/mcu/drivers/unified_api/src/sl_si91x_gspi.o
 .text.sl_si91x_gspi_configure_clock
                0x0820be2c       0x70 ./wiseconnect3_sdk_3.1.3/components/device/silabs/si91x/mcu/drivers/unified_api/src/sl_si91x_gspi.o
                0x0820be2c                sl_si91x_gspi_configure_clock
 .text.sl_si91x_gspi_init
                0x0820be9c       0x50 ./wiseconnect3_sdk_3.1.3/components/device/silabs/si91x/mcu/drivers/unified_api/src/sl_si91x_gspi.o
                0x0820be9c                sl_si91x_gspi_init
 .text.sl_si91x_gspi_set_configuration
                0x0820beec       0x52 ./wiseconnect3_sdk_3.1.3/components/device/silabs/si91x/mcu/drivers/unified_api/src/sl_si91x_gspi.o
                0x0820beec                sl_si91x_gspi_set_configuration
 .text.sl_si91x_gspi_transfer_data
                0x0820bf3e       0x46 ./wiseconnect3_sdk_3.1.3/components/device/silabs/si91x/mcu/drivers/unified_api/src/sl_si91x_gspi.o
                0x0820bf3e                sl_si91x_gspi_transfer_data
 .text.sl_si91x_gspi_register_event_callback
                0x0820bf84       0x44 ./wiseconnect3_sdk_3.1.3/components/device/silabs/si91x/mcu/drivers/unified_api/src/sl_si91x_gspi.o
                0x0820bf84                sl_si91x_gspi_register_event_callback
 .text.sl_si91x_gspi_get_version
                0x0820bfc8       0x3a ./wiseconnect3_sdk_3.1.3/components/device/silabs/si91x/mcu/drivers/unified_api/src/sl_si91x_gspi.o
                0x0820bfc8                sl_si91x_gspi_get_version
 .text.sl_si91x_gspi_get_status
                0x0820c002        0x8 ./wiseconnect3_sdk_3.1.3/components/device/silabs/si91x/mcu/drivers/unified_api/src/sl_si91x_gspi.o
                0x0820c002                sl_si91x_gspi_get_status
 .text.sl_si91x_gspi_get_clock_division_factor
                0x0820c00a        0xc ./wiseconnect3_sdk_3.1.3/components/device/silabs/si91x/mcu/drivers/unified_api/src/sl_si91x_gspi.o
                0x0820c00a                sl_si91x_gspi_get_clock_division_factor
 .text.sl_si91x_gspi_get_frame_length
                0x0820c016        0x8 ./wiseconnect3_sdk_3.1.3/components/device/silabs/si91x/mcu/drivers/unified_api/src/sl_si91x_gspi.o
                0x0820c016                sl_si91x_gspi_get_frame_length
 *fill*         0x0820c01e        0x2 
 .text.sl_si91x_gpio_enable_pad_selection
                0x0820c020       0x50 ./wiseconnect3_sdk_3.1.3/components/device/silabs/si91x/mcu/drivers/unified_peripheral_drivers/src/sl_si91x_peripheral_gpio.o
                0x0820c020                sl_si91x_gpio_enable_pad_selection
 .text.sl_si91x_gpio_clear_group_interrupt
                0x0820c070       0x18 ./wiseconnect3_sdk_3.1.3/components/device/silabs/si91x/mcu/drivers/unified_peripheral_drivers/src/sl_si91x_peripheral_gpio.o
                0x0820c070                sl_si91x_gpio_clear_group_interrupt
 .text.sl_si91x_gpio_clear_uulp_interrupt
                0x0820c088        0xc ./wiseconnect3_sdk_3.1.3/components/device/silabs/si91x/mcu/drivers/unified_peripheral_drivers/src/sl_si91x_peripheral_gpio.o
                0x0820c088                sl_si91x_gpio_clear_uulp_interrupt
 .text.sl_si91x_gpio_get_uulp_interrupt_status
                0x0820c094       0x10 ./wiseconnect3_sdk_3.1.3/components/device/silabs/si91x/mcu/drivers/unified_peripheral_drivers/src/sl_si91x_peripheral_gpio.o
                0x0820c094                sl_si91x_gpio_get_uulp_interrupt_status
 .text.sl_si91x_gpio_get_ulp_interrupt_status
                0x0820c0a4       0x16 ./wiseconnect3_sdk_3.1.3/components/device/silabs/si91x/mcu/drivers/unified_peripheral_drivers/src/sl_si91x_peripheral_gpio.o
                0x0820c0a4                sl_si91x_gpio_get_ulp_interrupt_status
 .text.sl_si91x_gpio_clear_ulp_interrupt
                0x0820c0ba       0x18 ./wiseconnect3_sdk_3.1.3/components/device/silabs/si91x/mcu/drivers/unified_peripheral_drivers/src/sl_si91x_peripheral_gpio.o
                0x0820c0ba                sl_si91x_gpio_clear_ulp_interrupt
 .text.sl_si91x_gpio_clear_ulp_group_interrupt
                0x0820c0d2       0x18 ./wiseconnect3_sdk_3.1.3/components/device/silabs/si91x/mcu/drivers/unified_peripheral_drivers/src/sl_si91x_peripheral_gpio.o
                0x0820c0d2                sl_si91x_gpio_clear_ulp_group_interrupt
 *fill*         0x0820c0ea        0x2 
 .text.sl_assert_failed
                0x0820c0ec       0x14 ./wiseconnect3_sdk_3.1.3/components/device/silabs/si91x/mcu/drivers/unified_peripheral_drivers/src/sl_si91x_peripheral_gpio.o
                0x0820c0ec                sl_assert_failed
 .text.sl_gpio_set_pin_output
                0x0820c100       0x8c ./wiseconnect3_sdk_3.1.3/components/device/silabs/si91x/mcu/drivers/unified_peripheral_drivers/src/sl_si91x_peripheral_gpio.o
 .text.sl_gpio_clear_pin_output
                0x0820c18c       0x8c ./wiseconnect3_sdk_3.1.3/components/device/silabs/si91x/mcu/drivers/unified_peripheral_drivers/src/sl_si91x_peripheral_gpio.o
 .text.sl_gpio_set_pin_mode
                0x0820c218       0x90 ./wiseconnect3_sdk_3.1.3/components/device/silabs/si91x/mcu/drivers/unified_peripheral_drivers/src/sl_si91x_peripheral_gpio.o
                0x0820c218                sl_gpio_set_pin_mode
 .text.sl_si91x_gpio_set_pin_direction
                0x0820c2a8       0x9c ./wiseconnect3_sdk_3.1.3/components/device/silabs/si91x/mcu/drivers/unified_peripheral_drivers/src/sl_si91x_peripheral_gpio.o
                0x0820c2a8                sl_si91x_gpio_set_pin_direction
 .text.sl_si91x_gpio_enable_clock
                0x0820c344       0x48 ./wiseconnect3_sdk_3.1.3/components/device/silabs/si91x/mcu/drivers/unified_peripheral_drivers/src/sl_si91x_peripheral_gpio.o
                0x0820c344                sl_si91x_gpio_enable_clock
 .text.sl_si91x_gpio_get_group_interrupt_status
                0x0820c38c       0x54 ./wiseconnect3_sdk_3.1.3/components/device/silabs/si91x/mcu/drivers/unified_peripheral_drivers/src/sl_si91x_peripheral_gpio.o
                0x0820c38c                sl_si91x_gpio_get_group_interrupt_status
 .text.sli_si91x_raise_pkt_pending_interrupt_to_ta
                0x0820c3e0       0x24 ./wiseconnect3_sdk_3.1.3/components/device/silabs/si91x/wireless/ahb_interface/src/rsi_hal_mcu_m4_rom.o
                0x0820c3e0                sli_si91x_raise_pkt_pending_interrupt_to_ta
 .text.raise_m4_to_ta_interrupt
                0x0820c404        0xc ./wiseconnect3_sdk_3.1.3/components/device/silabs/si91x/wireless/ahb_interface/src/rsi_hal_mcu_m4_rom.o
                0x0820c404                raise_m4_to_ta_interrupt
 .text.mask_ta_interrupt
                0x0820c410        0xc ./wiseconnect3_sdk_3.1.3/components/device/silabs/si91x/wireless/ahb_interface/src/rsi_hal_mcu_m4_rom.o
                0x0820c410                mask_ta_interrupt
 .text.clear_ta_to_m4_interrupt
                0x0820c41c       0x18 ./wiseconnect3_sdk_3.1.3/components/device/silabs/si91x/wireless/ahb_interface/src/rsi_hal_mcu_m4_rom.o
                0x0820c41c                clear_ta_to_m4_interrupt
 .text.sli_receive_from_ta_done_isr
                0x0820c434       0x2c ./wiseconnect3_sdk_3.1.3/components/device/silabs/si91x/wireless/ahb_interface/src/rsi_hal_mcu_m4_rom.o
                0x0820c434                sli_receive_from_ta_done_isr
 .text.sli_m4_interrupt_isr
                0x0820c460       0xc0 ./wiseconnect3_sdk_3.1.3/components/device/silabs/si91x/wireless/ahb_interface/src/rsi_hal_mcu_m4_rom.o
                0x0820c460                sli_m4_interrupt_isr
 .text.sl_si91x_bus_read_interrupt_status
                0x0820c520       0x10 ./wiseconnect3_sdk_3.1.3/components/device/silabs/si91x/wireless/ahb_interface/src/rsi_hal_mcu_m4_rom.o
                0x0820c520                sl_si91x_bus_read_interrupt_status
 .text.si91x_req_wakeup
                0x0820c530       0x2c ./wiseconnect3_sdk_3.1.3/components/device/silabs/si91x/wireless/ahb_interface/src/rsi_hal_mcu_m4_rom.o
                0x0820c530                si91x_req_wakeup
 .text.sl_si91x_host_clear_sleep_indicator
                0x0820c55c       0x14 ./wiseconnect3_sdk_3.1.3/components/device/silabs/si91x/wireless/ahb_interface/src/rsi_hal_mcu_m4_rom.o
                0x0820c55c                sl_si91x_host_clear_sleep_indicator
 .text.IRQ074_Handler
                0x0820c570        0x8 ./wiseconnect3_sdk_3.1.3/components/device/silabs/si91x/wireless/ahb_interface/src/rsi_hal_mcu_m4_rom.o
                0x0820c570                IRQ074_Handler
 .text.sl_si91x_ta_events_init
                0x0820c578       0x1c ./wiseconnect3_sdk_3.1.3/components/device/silabs/si91x/wireless/ahb_interface/src/rsi_hal_mcu_m4_rom.o
                0x0820c578                sl_si91x_ta_events_init
 .text.convert_si91x_status_to_sl_status
                0x0820c594       0x6c ./wiseconnect3_sdk_3.1.3/components/device/silabs/si91x/wireless/ahb_interface/src/sl_platform.o
 .text.sli_si91x_platform_init
                0x0820c600       0x60 ./wiseconnect3_sdk_3.1.3/components/device/silabs/si91x/wireless/ahb_interface/src/sl_platform.o
                0x0820c600                sli_si91x_platform_init
 .text.si91x_bootup_firmware
                0x0820c660       0x94 ./wiseconnect3_sdk_3.1.3/components/device/silabs/si91x/wireless/ahb_interface/src/sl_platform.o
                0x0820c660                si91x_bootup_firmware
 .text.sli_si91x_configure_wireless_frontend_controls
                0x0820c6f4       0x38 ./wiseconnect3_sdk_3.1.3/components/device/silabs/si91x/wireless/ahb_interface/src/sl_platform_wireless.o
                0x0820c6f4                sli_si91x_configure_wireless_frontend_controls
 .text.rsi_boot_insn
                0x0820c72c      0x124 ./wiseconnect3_sdk_3.1.3/components/device/silabs/si91x/wireless/ahb_interface/src/sli_siwx917_soc.o
                0x0820c72c                rsi_boot_insn
 .text.rsi_waitfor_boardready
                0x0820c850       0x52 ./wiseconnect3_sdk_3.1.3/components/device/silabs/si91x/wireless/ahb_interface/src/sli_siwx917_soc.o
                0x0820c850                rsi_waitfor_boardready
 .text.rsi_select_option
                0x0820c8a2       0xae ./wiseconnect3_sdk_3.1.3/components/device/silabs/si91x/wireless/ahb_interface/src/sli_siwx917_soc.o
                0x0820c8a2                rsi_select_option
 .text.unmask_ta_interrupt
                0x0820c950        0xc ./wiseconnect3_sdk_3.1.3/components/device/silabs/si91x/wireless/ahb_interface/src/sli_siwx917_soc.o
                0x0820c950                unmask_ta_interrupt
 .text.sli_m4_ta_interrupt_init
                0x0820c95c       0x34 ./wiseconnect3_sdk_3.1.3/components/device/silabs/si91x/wireless/ahb_interface/src/sli_siwx917_soc.o
                0x0820c95c                sli_m4_ta_interrupt_init
 .text.rsi_bt_clear_wait_bitmap
                0x0820c990       0x7c ./wiseconnect3_sdk_3.1.3/components/device/silabs/si91x/wireless/ble/src/rsi_bt_ble.o
                0x0820c990                rsi_bt_clear_wait_bitmap
 .text.rsi_bt_set_wait_bitmap
                0x0820ca0c       0x7c ./wiseconnect3_sdk_3.1.3/components/device/silabs/si91x/wireless/ble/src/rsi_bt_ble.o
                0x0820ca0c                rsi_bt_set_wait_bitmap
 .text.rsi_bt_get_proto_type
                0x0820ca88      0x14c ./wiseconnect3_sdk_3.1.3/components/device/silabs/si91x/wireless/ble/src/rsi_bt_ble.o
                0x0820ca88                rsi_bt_get_proto_type
 .text.rsi_bt_set_status
                0x0820cbd4        0x4 ./wiseconnect3_sdk_3.1.3/components/device/silabs/si91x/wireless/ble/src/rsi_bt_ble.o
                0x0820cbd4                rsi_bt_set_status
 .text.rsi_bt_common_tx_done
                0x0820cbd8       0x3e ./wiseconnect3_sdk_3.1.3/components/device/silabs/si91x/wireless/ble/src/rsi_bt_ble.o
                0x0820cbd8                rsi_bt_common_tx_done
 .text.rsi_bt_get_status
                0x0820cc16        0x4 ./wiseconnect3_sdk_3.1.3/components/device/silabs/si91x/wireless/ble/src/rsi_bt_ble.o
                0x0820cc16                rsi_bt_get_status
 *fill*         0x0820cc1a        0x2 
 .text.rsi_ble_update_le_dev_buf
                0x0820cc1c       0x64 ./wiseconnect3_sdk_3.1.3/components/device/silabs/si91x/wireless/ble/src/rsi_bt_ble.o
                0x0820cc1c                rsi_ble_update_le_dev_buf
 .text.rsi_add_remote_ble_dev_info
                0x0820cc80       0x68 ./wiseconnect3_sdk_3.1.3/components/device/silabs/si91x/wireless/ble/src/rsi_bt_ble.o
                0x0820cc80                rsi_add_remote_ble_dev_info
 .text.rsi_remove_remote_ble_dev_info
                0x0820cce8       0x70 ./wiseconnect3_sdk_3.1.3/components/device/silabs/si91x/wireless/ble/src/rsi_bt_ble.o
                0x0820cce8                rsi_remove_remote_ble_dev_info
 .text.rsi_ble_callbacks_handler
                0x0820cd58      0x6d2 ./wiseconnect3_sdk_3.1.3/components/device/silabs/si91x/wireless/ble/src/rsi_bt_ble.o
                0x0820cd58                rsi_ble_callbacks_handler
 *fill*         0x0820d42a        0x2 
 .text.rsi_driver_process_bt_resp
                0x0820d42c      0x120 ./wiseconnect3_sdk_3.1.3/components/device/silabs/si91x/wireless/ble/src/rsi_bt_ble.o
                0x0820d42c                rsi_driver_process_bt_resp
 .text.rsi_driver_process_bt_resp_handler
                0x0820d54c       0x68 ./wiseconnect3_sdk_3.1.3/components/device/silabs/si91x/wireless/ble/src/rsi_bt_ble.o
                0x0820d54c                rsi_driver_process_bt_resp_handler
 .text.rsi_bt_cb_init
                0x0820d5b4       0x56 ./wiseconnect3_sdk_3.1.3/components/device/silabs/si91x/wireless/ble/src/rsi_bt_ble.o
                0x0820d5b4                rsi_bt_cb_init
 .text.rsi_bt_global_cb_init
                0x0820d60a        0xc ./wiseconnect3_sdk_3.1.3/components/device/silabs/si91x/wireless/ble/src/rsi_bt_ble.o
                0x0820d60a                rsi_bt_global_cb_init
 *fill*         0x0820d616        0x2 
 .text.rsi_bt_common_init
                0x0820d618       0x2c ./wiseconnect3_sdk_3.1.3/components/device/silabs/si91x/wireless/ble/src/rsi_bt_ble.o
                0x0820d618                rsi_bt_common_init
 .text.rsi_driver_memory_estimate
                0x0820d644        0x4 ./wiseconnect3_sdk_3.1.3/components/device/silabs/si91x/wireless/ble/src/rsi_common_apis.o
                0x0820d644                rsi_driver_memory_estimate
 .text.rsi_ble_driver_init
                0x0820d648       0xc8 ./wiseconnect3_sdk_3.1.3/components/device/silabs/si91x/wireless/ble/src/rsi_common_apis.o
                0x0820d648                rsi_ble_driver_init
 .text.rsi_bytes2R_to_uint16
                0x0820d710       0x20 ./wiseconnect3_sdk_3.1.3/components/device/silabs/si91x/wireless/ble/src/rsi_utils.o
                0x0820d710                rsi_bytes2R_to_uint16
 .text.sl_si91x_errno
                0x0820d730       0x18 ./wiseconnect3_sdk_3.1.3/components/device/silabs/si91x/wireless/errno/src/sl_si91x_errno.o
                0x0820d730                sl_si91x_errno
 .text.sl_si91x_bus_rx_irq_handler
                0x0820d748        0x4 ./wiseconnect3_sdk_3.1.3/components/device/silabs/si91x/wireless/host_mcu/si91x/siwx917_soc_ncp_host.o
                0x0820d748                sl_si91x_bus_rx_irq_handler
 .text.sl_si91x_bus_rx_done_handler
                0x0820d74c        0x2 ./wiseconnect3_sdk_3.1.3/components/device/silabs/si91x/wireless/host_mcu/si91x/siwx917_soc_ncp_host.o
                0x0820d74c                sl_si91x_bus_rx_done_handler
 .text.sl_si91x_bus_init
                0x0820d74e        0x4 ./wiseconnect3_sdk_3.1.3/components/device/silabs/si91x/wireless/host_mcu/si91x/siwx917_soc_ncp_host.o
                0x0820d74e                sl_si91x_bus_init
 .text.sl_si91x_host_init
                0x0820d752        0xa ./wiseconnect3_sdk_3.1.3/components/device/silabs/si91x/wireless/host_mcu/si91x/siwx917_soc_ncp_host.o
                0x0820d752                sl_si91x_host_init
 .text.sl_si91x_host_hold_in_reset
                0x0820d75c        0x2 ./wiseconnect3_sdk_3.1.3/components/device/silabs/si91x/wireless/host_mcu/si91x/siwx917_soc_ncp_host.o
                0x0820d75c                sl_si91x_host_hold_in_reset
 .text.sl_si91x_host_release_from_reset
                0x0820d75e        0x2 ./wiseconnect3_sdk_3.1.3/components/device/silabs/si91x/wireless/host_mcu/si91x/siwx917_soc_ncp_host.o
                0x0820d75e                sl_si91x_host_release_from_reset
 .text.sl_si91x_host_enable_bus_interrupt
                0x0820d760        0x2 ./wiseconnect3_sdk_3.1.3/components/device/silabs/si91x/wireless/host_mcu/si91x/siwx917_soc_ncp_host.o
                0x0820d760                sl_si91x_host_enable_bus_interrupt
 *fill*         0x0820d762        0x2 
 .text.sl_si91x_host_is_in_irq_context
                0x0820d764       0x14 ./wiseconnect3_sdk_3.1.3/components/device/silabs/si91x/wireless/host_mcu/si91x/siwx917_soc_ncp_host.o
                0x0820d764                sl_si91x_host_is_in_irq_context
 .text.convert_si91x_dns_response
                0x0820d778       0x48 ./wiseconnect3_sdk_3.1.3/components/device/silabs/si91x/wireless/sl_net/src/sl_net_rsi_utility.o
                0x0820d778                convert_si91x_dns_response
 .text.convert_si91x_event_to_sl_net_event
                0x0820d7c0       0x34 ./wiseconnect3_sdk_3.1.3/components/device/silabs/si91x/wireless/sl_net/src/sl_net_rsi_utility.o
                0x0820d7c0                convert_si91x_event_to_sl_net_event
 .text.convert_itoa
                0x0820d7f4       0x70 ./wiseconnect3_sdk_3.1.3/components/device/silabs/si91x/wireless/sl_net/src/sl_net_rsi_utility.o
                0x0820d7f4                convert_itoa
 .text.convert_si91x_event_to_sl_http_client_event
                0x0820d864       0x38 ./wiseconnect3_sdk_3.1.3/components/device/silabs/si91x/wireless/sl_net/src/sl_net_rsi_utility.o
                0x0820d864                convert_si91x_event_to_sl_http_client_event
 .text.si91x_node_free_function
                0x0820d89c        0xa ./wiseconnect3_sdk_3.1.3/components/device/silabs/si91x/wireless/sl_net/src/sl_net_si91x_integration_handler.o
 .text.convert_and_save_firmware_status
                0x0820d8a6       0x1a ./wiseconnect3_sdk_3.1.3/components/device/silabs/si91x/wireless/sl_net/src/sl_net_si91x_integration_handler.o
 .text.sl_net_si91x_event_dispatch_handler
                0x0820d8c0       0xdc ./wiseconnect3_sdk_3.1.3/components/device/silabs/si91x/wireless/sl_net/src/sl_net_si91x_integration_handler.o
                0x0820d8c0                sl_net_si91x_event_dispatch_handler
 .text.convert_to_si91x_cert_type
                0x0820d99c       0x92 ./wiseconnect3_sdk_3.1.3/components/device/silabs/si91x/wireless/sl_net/src/sl_si91x_net_credentials.o
 .text.get_certificate_index
                0x0820da2e       0x16 ./wiseconnect3_sdk_3.1.3/components/device/silabs/si91x/wireless/sl_net/src/sl_si91x_net_credentials.o
 .text.sl_si91x_set_credential
                0x0820da44       0x30 ./wiseconnect3_sdk_3.1.3/components/device/silabs/si91x/wireless/sl_net/src/sl_si91x_net_credentials.o
                0x0820da44                sl_si91x_set_credential
 .text.sl_si91x_host_get_credentials
                0x0820da74       0x52 ./wiseconnect3_sdk_3.1.3/components/device/silabs/si91x/wireless/sl_net/src/sl_si91x_net_credentials.o
                0x0820da74                sl_si91x_host_get_credentials
 *fill*         0x0820dac6        0x2 
 .text.sl_si91x_configure_ip_address
                0x0820dac8      0x1c4 ./wiseconnect3_sdk_3.1.3/components/device/silabs/si91x/wireless/sl_net/src/sl_si91x_net_internal_stack.o
                0x0820dac8                sl_si91x_configure_ip_address
 .text.get_socket_id_from_socket_command
                0x0820dc8c       0x1e ./wiseconnect3_sdk_3.1.3/components/device/silabs/si91x/wireless/socket/src/sl_si91x_socket_utility.o
 .text.si91x_socket_node_free_function
                0x0820dcaa        0xa ./wiseconnect3_sdk_3.1.3/components/device/silabs/si91x/wireless/socket/src/sl_si91x_socket_utility.o
 .text.si91x_socket_identification_function
                0x0820dcb4       0xa4 ./wiseconnect3_sdk_3.1.3/components/device/silabs/si91x/wireless/socket/src/sl_si91x_socket_utility.o
 .text.reset_socket_state
                0x0820dd58       0x18 ./wiseconnect3_sdk_3.1.3/components/device/silabs/si91x/wireless/socket/src/sl_si91x_socket_utility.o
                0x0820dd58                reset_socket_state
 .text.sl_si91x_vap_shutdown
                0x0820dd70       0x40 ./wiseconnect3_sdk_3.1.3/components/device/silabs/si91x/wireless/socket/src/sl_si91x_socket_utility.o
                0x0820dd70                sl_si91x_vap_shutdown
 .text.get_si91x_socket
                0x0820ddb0       0x28 ./wiseconnect3_sdk_3.1.3/components/device/silabs/si91x/wireless/socket/src/sl_si91x_socket_utility.o
                0x0820ddb0                get_si91x_socket
 .text.handle_accept_response
                0x0820ddd8       0x5a ./wiseconnect3_sdk_3.1.3/components/device/silabs/si91x/wireless/socket/src/sl_si91x_socket_utility.o
                0x0820ddd8                handle_accept_response
 .text.handle_select_response
                0x0820de32       0xc6 ./wiseconnect3_sdk_3.1.3/components/device/silabs/si91x/wireless/socket/src/sl_si91x_socket_utility.o
                0x0820de32                handle_select_response
 .text.si91x_socket_event_handler
                0x0820def8      0x188 ./wiseconnect3_sdk_3.1.3/components/device/silabs/si91x/wireless/socket/src/sl_si91x_socket_utility.o
                0x0820def8                si91x_socket_event_handler
 .text.convert_and_save_firmware_status
                0x0820e080       0x1a ./wiseconnect3_sdk_3.1.3/components/device/silabs/si91x/wireless/src/sl_si91x_callback_framework.o
 *fill*         0x0820e09a        0x2 
 .text.sl_si91x_register_event_handler
                0x0820e09c        0xc ./wiseconnect3_sdk_3.1.3/components/device/silabs/si91x/wireless/src/sl_si91x_callback_framework.o
                0x0820e09c                sl_si91x_register_event_handler
 .text.sl_si91x_default_handler
                0x0820e0a8       0x70 ./wiseconnect3_sdk_3.1.3/components/device/silabs/si91x/wireless/src/sl_si91x_callback_framework.o
                0x0820e0a8                sl_si91x_default_handler
 .text.get_http_client_callback_entry